Archive member included to satisfy reference by file (symbol)

c:/qp/qtools/gnu_arm-none-eabi/bin/../lib/gcc/arm-none-eabi/10.3.1/../../../../arm-none-eabi/lib/thumb/v7e-m+dp/softfp\libc_nano.a(lib_a-exit.o)
                              c:/qp/qtools/gnu_arm-none-eabi/bin/../lib/gcc/arm-none-eabi/10.3.1/../../../../arm-none-eabi/lib/thumb/v7e-m+dp/softfp/crt0.o (exit)
c:/qp/qtools/gnu_arm-none-eabi/bin/../lib/gcc/arm-none-eabi/10.3.1/../../../../arm-none-eabi/lib/thumb/v7e-m+dp/softfp\libc_nano.a(lib_a-impure.o)
                              c:/qp/qtools/gnu_arm-none-eabi/bin/../lib/gcc/arm-none-eabi/10.3.1/../../../../arm-none-eabi/lib/thumb/v7e-m+dp/softfp\libc_nano.a(lib_a-exit.o) (_global_impure_ptr)
c:/qp/qtools/gnu_arm-none-eabi/bin/../lib/gcc/arm-none-eabi/10.3.1/../../../../arm-none-eabi/lib/thumb/v7e-m+dp/softfp\libc_nano.a(lib_a-init.o)
                              c:/qp/qtools/gnu_arm-none-eabi/bin/../lib/gcc/arm-none-eabi/10.3.1/../../../../arm-none-eabi/lib/thumb/v7e-m+dp/softfp/crt0.o (__libc_init_array)
c:/qp/qtools/gnu_arm-none-eabi/bin/../lib/gcc/arm-none-eabi/10.3.1/../../../../arm-none-eabi/lib/thumb/v7e-m+dp/softfp\libc_nano.a(lib_a-memset.o)
                              c:/qp/qtools/gnu_arm-none-eabi/bin/../lib/gcc/arm-none-eabi/10.3.1/../../../../arm-none-eabi/lib/thumb/v7e-m+dp/softfp/crt0.o (memset)
c:/qp/qtools/gnu_arm-none-eabi/bin/../lib/gcc/arm-none-eabi/10.3.1/../../../../arm-none-eabi/lib/thumb/v7e-m+dp/softfp\libnosys.a(_exit.o)
                              c:/qp/qtools/gnu_arm-none-eabi/bin/../lib/gcc/arm-none-eabi/10.3.1/../../../../arm-none-eabi/lib/thumb/v7e-m+dp/softfp\libc_nano.a(lib_a-exit.o) (_exit)

Discarded input sections

 .text          0x00000000        0x0 c:/qp/qtools/gnu_arm-none-eabi/bin/../lib/gcc/arm-none-eabi/10.3.1/thumb/v7e-m+dp/softfp/crti.o
 .data          0x00000000        0x0 c:/qp/qtools/gnu_arm-none-eabi/bin/../lib/gcc/arm-none-eabi/10.3.1/thumb/v7e-m+dp/softfp/crti.o
 .bss           0x00000000        0x0 c:/qp/qtools/gnu_arm-none-eabi/bin/../lib/gcc/arm-none-eabi/10.3.1/thumb/v7e-m+dp/softfp/crti.o
 .data          0x00000000        0x4 c:/qp/qtools/gnu_arm-none-eabi/bin/../lib/gcc/arm-none-eabi/10.3.1/thumb/v7e-m+dp/softfp/crtbegin.o
 .rodata        0x00000000       0x24 c:/qp/qtools/gnu_arm-none-eabi/bin/../lib/gcc/arm-none-eabi/10.3.1/thumb/v7e-m+dp/softfp/crtbegin.o
 .text          0x00000000       0x7c c:/qp/qtools/gnu_arm-none-eabi/bin/../lib/gcc/arm-none-eabi/10.3.1/../../../../arm-none-eabi/lib/thumb/v7e-m+dp/softfp/crt0.o
 .data          0x00000000        0x0 c:/qp/qtools/gnu_arm-none-eabi/bin/../lib/gcc/arm-none-eabi/10.3.1/../../../../arm-none-eabi/lib/thumb/v7e-m+dp/softfp/crt0.o
 .bss           0x00000000        0x0 c:/qp/qtools/gnu_arm-none-eabi/bin/../lib/gcc/arm-none-eabi/10.3.1/../../../../arm-none-eabi/lib/thumb/v7e-m+dp/softfp/crt0.o
 .ARM.extab     0x00000000        0x0 c:/qp/qtools/gnu_arm-none-eabi/bin/../lib/gcc/arm-none-eabi/10.3.1/../../../../arm-none-eabi/lib/thumb/v7e-m+dp/softfp/crt0.o
 .ARM.exidx     0x00000000       0x10 c:/qp/qtools/gnu_arm-none-eabi/bin/../lib/gcc/arm-none-eabi/10.3.1/../../../../arm-none-eabi/lib/thumb/v7e-m+dp/softfp/crt0.o
 .ARM.attributes
                0x00000000       0x1c c:/qp/qtools/gnu_arm-none-eabi/bin/../lib/gcc/arm-none-eabi/10.3.1/../../../../arm-none-eabi/lib/thumb/v7e-m+dp/softfp/crt0.o
 .data          0x00000000        0x0 D:/code/tm4c123gxl/qpc-ucos2-tm4c123gxl/myProject/release/os_cpu_a.o
 .bss           0x00000000        0x0 D:/code/tm4c123gxl/qpc-ucos2-tm4c123gxl/myProject/release/os_cpu_a.o
 .text          0x00000000        0x0 D:/code/tm4c123gxl/qpc-ucos2-tm4c123gxl/myProject/release/bsp.o
 .data          0x00000000        0x0 D:/code/tm4c123gxl/qpc-ucos2-tm4c123gxl/myProject/release/bsp.o
 .bss           0x00000000        0x0 D:/code/tm4c123gxl/qpc-ucos2-tm4c123gxl/myProject/release/bsp.o
 .text.BSP_randomSeed
                0x00000000        0xc D:/code/tm4c123gxl/qpc-ucos2-tm4c123gxl/myProject/release/bsp.o
 .text.BSP_ledOn
                0x00000000        0xc D:/code/tm4c123gxl/qpc-ucos2-tm4c123gxl/myProject/release/bsp.o
 .text.BSP_ledOff
                0x00000000        0xc D:/code/tm4c123gxl/qpc-ucos2-tm4c123gxl/myProject/release/bsp.o
 .text.BSP_terminate
                0x00000000        0x2 D:/code/tm4c123gxl/qpc-ucos2-tm4c123gxl/myProject/release/bsp.o
 .text.QF_onCleanup
                0x00000000        0x2 D:/code/tm4c123gxl/qpc-ucos2-tm4c123gxl/myProject/release/bsp.o
 .text          0x00000000        0x0 D:/code/tm4c123gxl/qpc-ucos2-tm4c123gxl/myProject/release/main.o
 .data          0x00000000        0x0 D:/code/tm4c123gxl/qpc-ucos2-tm4c123gxl/myProject/release/main.o
 .bss           0x00000000        0x0 D:/code/tm4c123gxl/qpc-ucos2-tm4c123gxl/myProject/release/main.o
 .text          0x00000000        0x0 D:/code/tm4c123gxl/qpc-ucos2-tm4c123gxl/myProject/release/philo.o
[...]
Memory Configuration

Name             Origin             Length             Attributes
ROM              0x00000000         0x00040000         xr
RAM              0x20000000         0x00008000         xrw
*default*        0x00000000         0xffffffff

Linker script and memory map

LOAD c:/qp/qtools/gnu_arm-none-eabi/bin/../lib/gcc/arm-none-eabi/10.3.1/thumb/v7e-m+dp/softfp/crti.o
LOAD c:/qp/qtools/gnu_arm-none-eabi/bin/../lib/gcc/arm-none-eabi/10.3.1/thumb/v7e-m+dp/softfp/crtbegin.o
LOAD c:/qp/qtools/gnu_arm-none-eabi/bin/../lib/gcc/arm-none-eabi/10.3.1/../../../../arm-none-eabi/lib/thumb/v7e-m+dp/softfp/crt0.o
LOAD D:/code/tm4c123gxl/qpc-ucos2-tm4c123gxl/myProject/release/os_cpu_a.o
LOAD D:/code/tm4c123gxl/qpc-ucos2-tm4c123gxl/myProject/release/bsp.o
LOAD D:/code/tm4c123gxl/qpc-ucos2-tm4c123gxl/myProject/release/main.o
LOAD D:/code/tm4c123gxl/qpc-ucos2-tm4c123gxl/myProject/release/philo.o
LOAD D:/code/tm4c123gxl/qpc-ucos2-tm4c123gxl/myProject/release/table.o
LOAD D:/code/tm4c123gxl/qpc-ucos2-tm4c123gxl/myProject/release/system_TM4C123GH6PM.o
LOAD D:/code/tm4c123gxl/qpc-ucos2-tm4c123gxl/myProject/release/startup_TM4C123GH6PM.o
LOAD D:/code/tm4c123gxl/qpc-ucos2-tm4c123gxl/myProject/release/qep_hsm.o
LOAD D:/code/tm4c123gxl/qpc-ucos2-tm4c123gxl/myProject/release/qep_msm.o
LOAD D:/code/tm4c123gxl/qpc-ucos2-tm4c123gxl/myProject/release/qf_act.o
LOAD D:/code/tm4c123gxl/qpc-ucos2-tm4c123gxl/myProject/release/qf_defer.o
LOAD D:/code/tm4c123gxl/qpc-ucos2-tm4c123gxl/myProject/release/qf_dyn.o
LOAD D:/code/tm4c123gxl/qpc-ucos2-tm4c123gxl/myProject/release/qf_mem.o
LOAD D:/code/tm4c123gxl/qpc-ucos2-tm4c123gxl/myProject/release/qf_ps.o
LOAD D:/code/tm4c123gxl/qpc-ucos2-tm4c123gxl/myProject/release/qf_qact.o
LOAD D:/code/tm4c123gxl/qpc-ucos2-tm4c123gxl/myProject/release/qf_qeq.o
LOAD D:/code/tm4c123gxl/qpc-ucos2-tm4c123gxl/myProject/release/qf_qmact.o
LOAD D:/code/tm4c123gxl/qpc-ucos2-tm4c123gxl/myProject/release/qf_time.o
LOAD D:/code/tm4c123gxl/qpc-ucos2-tm4c123gxl/myProject/release/qf_port.o
LOAD D:/code/tm4c123gxl/qpc-ucos2-tm4c123gxl/myProject/release/os_core.o
LOAD D:/code/tm4c123gxl/qpc-ucos2-tm4c123gxl/myProject/release/os_flag.o
LOAD D:/code/tm4c123gxl/qpc-ucos2-tm4c123gxl/myProject/release/os_mbox.o
LOAD D:/code/tm4c123gxl/qpc-ucos2-tm4c123gxl/myProject/release/os_mem.o
LOAD D:/code/tm4c123gxl/qpc-ucos2-tm4c123gxl/myProject/release/os_mutex.o
LOAD D:/code/tm4c123gxl/qpc-ucos2-tm4c123gxl/myProject/release/os_q.o
LOAD D:/code/tm4c123gxl/qpc-ucos2-tm4c123gxl/myProject/release/os_sem.o
LOAD D:/code/tm4c123gxl/qpc-ucos2-tm4c123gxl/myProject/release/os_task.o
LOAD D:/code/tm4c123gxl/qpc-ucos2-tm4c123gxl/myProject/release/os_time.o
LOAD D:/code/tm4c123gxl/qpc-ucos2-tm4c123gxl/myProject/release/os_tmr.o
LOAD D:/code/tm4c123gxl/qpc-ucos2-tm4c123gxl/myProject/release/os_dbg.o
LOAD D:/code/tm4c123gxl/qpc-ucos2-tm4c123gxl/myProject/release/os_cpu_c.o
LOAD D:/code/tm4c123gxl/qpc-ucos2-tm4c123gxl/myProject/release/qstamp.o
START GROUP
LOAD c:/qp/qtools/gnu_arm-none-eabi/bin/../lib/gcc/arm-none-eabi/10.3.1/thumb/v7e-m+dp/softfp\libgcc.a
LOAD c:/qp/qtools/gnu_arm-none-eabi/bin/../lib/gcc/arm-none-eabi/10.3.1/../../../../arm-none-eabi/lib/thumb/v7e-m+dp/softfp\libc_nano.a
END GROUP
START GROUP
LOAD c:/qp/qtools/gnu_arm-none-eabi/bin/../lib/gcc/arm-none-eabi/10.3.1/thumb/v7e-m+dp/softfp\libgcc.a
LOAD c:/qp/qtools/gnu_arm-none-eabi/bin/../lib/gcc/arm-none-eabi/10.3.1/../../../../arm-none-eabi/lib/thumb/v7e-m+dp/softfp\libc_nano.a
LOAD c:/qp/qtools/gnu_arm-none-eabi/bin/../lib/gcc/arm-none-eabi/10.3.1/../../../../arm-none-eabi/lib/thumb/v7e-m+dp/softfp\libnosys.a
END GROUP
START GROUP
LOAD c:/qp/qtools/gnu_arm-none-eabi/bin/../lib/gcc/arm-none-eabi/10.3.1/thumb/v7e-m+dp/softfp\libgcc.a
LOAD c:/qp/qtools/gnu_arm-none-eabi/bin/../lib/gcc/arm-none-eabi/10.3.1/../../../../arm-none-eabi/lib/thumb/v7e-m+dp/softfp\libc_nano.a
LOAD c:/qp/qtools/gnu_arm-none-eabi/bin/../lib/gcc/arm-none-eabi/10.3.1/../../../../arm-none-eabi/lib/thumb/v7e-m+dp/softfp\libnosys.a
END GROUP
LOAD c:/qp/qtools/gnu_arm-none-eabi/bin/../lib/gcc/arm-none-eabi/10.3.1/thumb/v7e-m+dp/softfp/crtend.o
LOAD c:/qp/qtools/gnu_arm-none-eabi/bin/../lib/gcc/arm-none-eabi/10.3.1/thumb/v7e-m+dp/softfp/crtn.o
                0x00000800                STACK_SIZE = 0x800
                0x00000000                HEAP_SIZE = 0x0

.isr_vector     0x00000000      0x36c
 *(.isr_vector)
 .isr_vector    0x00000000      0x36c D:/code/tm4c123gxl/qpc-ucos2-tm4c123gxl/myProject/release/startup_TM4C123GH6PM.o
                0x00000000                g_pfnVectors
                0x0000036c                . = ALIGN (0x4)

.eh_frame       0x0000036c        0x0
 .eh_frame      0x0000036c        0x0 c:/qp/qtools/gnu_arm-none-eabi/bin/../lib/gcc/arm-none-eabi/10.3.1/thumb/v7e-m+dp/softfp/crtbegin.o

.text           0x0000036c     0x35b0
                0x0000036c                . = ALIGN (0x4)
 *(.text)
 .text          0x0000036c       0x40 c:/qp/qtools/gnu_arm-none-eabi/bin/../lib/gcc/arm-none-eabi/10.3.1/thumb/v7e-m+dp/softfp/crtbegin.o
 .text          0x000003ac      0x154 D:/code/tm4c123gxl/qpc-ucos2-tm4c123gxl/myProject/release/os_cpu_a.o
                0x000003ac                OS_CPU_FP_Reg_Push
                0x000003be                OS_CPU_FP_Reg_Pop
                0x000003ca                OS_CPU_SR_Save
                0x000003e6                OS_CPU_SR_Restore
                0x000003f8                OSStartHighRdy
                0x00000478                OSIntCtxSw
                0x00000478                OSCtxSw
                0x00000482                PendSV_Handler
 *(.text*)
 .text.Q_onError
                0x00000500       0x24 D:/code/tm4c123gxl/qpc-ucos2-tm4c123gxl/myProject/release/bsp.o
                0x00000500                Q_onError
 .text.assert_failed
                0x00000524        0x6 D:/code/tm4c123gxl/qpc-ucos2-tm4c123gxl/myProject/release/bsp.o
                0x00000524                assert_failed
 *fill*         0x0000052a        0x2 
 .text.App_TimeTickHook
                0x0000052c       0x54 D:/code/tm4c123gxl/qpc-ucos2-tm4c123gxl/myProject/release/bsp.o
                0x0000052c                App_TimeTickHook
 .text.App_TaskCreateHook
                0x00000580        0x2 D:/code/tm4c123gxl/qpc-ucos2-tm4c123gxl/myProject/release/bsp.o
                0x00000580                App_TaskCreateHook
 .text.App_TaskDelHook
                0x00000582        0x2 D:/code/tm4c123gxl/qpc-ucos2-tm4c123gxl/myProject/release/bsp.o
                0x00000582                App_TaskDelHook
 .text.App_TaskIdleHook
                0x00000584       0x3c D:/code/tm4c123gxl/qpc-ucos2-tm4c123gxl/myProject/release/bsp.o
                0x00000584                App_TaskIdleHook
 .text.App_TaskReturnHook
                0x000005c0        0x2 D:/code/tm4c123gxl/qpc-ucos2-tm4c123gxl/myProject/release/bsp.o
                0x000005c0                App_TaskReturnHook
 .text.App_TaskStatHook
                0x000005c2        0x2 D:/code/tm4c123gxl/qpc-ucos2-tm4c123gxl/myProject/release/bsp.o
                0x000005c2                App_TaskStatHook
 .text.App_TaskSwHook
                0x000005c4        0x2 D:/code/tm4c123gxl/qpc-ucos2-tm4c123gxl/myProject/release/bsp.o
                0x000005c4                App_TaskSwHook
 .text.App_TCBInitHook
                0x000005c6        0x2 D:/code/tm4c123gxl/qpc-ucos2-tm4c123gxl/myProject/release/bsp.o
                0x000005c6                App_TCBInitHook
 .text.BSP_init
                0x000005c8       0xbc D:/code/tm4c123gxl/qpc-ucos2-tm4c123gxl/myProject/release/bsp.o
                0x000005c8                BSP_init
 .text.BSP_start
                0x00000684       0xa8 D:/code/tm4c123gxl/qpc-ucos2-tm4c123gxl/myProject/release/bsp.o
                0x00000684                BSP_start
 .text.BSP_displayPhilStat
                0x0000072c       0x14 D:/code/tm4c123gxl/qpc-ucos2-tm4c123gxl/myProject/release/bsp.o
                0x0000072c                BSP_displayPhilStat
 .text.BSP_displayPaused
                0x00000740       0x14 D:/code/tm4c123gxl/qpc-ucos2-tm4c123gxl/myProject/release/bsp.o
                0x00000740                BSP_displayPaused
 .text.BSP_random
                0x00000754       0x44 D:/code/tm4c123gxl/qpc-ucos2-tm4c123gxl/myProject/release/bsp.o
                0x00000754                BSP_random
 .text.QF_onStartup
                0x00000798       0x6c D:/code/tm4c123gxl/qpc-ucos2-tm4c123gxl/myProject/release/bsp.o
                0x00000798                QF_onStartup
 .text.main     0x00000804       0x14 D:/code/tm4c123gxl/qpc-ucos2-tm4c123gxl/myProject/release/main.o
                0x00000804                main
 .text.Philo_initial
                0x00000818       0x20 D:/code/tm4c123gxl/qpc-ucos2-tm4c123gxl/myProject/release/philo.o
 .text.Philo_hungry
                0x00000838       0x88 D:/code/tm4c123gxl/qpc-ucos2-tm4c123gxl/myProject/release/philo.o
 .text.Philo_eating
                0x000008c0       0xa4 D:/code/tm4c123gxl/qpc-ucos2-tm4c123gxl/myProject/release/philo.o
 .text.Philo_thinking
                0x00000964       0x90 D:/code/tm4c123gxl/qpc-ucos2-tm4c123gxl/myProject/release/philo.o
 .text.Philo_ctor
                0x000009f4       0x34 D:/code/tm4c123gxl/qpc-ucos2-tm4c123gxl/myProject/release/philo.o
                0x000009f4                Philo_ctor
 .text.Table_initial
                0x00000a28       0x58 D:/code/tm4c123gxl/qpc-ucos2-tm4c123gxl/myProject/release/table.o
 .text.Table_active
                0x00000a80       0x30 D:/code/tm4c123gxl/qpc-ucos2-tm4c123gxl/myProject/release/table.o
 .text.Table_serving
                0x00000ab0      0x280 D:/code/tm4c123gxl/qpc-ucos2-tm4c123gxl/myProject/release/table.o
 .text.Table_paused
                0x00000d30       0xfc D:/code/tm4c123gxl/qpc-ucos2-tm4c123gxl/myProject/release/table.o
 .text.Table_ctor
                0x00000e2c       0x38 D:/code/tm4c123gxl/qpc-ucos2-tm4c123gxl/myProject/release/table.o
                0x00000e2c                Table_ctor
 .text.getOscClk
                0x00000e64       0xe4 D:/code/tm4c123gxl/qpc-ucos2-tm4c123gxl/myProject/release/system_TM4C123GH6PM.o
 .text.SystemCoreClockUpdate
                0x00000f48       0xac D:/code/tm4c123gxl/qpc-ucos2-tm4c123gxl/myProject/release/system_TM4C123GH6PM.o
                0x00000f48                SystemCoreClockUpdate
 .text.SystemInit
                0x00000ff4       0xc8 D:/code/tm4c123gxl/qpc-ucos2-tm4c123gxl/myProject/release/system_TM4C123GH6PM.o
                0x00000ff4                SystemInit
 .text.Reset_Handler
                0x000010bc       0x98 D:/code/tm4c123gxl/qpc-ucos2-tm4c123gxl/myProject/release/startup_TM4C123GH6PM.o
                0x000010bc                Reset_Handler
 .text.NMI_Handler
                0x00001154       0x18 D:/code/tm4c123gxl/qpc-ucos2-tm4c123gxl/myProject/release/startup_TM4C123GH6PM.o
                0x00001154                NMI_Handler
 .text.HardFault_Handler
                0x0000116c       0x18 D:/code/tm4c123gxl/qpc-ucos2-tm4c123gxl/myProject/release/startup_TM4C123GH6PM.o
                0x0000116c                HardFault_Handler
 .text.MemManage_Handler
                0x00001184       0x18 D:/code/tm4c123gxl/qpc-ucos2-tm4c123gxl/myProject/release/startup_TM4C123GH6PM.o
                0x00001184                MemManage_Handler
 .text.BusFault_Handler
                0x0000119c       0x18 D:/code/tm4c123gxl/qpc-ucos2-tm4c123gxl/myProject/release/startup_TM4C123GH6PM.o
                0x0000119c                BusFault_Handler
 .text.UsageFault_Handler
                0x000011b4       0x18 D:/code/tm4c123gxl/qpc-ucos2-tm4c123gxl/myProject/release/startup_TM4C123GH6PM.o
                0x000011b4                UsageFault_Handler
 .text.Default_Handler
                0x000011cc       0x18 D:/code/tm4c123gxl/qpc-ucos2-tm4c123gxl/myProject/release/startup_TM4C123GH6PM.o
                0x000011cc                uDMAST_IRQHandler
                0x000011cc                GPIOPortP4_IRQHandler
                0x000011cc                PWM1Gen3_IRQHandler
                0x000011cc                WideTimer5B_IRQHandler
                0x000011cc                DebugMon_Handler
                0x000011cc                QEI2_IRQHandler
                0x000011cc                FlashCtrl_IRQHandler
                0x000011cc                GPIOPortP7_IRQHandler
                0x000011cc                Timer0B_IRQHandler
                0x000011cc                I2C0_IRQHandler
                0x000011cc                WideTimer4B_IRQHandler
                0x000011cc                I2C1_IRQHandler
                0x000011cc                GPIOPortP5_IRQHandler
                0x000011cc                PWMGen0_IRQHandler
                0x000011cc                UART1_IRQHandler
                0x000011cc                CAN1_IRQHandler
                0x000011cc                Timer1B_IRQHandler
                0x000011cc                Watchdog_IRQHandler
                0x000011cc                GPIOPortS_IRQHandler
                0x000011cc                GPIOPortQ7_IRQHandler
                0x000011cc                PWM1Gen2_IRQHandler
                0x000011cc                UART0_IRQHandler
                0x000011cc                GPIOPortL_IRQHandler
                0x000011cc                SSI0_IRQHandler
                0x000011cc                GPIOPortM_IRQHandler
                0x000011cc                FPU_IRQHandler
                0x000011cc                ADCSeq1_IRQHandler
                0x000011cc                GPIOPortP0_IRQHandler
                0x000011cc                WideTimer0B_IRQHandler
                0x000011cc                PWMFault_IRQHandler
                0x000011cc                WideTimer1A_IRQHandler
                0x000011cc                I2C4_IRQHandler
                0x000011cc                I2C5_IRQHandler
                0x000011cc                GPIOPortQ5_IRQHandler
                0x000011cc                PWMGen1_IRQHandler
                0x000011cc                SSI1_IRQHandler
                0x000011cc                I2C2_IRQHandler
                0x000011cc                GPIOPortC_IRQHandler
                0x000011cc                UART5_IRQHandler
                0x000011cc                GPIOPortK_IRQHandler
                0x000011cc                ADCSeq2_IRQHandler
                0x000011cc                PWMGen2_IRQHandler
                0x000011cc                UART2_IRQHandler
                0x000011cc                GPIOPortP3_IRQHandler
                0x000011cc                ADC1Seq0_IRQHandler
                0x000011cc                UART4_IRQHandler
                0x000011cc                GPIOPortJ_IRQHandler
                0x000011cc                Default_Handler
                0x000011cc                WideTimer0A_IRQHandler
                0x000011cc                Timer5A_IRQHandler
                0x000011cc                WideTimer3B_IRQHandler
                0x000011cc                WideTimer2B_IRQHandler
                0x000011cc                WideTimer5A_IRQHandler
                0x000011cc                Timer4A_IRQHandler
                0x000011cc                QEI1_IRQHandler
                0x000011cc                PWM1Fault_IRQHandler
                0x000011cc                GPIOPortP6_IRQHandler
                0x000011cc                QEI0_IRQHandler
                0x000011cc                ADC1Seq2_IRQHandler
                0x000011cc                ADC1Seq1_IRQHandler
                0x000011cc                PWMGen3_IRQHandler
                0x000011cc                GPIOPortD_IRQHandler
                0x000011cc                USB0_IRQHandler
                0x000011cc                I2C3_IRQHandler
                0x000011cc                SVC_Handler
                0x000011cc                GPIOPortP2_IRQHandler
                0x000011cc                GPIOPortQ4_IRQHandler
                0x000011cc                Timer3B_IRQHandler
                0x000011cc                Timer3A_IRQHandler
                0x000011cc                GPIOPortA_IRQHandler
                0x000011cc                ADC1Seq3_IRQHandler
                0x000011cc                Timer0A_IRQHandler
                0x000011cc                GPIOPortP1_IRQHandler
                0x000011cc                ADCSeq0_IRQHandler
                0x000011cc                Timer1A_IRQHandler
                0x000011cc                GPIOPortG_IRQHandler
                0x000011cc                GPIOPortQ1_IRQHandler
                0x000011cc                GPIOPortQ3_IRQHandler
                0x000011cc                Timer5B_IRQHandler
                0x000011cc                ADCSeq3_IRQHandler
                0x000011cc                WideTimer4A_IRQHandler
                0x000011cc                GPIOPortE_IRQHandler
                0x000011cc                CAN0_IRQHandler
                0x000011cc                GPIOPortQ0_IRQHandler
                0x000011cc                Comp0_IRQHandler
                0x000011cc                Comp1_IRQHandler
                0x000011cc                Comp2_IRQHandler
                0x000011cc                GPIOPortQ6_IRQHandler
                0x000011cc                SSI2_IRQHandler
                0x000011cc                PWM1Gen0_IRQHandler
                0x000011cc                GPIOPortF_IRQHandler
                0x000011cc                UART7_IRQHandler
                0x000011cc                UART6_IRQHandler
                0x000011cc                WideTimer2A_IRQHandler
                0x000011cc                GPIOPortB_IRQHandler
                0x000011cc                WideTimer3A_IRQHandler
                0x000011cc                CAN2_IRQHandler
                0x000011cc                WideTimer1B_IRQHandler
                0x000011cc                GPIOPortH_IRQHandler
                0x000011cc                GPIOPortQ2_IRQHandler
                0x000011cc                GPIOPortR_IRQHandler
                0x000011cc                Timer4B_IRQHandler
                0x000011cc                Timer2A_IRQHandler
                0x000011cc                SSI3_IRQHandler
                0x000011cc                Timer2B_IRQHandler
                0x000011cc                uDMAError_IRQHandler
                0x000011cc                GPIOPortN_IRQHandler
                0x000011cc                UART3_IRQHandler
                0x000011cc                SysCtrl_IRQHandler
                0x000011cc                Hibernate_IRQHandler
                0x000011cc                PWM1Gen1_IRQHandler
 .text.QHsm_top
                0x000011e4        0x4 D:/code/tm4c123gxl/qpc-ucos2-tm4c123gxl/myProject/release/qep_hsm.o
                0x000011e4                QHsm_top
 .text.QHsm_init_
                0x000011e8      0x10c D:/code/tm4c123gxl/qpc-ucos2-tm4c123gxl/myProject/release/qep_hsm.o
                0x000011e8                QHsm_init_
 .text.QHsm_isIn_
                0x000012f4       0x80 D:/code/tm4c123gxl/qpc-ucos2-tm4c123gxl/myProject/release/qep_hsm.o
                0x000012f4                QHsm_isIn_
 .text.QHsm_ctor
                0x00001374       0x14 D:/code/tm4c123gxl/qpc-ucos2-tm4c123gxl/myProject/release/qep_hsm.o
                0x00001374                QHsm_ctor
 .text.QHsm_tran_
                0x00001388      0x174 D:/code/tm4c123gxl/qpc-ucos2-tm4c123gxl/myProject/release/qep_hsm.o
                0x00001388                QHsm_tran_
 .text.QHsm_dispatch_
                0x000014fc      0x1c0 D:/code/tm4c123gxl/qpc-ucos2-tm4c123gxl/myProject/release/qep_hsm.o
                0x000014fc                QHsm_dispatch_
 .text.QF_bzero_
                0x000016bc       0x12 D:/code/tm4c123gxl/qpc-ucos2-tm4c123gxl/myProject/release/qf_act.o
                0x000016bc                QF_bzero_
 *fill*         0x000016ce        0x2 
 .text.QF_LOG2  0x000016d0       0x24 D:/code/tm4c123gxl/qpc-ucos2-tm4c123gxl/myProject/release/qf_act.o
                0x000016d0                QF_LOG2
 .text.QF_poolInit
                0x000016f4       0x68 D:/code/tm4c123gxl/qpc-ucos2-tm4c123gxl/myProject/release/qf_dyn.o
                0x000016f4                QF_poolInit
 .text.QF_newX_
                0x0000175c       0xa0 D:/code/tm4c123gxl/qpc-ucos2-tm4c123gxl/myProject/release/qf_dyn.o
                0x0000175c                QF_newX_
 .text.QF_gc    0x000017fc       0x7c D:/code/tm4c123gxl/qpc-ucos2-tm4c123gxl/myProject/release/qf_dyn.o
                0x000017fc                QF_gc
 .text.QMPool_init
                0x00001878       0xb8 D:/code/tm4c123gxl/qpc-ucos2-tm4c123gxl/myProject/release/qf_mem.o
                0x00001878                QMPool_init
 .text.QMPool_get
                0x00001930       0x90 D:/code/tm4c123gxl/qpc-ucos2-tm4c123gxl/myProject/release/qf_mem.o
                0x00001930                QMPool_get
 .text.QMPool_put
                0x000019c0       0x48 D:/code/tm4c123gxl/qpc-ucos2-tm4c123gxl/myProject/release/qf_mem.o
                0x000019c0                QMPool_put
 .text.QActive_psInit
                0x00001a08       0x2c D:/code/tm4c123gxl/qpc-ucos2-tm4c123gxl/myProject/release/qf_ps.o
                0x00001a08                QActive_psInit
 .text.QActive_publish_
                0x00001a34      0x124 D:/code/tm4c123gxl/qpc-ucos2-tm4c123gxl/myProject/release/qf_ps.o
                0x00001a34                QActive_publish_
 .text.QActive_subscribe
                0x00001b58       0x88 D:/code/tm4c123gxl/qpc-ucos2-tm4c123gxl/myProject/release/qf_ps.o
                0x00001b58                QActive_subscribe
 .text.QActive_ctor
                0x00001be0       0x20 D:/code/tm4c123gxl/qpc-ucos2-tm4c123gxl/myProject/release/qf_qact.o
                0x00001be0                QActive_ctor
 .text.QActive_register_
                0x00001c00       0xbc D:/code/tm4c123gxl/qpc-ucos2-tm4c123gxl/myProject/release/qf_qact.o
                0x00001c00                QActive_register_
 .text.QTimeEvt_ctorX
                0x00001cbc       0x3c D:/code/tm4c123gxl/qpc-ucos2-tm4c123gxl/myProject/release/qf_time.o
                0x00001cbc                QTimeEvt_ctorX
 .text.QTimeEvt_armX
                0x00001cf8       0x64 D:/code/tm4c123gxl/qpc-ucos2-tm4c123gxl/myProject/release/qf_time.o
                0x00001cf8                QTimeEvt_armX
 .text.QTimeEvt_disarm
                0x00001d5c       0x30 D:/code/tm4c123gxl/qpc-ucos2-tm4c123gxl/myProject/release/qf_time.o
                0x00001d5c                QTimeEvt_disarm
 .text.QTimeEvt_tick_
                0x00001d8c       0xd0 D:/code/tm4c123gxl/qpc-ucos2-tm4c123gxl/myProject/release/qf_time.o
                0x00001d8c                QTimeEvt_tick_
 .text.QF_init  0x00001e5c        0x8 D:/code/tm4c123gxl/qpc-ucos2-tm4c123gxl/myProject/release/qf_port.o
                0x00001e5c                QF_init
 .text.QF_run   0x00001e64        0xe D:/code/tm4c123gxl/qpc-ucos2-tm4c123gxl/myProject/release/qf_port.o
                0x00001e64                QF_run
 *fill*         0x00001e72        0x2 
 .text.QActive_start_
                0x00001e74       0x9c D:/code/tm4c123gxl/qpc-ucos2-tm4c123gxl/myProject/release/qf_port.o
                0x00001e74                QActive_start_
 .text.QActive_post_
                0x00001f10       0x78 D:/code/tm4c123gxl/qpc-ucos2-tm4c123gxl/myProject/release/qf_port.o
                0x00001f10                QActive_post_
 .text.QActive_get_
                0x00001f88       0x38 D:/code/tm4c123gxl/qpc-ucos2-tm4c123gxl/myProject/release/qf_port.o
                0x00001f88                QActive_get_
 .text.task_function
                0x00001fc0       0x20 D:/code/tm4c123gxl/qpc-ucos2-tm4c123gxl/myProject/release/qf_port.o
 .text.OS_SchedNew
                0x00001fe0       0x28 D:/code/tm4c123gxl/qpc-ucos2-tm4c123gxl/myProject/release/os_core.o
 .text.OS_TaskIdle
                0x00002008       0x20 D:/code/tm4c123gxl/qpc-ucos2-tm4c123gxl/myProject/release/os_core.o
                0x00002008                OS_TaskIdle
 .text.OSEventNameSet
                0x00002028       0x48 D:/code/tm4c123gxl/qpc-ucos2-tm4c123gxl/myProject/release/os_core.o
                0x00002028                OSEventNameSet
 .text.OSIntEnter
                0x00002070       0x24 D:/code/tm4c123gxl/qpc-ucos2-tm4c123gxl/myProject/release/os_core.o
                0x00002070                OSIntEnter
 .text.OSIntExit
                0x00002094       0x84 D:/code/tm4c123gxl/qpc-ucos2-tm4c123gxl/myProject/release/os_core.o
                0x00002094                OSIntExit
 .text.OSSchedLock
                0x00002118       0x38 D:/code/tm4c123gxl/qpc-ucos2-tm4c123gxl/myProject/release/os_core.o
                0x00002118                OSSchedLock
 .text.OSStart  0x00002150       0x44 D:/code/tm4c123gxl/qpc-ucos2-tm4c123gxl/myProject/release/os_core.o
                0x00002150                OSStart
 .text.OSTimeTick
                0x00002194       0xcc D:/code/tm4c123gxl/qpc-ucos2-tm4c123gxl/myProject/release/os_core.o
                0x00002194                OSTimeTick
 .text.OS_Dummy
                0x00002260        0x2 D:/code/tm4c123gxl/qpc-ucos2-tm4c123gxl/myProject/release/os_core.o
                0x00002260                OS_Dummy
 *fill*         0x00002262        0x2 
 .text.OS_EventTaskWait
                0x00002264       0x54 D:/code/tm4c123gxl/qpc-ucos2-tm4c123gxl/myProject/release/os_core.o
                0x00002264                OS_EventTaskWait
 .text.OS_EventTaskRemove
                0x000022b8       0x26 D:/code/tm4c123gxl/qpc-ucos2-tm4c123gxl/myProject/release/os_core.o
                0x000022b8                OS_EventTaskRemove
 *fill*         0x000022de        0x2 
 .text.OS_EventTaskRdy
                0x000022e0       0x74 D:/code/tm4c123gxl/qpc-ucos2-tm4c123gxl/myProject/release/os_core.o
                0x000022e0                OS_EventTaskRdy
 .text.OS_EventWaitListInit
                0x00002354       0x16 D:/code/tm4c123gxl/qpc-ucos2-tm4c123gxl/myProject/release/os_core.o
                0x00002354                OS_EventWaitListInit
 .text.OS_MemClr
                0x0000236a       0x12 D:/code/tm4c123gxl/qpc-ucos2-tm4c123gxl/myProject/release/os_core.o
                0x0000236a                OS_MemClr
 .text.OSInit   0x0000237c      0x1cc D:/code/tm4c123gxl/qpc-ucos2-tm4c123gxl/myProject/release/os_core.o
                0x0000237c                OSInit
 .text.OS_Sched
                0x00002548       0x68 D:/code/tm4c123gxl/qpc-ucos2-tm4c123gxl/myProject/release/os_core.o
                0x00002548                OS_Sched
 .text.OSSchedUnlock
                0x000025b0       0x50 D:/code/tm4c123gxl/qpc-ucos2-tm4c123gxl/myProject/release/os_core.o
                0x000025b0                OSSchedUnlock
 .text.OS_TaskStatStkChk
                0x00002600       0x40 D:/code/tm4c123gxl/qpc-ucos2-tm4c123gxl/myProject/release/os_core.o
                0x00002600                OS_TaskStatStkChk
 .text.OS_TaskStat
                0x00002640       0xd0 D:/code/tm4c123gxl/qpc-ucos2-tm4c123gxl/myProject/release/os_core.o
                0x00002640                OS_TaskStat
 .text.OS_TCBInit
                0x00002710      0x104 D:/code/tm4c123gxl/qpc-ucos2-tm4c123gxl/myProject/release/os_core.o
                0x00002710                OS_TCBInit
 .text.OS_FlagInit
                0x00002814       0x4c D:/code/tm4c123gxl/qpc-ucos2-tm4c123gxl/myProject/release/os_flag.o
                0x00002814                OS_FlagInit
 .text.OS_FlagUnlink
                0x00002860       0x22 D:/code/tm4c123gxl/qpc-ucos2-tm4c123gxl/myProject/release/os_flag.o
                0x00002860                OS_FlagUnlink
 *fill*         0x00002882        0x2 
 .text.OS_MemInit
                0x00002884       0x48 D:/code/tm4c123gxl/qpc-ucos2-tm4c123gxl/myProject/release/os_mem.o
                0x00002884                OS_MemInit
 .text.OSQCreate
                0x000028cc       0x88 D:/code/tm4c123gxl/qpc-ucos2-tm4c123gxl/myProject/release/os_q.o
                0x000028cc                OSQCreate
 .text.OSQPend  0x00002954       0xf4 D:/code/tm4c123gxl/qpc-ucos2-tm4c123gxl/myProject/release/os_q.o
                0x00002954                OSQPend
 .text.OSQPost  0x00002a48       0x72 D:/code/tm4c123gxl/qpc-ucos2-tm4c123gxl/myProject/release/os_q.o
                0x00002a48                OSQPost
 *fill*         0x00002aba        0x2 
 .text.OS_QInit
                0x00002abc       0x38 D:/code/tm4c123gxl/qpc-ucos2-tm4c123gxl/myProject/release/os_q.o
                0x00002abc                OS_QInit
 .text.OSSemCreate
                0x00002af4       0x4c D:/code/tm4c123gxl/qpc-ucos2-tm4c123gxl/myProject/release/os_sem.o
                0x00002af4                OSSemCreate
 .text.OSSemPend
                0x00002b40       0xd0 D:/code/tm4c123gxl/qpc-ucos2-tm4c123gxl/myProject/release/os_sem.o
                0x00002b40                OSSemPend
 .text.OSSemPost
                0x00002c10       0x58 D:/code/tm4c123gxl/qpc-ucos2-tm4c123gxl/myProject/release/os_sem.o
                0x00002c10                OSSemPost
 .text.OSTaskDel
                0x00002c68      0x158 D:/code/tm4c123gxl/qpc-ucos2-tm4c123gxl/myProject/release/os_task.o
                0x00002c68                OSTaskDel
 .text.OSTaskNameSet
                0x00002dc0       0x78 D:/code/tm4c123gxl/qpc-ucos2-tm4c123gxl/myProject/release/os_task.o
                0x00002dc0                OSTaskNameSet
 .text.OSTaskStkChk
                0x00002e38       0xa0 D:/code/tm4c123gxl/qpc-ucos2-tm4c123gxl/myProject/release/os_task.o
                0x00002e38                OSTaskStkChk
 .text.OSTaskSuspend
                0x00002ed8       0xb0 D:/code/tm4c123gxl/qpc-ucos2-tm4c123gxl/myProject/release/os_task.o
                0x00002ed8                OSTaskSuspend
 .text.OS_TaskReturn
                0x00002f88       0x18 D:/code/tm4c123gxl/qpc-ucos2-tm4c123gxl/myProject/release/os_task.o
                0x00002f88                OS_TaskReturn
 .text.OS_TaskStkClr
                0x00002fa0       0x1a D:/code/tm4c123gxl/qpc-ucos2-tm4c123gxl/myProject/release/os_task.o
                0x00002fa0                OS_TaskStkClr
 *fill*         0x00002fba        0x2 
 .text.OSTaskCreateExt
                0x00002fbc       0xb4 D:/code/tm4c123gxl/qpc-ucos2-tm4c123gxl/myProject/release/os_task.o
                0x00002fbc                OSTaskCreateExt
 .text.OSTimeDly
                0x00003070       0x60 D:/code/tm4c123gxl/qpc-ucos2-tm4c123gxl/myProject/release/os_time.o
                0x00003070                OSTimeDly
 .text.OSTmr_Link
                0x000030d0       0x84 D:/code/tm4c123gxl/qpc-ucos2-tm4c123gxl/myProject/release/os_tmr.o
 .text.OSTmr_Unlink
                0x00003154       0x60 D:/code/tm4c123gxl/qpc-ucos2-tm4c123gxl/myProject/release/os_tmr.o
 .text.OSTmr_Task
                0x000031b4       0x9c D:/code/tm4c123gxl/qpc-ucos2-tm4c123gxl/myProject/release/os_tmr.o
 .text.OSTmrSignal
                0x00003250       0x10 D:/code/tm4c123gxl/qpc-ucos2-tm4c123gxl/myProject/release/os_tmr.o
                0x00003250                OSTmrSignal
 .text.OSTmr_Init
                0x00003260       0xfc D:/code/tm4c123gxl/qpc-ucos2-tm4c123gxl/myProject/release/os_tmr.o
                0x00003260                OSTmr_Init
 .text.OSDebugInit
                0x0000335c        0x2 D:/code/tm4c123gxl/qpc-ucos2-tm4c123gxl/myProject/release/os_dbg.o
                0x0000335c                OSDebugInit
 *fill*         0x0000335e        0x2 
 .text.OSInitHookBegin
                0x00003360       0x50 D:/code/tm4c123gxl/qpc-ucos2-tm4c123gxl/myProject/release/os_cpu_c.o
                0x00003360                OSInitHookBegin
 .text.OSInitHookEnd
                0x000033b0        0x2 D:/code/tm4c123gxl/qpc-ucos2-tm4c123gxl/myProject/release/os_cpu_c.o
                0x000033b0                OSInitHookEnd
 .text.OSTaskCreateHook
                0x000033b2        0x8 D:/code/tm4c123gxl/qpc-ucos2-tm4c123gxl/myProject/release/os_cpu_c.o
                0x000033b2                OSTaskCreateHook
 .text.OSTaskDelHook
                0x000033ba        0x8 D:/code/tm4c123gxl/qpc-ucos2-tm4c123gxl/myProject/release/os_cpu_c.o
                0x000033ba                OSTaskDelHook
 .text.OSTaskIdleHook
                0x000033c2        0x8 D:/code/tm4c123gxl/qpc-ucos2-tm4c123gxl/myProject/release/os_cpu_c.o
                0x000033c2                OSTaskIdleHook
 .text.OSTaskReturnHook
                0x000033ca        0x8 D:/code/tm4c123gxl/qpc-ucos2-tm4c123gxl/myProject/release/os_cpu_c.o
                0x000033ca                OSTaskReturnHook
 .text.OSTaskStatHook
                0x000033d2        0x8 D:/code/tm4c123gxl/qpc-ucos2-tm4c123gxl/myProject/release/os_cpu_c.o
                0x000033d2                OSTaskStatHook
 *fill*         0x000033da        0x2 
 .text.OSTaskStkInit
                0x000033dc      0x198 D:/code/tm4c123gxl/qpc-ucos2-tm4c123gxl/myProject/release/os_cpu_c.o
                0x000033dc                OSTaskStkInit
 .text.OSTaskSwHook
                0x00003574       0x24 D:/code/tm4c123gxl/qpc-ucos2-tm4c123gxl/myProject/release/os_cpu_c.o
                0x00003574                OSTaskSwHook
 .text.OSTCBInitHook
                0x00003598        0x8 D:/code/tm4c123gxl/qpc-ucos2-tm4c123gxl/myProject/release/os_cpu_c.o
                0x00003598                OSTCBInitHook
 .text.OSTimeTickHook
                0x000035a0       0x28 D:/code/tm4c123gxl/qpc-ucos2-tm4c123gxl/myProject/release/os_cpu_c.o
                0x000035a0                OSTimeTickHook
 .text.SysTick_Handler
                0x000035c8       0x1e D:/code/tm4c123gxl/qpc-ucos2-tm4c123gxl/myProject/release/os_cpu_c.o
                0x000035c8                SysTick_Handler
 *fill*         0x000035e6        0x2 
 .text.__libc_init_array
                0x000035e8       0x48 c:/qp/qtools/gnu_arm-none-eabi/bin/../lib/gcc/arm-none-eabi/10.3.1/../../../../arm-none-eabi/lib/thumb/v7e-m+dp/softfp\libc_nano.a(lib_a-init.o)
                0x000035e8                __libc_init_array
 *(.rodata)
 *(.rodata*)
 .rodata.pauseEvt.7
                0x00003630        0x4 D:/code/tm4c123gxl/qpc-ucos2-tm4c123gxl/myProject/release/bsp.o
 .rodata.serveEvt.6
                0x00003634        0x4 D:/code/tm4c123gxl/qpc-ucos2-tm4c123gxl/myProject/release/bsp.o
 .rodata.AO_Philo
                0x00003638       0x14 D:/code/tm4c123gxl/qpc-ucos2-tm4c123gxl/myProject/release/philo.o
                0x00003638                AO_Philo
 .rodata.Q_this_module_
                0x0000364c       0x3c D:/code/tm4c123gxl/qpc-ucos2-tm4c123gxl/myProject/release/philo.o
 .rodata.Table_initial.str1.4
                0x00003688        0x9 D:/code/tm4c123gxl/qpc-ucos2-tm4c123gxl/myProject/release/table.o
 *fill*         0x00003691        0x3 
 .rodata.Table_serving.str1.4
                0x00003694       0x15 D:/code/tm4c123gxl/qpc-ucos2-tm4c123gxl/myProject/release/table.o
 *fill*         0x000036a9        0x3 
 .rodata.AO_Table
                0x000036ac        0x4 D:/code/tm4c123gxl/qpc-ucos2-tm4c123gxl/myProject/release/table.o
                0x000036ac                AO_Table
 .rodata.Q_this_module_
                0x000036b0       0x3c D:/code/tm4c123gxl/qpc-ucos2-tm4c123gxl/myProject/release/table.o
 .rodata.Reset_Handler.str1.4
                0x000036ec        0xe D:/code/tm4c123gxl/qpc-ucos2-tm4c123gxl/myProject/release/startup_TM4C123GH6PM.o
 *fill*         0x000036fa        0x2 
 .rodata.NMI_Handler.str1.4
                0x000036fc        0x4 D:/code/tm4c123gxl/qpc-ucos2-tm4c123gxl/myProject/release/startup_TM4C123GH6PM.o
 .rodata.HardFault_Handler.str1.4
                0x00003700        0xa D:/code/tm4c123gxl/qpc-ucos2-tm4c123gxl/myProject/release/startup_TM4C123GH6PM.o
 *fill*         0x0000370a        0x2 
 .rodata.MemManage_Handler.str1.4
                0x0000370c        0xa D:/code/tm4c123gxl/qpc-ucos2-tm4c123gxl/myProject/release/startup_TM4C123GH6PM.o
 *fill*         0x00003716        0x2 
 .rodata.BusFault_Handler.str1.4
                0x00003718        0x9 D:/code/tm4c123gxl/qpc-ucos2-tm4c123gxl/myProject/release/startup_TM4C123GH6PM.o
 *fill*         0x00003721        0x3 
 .rodata.UsageFault_Handler.str1.4
                0x00003724        0xb D:/code/tm4c123gxl/qpc-ucos2-tm4c123gxl/myProject/release/startup_TM4C123GH6PM.o
 *fill*         0x0000372f        0x1 
 .rodata.Default_Handler.str1.4
                0x00003730        0x8 D:/code/tm4c123gxl/qpc-ucos2-tm4c123gxl/myProject/release/startup_TM4C123GH6PM.o
 .rodata.QEvt_reserved_
                0x00003738       0x10 D:/code/tm4c123gxl/qpc-ucos2-tm4c123gxl/myProject/release/qep_hsm.o
                0x00003738                QEvt_reserved_
 .rodata.Q_this_module_
                0x00003748        0x8 D:/code/tm4c123gxl/qpc-ucos2-tm4c123gxl/myProject/release/qep_hsm.o
 .rodata.vtable.0
                0x00003750        0xc D:/code/tm4c123gxl/qpc-ucos2-tm4c123gxl/myProject/release/qep_hsm.o
 .rodata.log2LUT.0
                0x0000375c       0x10 D:/code/tm4c123gxl/qpc-ucos2-tm4c123gxl/myProject/release/qf_act.o
 .rodata.Q_this_module_
                0x0000376c        0x7 D:/code/tm4c123gxl/qpc-ucos2-tm4c123gxl/myProject/release/qf_dyn.o
 *fill*         0x00003773        0x1 
 .rodata.Q_this_module_
                0x00003774        0x7 D:/code/tm4c123gxl/qpc-ucos2-tm4c123gxl/myProject/release/qf_mem.o
 *fill*         0x0000377b        0x1 
 .rodata.Q_this_module_
                0x0000377c        0x6 D:/code/tm4c123gxl/qpc-ucos2-tm4c123gxl/myProject/release/qf_ps.o
 *fill*         0x00003782        0x2 
 .rodata.Q_this_module_
                0x00003784        0x8 D:/code/tm4c123gxl/qpc-ucos2-tm4c123gxl/myProject/release/qf_qact.o
 .rodata.vtable.0
                0x0000378c        0xc D:/code/tm4c123gxl/qpc-ucos2-tm4c123gxl/myProject/release/qf_qact.o
 .rodata.Q_this_module_
                0x00003798        0x8 D:/code/tm4c123gxl/qpc-ucos2-tm4c123gxl/myProject/release/qf_time.o
 .rodata.Q_this_module_
                0x000037a0        0x8 D:/code/tm4c123gxl/qpc-ucos2-tm4c123gxl/myProject/release/qf_port.o
 .rodata.OSInit.str1.4
                0x000037a8       0x22 D:/code/tm4c123gxl/qpc-ucos2-tm4c123gxl/myProject/release/os_core.o
 *fill*         0x000037ca        0x2 
 .rodata.OSUnMapTbl
                0x000037cc      0x100 D:/code/tm4c123gxl/qpc-ucos2-tm4c123gxl/myProject/release/os_core.o
                0x000037cc                OSUnMapTbl
 .rodata.OSFlagCreate.str1.4
                0x000038cc        0x2 D:/code/tm4c123gxl/qpc-ucos2-tm4c123gxl/myProject/release/os_flag.o
 .rodata.OS_MemInit.str1.4
                0x000038cc        0x2 D:/code/tm4c123gxl/qpc-ucos2-tm4c123gxl/myProject/release/os_mem.o
 .rodata.OSQCreate.str1.4
                0x000038cc        0x2 D:/code/tm4c123gxl/qpc-ucos2-tm4c123gxl/myProject/release/os_q.o
 .rodata.OSSemCreate.str1.4
                0x000038cc        0x2 D:/code/tm4c123gxl/qpc-ucos2-tm4c123gxl/myProject/release/os_sem.o
 .rodata.OSTaskDel.str1.4
                0x000038cc        0x2 D:/code/tm4c123gxl/qpc-ucos2-tm4c123gxl/myProject/release/os_task.o
 .rodata.OSTmr_Free.str1.4
                0x000038cc        0x2 D:/code/tm4c123gxl/qpc-ucos2-tm4c123gxl/myProject/release/os_tmr.o
 .rodata.OSTmr_Init.str1.4
                0x000038cc       0x35 D:/code/tm4c123gxl/qpc-ucos2-tm4c123gxl/myProject/release/os_tmr.o
 *(.init)
 *fill*         0x00003901        0x3 
 .init          0x00003904        0x4 c:/qp/qtools/gnu_arm-none-eabi/bin/../lib/gcc/arm-none-eabi/10.3.1/thumb/v7e-m+dp/softfp/crti.o
                0x00003904                _init
 .init          0x00003908        0x8 c:/qp/qtools/gnu_arm-none-eabi/bin/../lib/gcc/arm-none-eabi/10.3.1/thumb/v7e-m+dp/softfp/crtn.o
 *(.fini)
 .fini          0x00003910        0x4 c:/qp/qtools/gnu_arm-none-eabi/bin/../lib/gcc/arm-none-eabi/10.3.1/thumb/v7e-m+dp/softfp/crti.o
                0x00003910                _fini
 .fini          0x00003914        0x8 c:/qp/qtools/gnu_arm-none-eabi/bin/../lib/gcc/arm-none-eabi/10.3.1/thumb/v7e-m+dp/softfp/crtn.o
                0x0000391c                . = ALIGN (0x4)

.glue_7         0x0000391c        0x0
 .glue_7        0x0000391c        0x0 linker stubs

.glue_7t        0x0000391c        0x0
 .glue_7t       0x0000391c        0x0 linker stubs

.vfp11_veneer   0x0000391c        0x0
 .vfp11_veneer  0x0000391c        0x0 linker stubs

.v4_bx          0x0000391c        0x0
 .v4_bx         0x0000391c        0x0 linker stubs

.iplt           0x0000391c        0x0
 .iplt          0x0000391c        0x0 c:/qp/qtools/gnu_arm-none-eabi/bin/../lib/gcc/arm-none-eabi/10.3.1/thumb/v7e-m+dp/softfp/crtbegin.o

.rel.dyn        0x0000391c        0x0
 .rel.iplt      0x0000391c        0x0 c:/qp/qtools/gnu_arm-none-eabi/bin/../lib/gcc/arm-none-eabi/10.3.1/thumb/v7e-m+dp/softfp/crtbegin.o

.preinit_array  0x0000391c        0x0
                0x0000391c                PROVIDE (__preinit_array_start = .)
 *(.preinit_array*)
                0x0000391c                PROVIDE (__preinit_array_end = .)

.init_array     0x0000391c        0x4
                0x0000391c                PROVIDE (__init_array_start = .)
 *(SORT_BY_NAME(.init_array.*))
 *(.init_array*)
 .init_array    0x0000391c        0x4 c:/qp/qtools/gnu_arm-none-eabi/bin/../lib/gcc/arm-none-eabi/10.3.1/thumb/v7e-m+dp/softfp/crtbegin.o
                0x00003920                PROVIDE (__init_array_end = .)

.fini_array     0x00003920        0x4
                [!provide]                PROVIDE (__fini_array_start = .)
 *(.fini_array*)
 .fini_array    0x00003920        0x4 c:/qp/qtools/gnu_arm-none-eabi/bin/../lib/gcc/arm-none-eabi/10.3.1/thumb/v7e-m+dp/softfp/crtbegin.o
 *(SORT_BY_NAME(.fini_array.*))
                [!provide]                PROVIDE (__fini_array_end = .)
                0x00003924                _etext = .

.stack          0x20000000      0x800
                0x20000000                __stack_start__ = .
                0x20000800                . = (. + STACK_SIZE)
 *fill*         0x20000000      0x800 
                0x20000800                . = ALIGN (0x4)
                0x20000800                __stack_end__ = .

.data           0x20000800        0x4 load address 0x00003924
                0x00003924                __data_load = LOADADDR (.data)
                0x20000800                __data_start = .
 *(.data)
 *(.data*)
 .data.SystemCoreClock
                0x20000800        0x4 D:/code/tm4c123gxl/qpc-ucos2-tm4c123gxl/myProject/release/system_TM4C123GH6PM.o
                0x20000800                SystemCoreClock
                0x20000804                . = ALIGN (0x4)
                0x20000804                __data_end__ = .
                0x20000804                _edata = __data_end__

.igot.plt       0x20000804        0x0 load address 0x00003928
 .igot.plt      0x20000804        0x0 c:/qp/qtools/gnu_arm-none-eabi/bin/../lib/gcc/arm-none-eabi/10.3.1/thumb/v7e-m+dp/softfp/crtbegin.o

.bss            0x20000804     0x28b0 load address 0x00003928
                0x20000804                __bss_start__ = .
 *(.bss)
 .bss           0x20000804       0x1c c:/qp/qtools/gnu_arm-none-eabi/bin/../lib/gcc/arm-none-eabi/10.3.1/thumb/v7e-m+dp/softfp/crtbegin.o
 *(.bss*)
 .bss.buttons.8
                0x20000820        0x8 D:/code/tm4c123gxl/qpc-ucos2-tm4c123gxl/myProject/release/bsp.o
 .bss.l_rndSeed
                0x20000828        0x4 D:/code/tm4c123gxl/qpc-ucos2-tm4c123gxl/myProject/release/bsp.o
 .bss.philoQueueSto.3
                0x2000082c       0xc8 D:/code/tm4c123gxl/qpc-ucos2-tm4c123gxl/myProject/release/bsp.o
 .bss.philoStack.2
                0x200008f4      0xa00 D:/code/tm4c123gxl/qpc-ucos2-tm4c123gxl/myProject/release/bsp.o
 .bss.smlPoolSto.5
                0x200012f4       0x50 D:/code/tm4c123gxl/qpc-ucos2-tm4c123gxl/myProject/release/bsp.o
 .bss.subscrSto.4
                0x20001344       0x48 D:/code/tm4c123gxl/qpc-ucos2-tm4c123gxl/myProject/release/bsp.o
 .bss.tableQueueSto.1
                0x2000138c       0x14 D:/code/tm4c123gxl/qpc-ucos2-tm4c123gxl/myProject/release/bsp.o
 .bss.tableStack.0
                0x200013a0      0x200 D:/code/tm4c123gxl/qpc-ucos2-tm4c123gxl/myProject/release/bsp.o
 .bss.Philo_inst
                0x200015a0      0x104 D:/code/tm4c123gxl/qpc-ucos2-tm4c123gxl/myProject/release/philo.o
                0x200015a0                Philo_inst
 .bss.Table_inst
                0x200016a4       0x28 D:/code/tm4c123gxl/qpc-ucos2-tm4c123gxl/myProject/release/table.o
                0x200016a4                Table_inst
 .bss.QActive_registry_
                0x200016cc       0x84 D:/code/tm4c123gxl/qpc-ucos2-tm4c123gxl/myProject/release/qf_act.o
                0x200016cc                QActive_registry_
 .bss.QF_priv_  0x20001750       0x40 D:/code/tm4c123gxl/qpc-ucos2-tm4c123gxl/myProject/release/qf_act.o
                0x20001750                QF_priv_
 .bss.QActive_maxPubSignal_
                0x20001790        0x4 D:/code/tm4c123gxl/qpc-ucos2-tm4c123gxl/myProject/release/qf_ps.o
                0x20001790                QActive_maxPubSignal_
 .bss.QActive_subscrList_
                0x20001794        0x4 D:/code/tm4c123gxl/qpc-ucos2-tm4c123gxl/myProject/release/qf_ps.o
                0x20001794                QActive_subscrList_
 .bss.QTimeEvt_timeEvtHead_
                0x20001798       0x14 D:/code/tm4c123gxl/qpc-ucos2-tm4c123gxl/myProject/release/qf_time.o
                0x20001798                QTimeEvt_timeEvtHead_
 .bss.OSCPUUsage
                0x200017ac        0x1 D:/code/tm4c123gxl/qpc-ucos2-tm4c123gxl/myProject/release/os_core.o
                0x200017ac                OSCPUUsage
 *fill*         0x200017ad        0x3 
 .bss.OSCtxSwCtr
                0x200017b0        0x4 D:/code/tm4c123gxl/qpc-ucos2-tm4c123gxl/myProject/release/os_core.o
                0x200017b0                OSCtxSwCtr
 .bss.OSEventFreeList
                0x200017b4        0x4 D:/code/tm4c123gxl/qpc-ucos2-tm4c123gxl/myProject/release/os_core.o
                0x200017b4                OSEventFreeList
 .bss.OSEventTbl
                0x200017b8       0xf0 D:/code/tm4c123gxl/qpc-ucos2-tm4c123gxl/myProject/release/os_core.o
                0x200017b8                OSEventTbl
 .bss.OSFlagFreeList
                0x200018a8        0x4 D:/code/tm4c123gxl/qpc-ucos2-tm4c123gxl/myProject/release/os_core.o
                0x200018a8                OSFlagFreeList
 .bss.OSFlagTbl
                0x200018ac       0x50 D:/code/tm4c123gxl/qpc-ucos2-tm4c123gxl/myProject/release/os_core.o
                0x200018ac                OSFlagTbl
 .bss.OSIdleCtr
                0x200018fc        0x4 D:/code/tm4c123gxl/qpc-ucos2-tm4c123gxl/myProject/release/os_core.o
                0x200018fc                OSIdleCtr
 .bss.OSIdleCtrMax
                0x20001900        0x4 D:/code/tm4c123gxl/qpc-ucos2-tm4c123gxl/myProject/release/os_core.o
                0x20001900                OSIdleCtrMax
 .bss.OSIdleCtrRun
                0x20001904        0x4 D:/code/tm4c123gxl/qpc-ucos2-tm4c123gxl/myProject/release/os_core.o
                0x20001904                OSIdleCtrRun
 .bss.OSIntNesting
                0x20001908        0x1 D:/code/tm4c123gxl/qpc-ucos2-tm4c123gxl/myProject/release/os_core.o
                0x20001908                OSIntNesting
 .bss.OSLockNesting
                0x20001909        0x1 D:/code/tm4c123gxl/qpc-ucos2-tm4c123gxl/myProject/release/os_core.o
                0x20001909                OSLockNesting
 *fill*         0x2000190a        0x2 
 .bss.OSMemFreeList
                0x2000190c        0x4 D:/code/tm4c123gxl/qpc-ucos2-tm4c123gxl/myProject/release/os_core.o
                0x2000190c                OSMemFreeList
 .bss.OSMemTbl  0x20001910       0x78 D:/code/tm4c123gxl/qpc-ucos2-tm4c123gxl/myProject/release/os_core.o
                0x20001910                OSMemTbl
 .bss.OSPrioCur
                0x20001988        0x1 D:/code/tm4c123gxl/qpc-ucos2-tm4c123gxl/myProject/release/os_core.o
                0x20001988                OSPrioCur
 .bss.OSPrioHighRdy
                0x20001989        0x1 D:/code/tm4c123gxl/qpc-ucos2-tm4c123gxl/myProject/release/os_core.o
                0x20001989                OSPrioHighRdy
 *fill*         0x2000198a        0x2 
 .bss.OSQFreeList
                0x2000198c        0x4 D:/code/tm4c123gxl/qpc-ucos2-tm4c123gxl/myProject/release/os_core.o
                0x2000198c                OSQFreeList
 .bss.OSQTbl    0x20001990      0x1e0 D:/code/tm4c123gxl/qpc-ucos2-tm4c123gxl/myProject/release/os_core.o
                0x20001990                OSQTbl
 .bss.OSRdyGrp  0x20001b70        0x1 D:/code/tm4c123gxl/qpc-ucos2-tm4c123gxl/myProject/release/os_core.o
                0x20001b70                OSRdyGrp
 *fill*         0x20001b71        0x3 
 .bss.OSRdyTbl  0x20001b74        0x8 D:/code/tm4c123gxl/qpc-ucos2-tm4c123gxl/myProject/release/os_core.o
                0x20001b74                OSRdyTbl
 .bss.OSRunning
                0x20001b7c        0x1 D:/code/tm4c123gxl/qpc-ucos2-tm4c123gxl/myProject/release/os_core.o
                0x20001b7c                OSRunning
 .bss.OSStatRdy
                0x20001b7d        0x1 D:/code/tm4c123gxl/qpc-ucos2-tm4c123gxl/myProject/release/os_core.o
                0x20001b7d                OSStatRdy
 *fill*         0x20001b7e        0x2 
 .bss.OSTCBCur  0x20001b80        0x4 D:/code/tm4c123gxl/qpc-ucos2-tm4c123gxl/myProject/release/os_core.o
                0x20001b80                OSTCBCur
 .bss.OSTCBFreeList
                0x20001b84        0x4 D:/code/tm4c123gxl/qpc-ucos2-tm4c123gxl/myProject/release/os_core.o
                0x20001b84                OSTCBFreeList
 .bss.OSTCBHighRdy
                0x20001b88        0x4 D:/code/tm4c123gxl/qpc-ucos2-tm4c123gxl/myProject/release/os_core.o
                0x20001b88                OSTCBHighRdy
 .bss.OSTCBList
                0x20001b8c        0x4 D:/code/tm4c123gxl/qpc-ucos2-tm4c123gxl/myProject/release/os_core.o
                0x20001b8c                OSTCBList
 .bss.OSTCBPrioTbl
                0x20001b90      0x100 D:/code/tm4c123gxl/qpc-ucos2-tm4c123gxl/myProject/release/os_core.o
                0x20001b90                OSTCBPrioTbl
 .bss.OSTCBTbl  0x20001c90      0x738 D:/code/tm4c123gxl/qpc-ucos2-tm4c123gxl/myProject/release/os_core.o
                0x20001c90                OSTCBTbl
 .bss.OSTaskCtr
                0x200023c8        0x1 D:/code/tm4c123gxl/qpc-ucos2-tm4c123gxl/myProject/release/os_core.o
                0x200023c8                OSTaskCtr
 *fill*         0x200023c9        0x3 
 .bss.OSTaskIdleStk
                0x200023cc      0x200 D:/code/tm4c123gxl/qpc-ucos2-tm4c123gxl/myProject/release/os_core.o
                0x200023cc                OSTaskIdleStk
 .bss.OSTaskRegNextAvailID
                0x200025cc        0x1 D:/code/tm4c123gxl/qpc-ucos2-tm4c123gxl/myProject/release/os_core.o
                0x200025cc                OSTaskRegNextAvailID
 *fill*         0x200025cd        0x3 
 .bss.OSTaskStatStk
                0x200025d0      0x200 D:/code/tm4c123gxl/qpc-ucos2-tm4c123gxl/myProject/release/os_core.o
                0x200025d0                OSTaskStatStk
 .bss.OSTickStepState
                0x200027d0        0x1 D:/code/tm4c123gxl/qpc-ucos2-tm4c123gxl/myProject/release/os_core.o
                0x200027d0                OSTickStepState
 *fill*         0x200027d1        0x3 
 .bss.OSTime    0x200027d4        0x4 D:/code/tm4c123gxl/qpc-ucos2-tm4c123gxl/myProject/release/os_core.o
                0x200027d4                OSTime
 .bss.OSTmrFree
                0x200027d8        0x2 D:/code/tm4c123gxl/qpc-ucos2-tm4c123gxl/myProject/release/os_core.o
                0x200027d8                OSTmrFree
 *fill*         0x200027da        0x2 
 .bss.OSTmrFreeList
                0x200027dc        0x4 D:/code/tm4c123gxl/qpc-ucos2-tm4c123gxl/myProject/release/os_core.o
                0x200027dc                OSTmrFreeList
 .bss.OSTmrSem  0x200027e0        0x4 D:/code/tm4c123gxl/qpc-ucos2-tm4c123gxl/myProject/release/os_core.o
                0x200027e0                OSTmrSem
 .bss.OSTmrSemSignal
                0x200027e4        0x4 D:/code/tm4c123gxl/qpc-ucos2-tm4c123gxl/myProject/release/os_core.o
                0x200027e4                OSTmrSemSignal
 .bss.OSTmrTaskStk
                0x200027e8      0x200 D:/code/tm4c123gxl/qpc-ucos2-tm4c123gxl/myProject/release/os_core.o
                0x200027e8                OSTmrTaskStk
 .bss.OSTmrTbl  0x200029e8      0x280 D:/code/tm4c123gxl/qpc-ucos2-tm4c123gxl/myProject/release/os_core.o
                0x200029e8                OSTmrTbl
 .bss.OSTmrTime
                0x20002c68        0x4 D:/code/tm4c123gxl/qpc-ucos2-tm4c123gxl/myProject/release/os_core.o
                0x20002c68                OSTmrTime
 .bss.OSTmrUsed
                0x20002c6c        0x2 D:/code/tm4c123gxl/qpc-ucos2-tm4c123gxl/myProject/release/os_core.o
                0x20002c6c                OSTmrUsed
 *fill*         0x20002c6e        0x2 
 .bss.OSTmrWheelTbl
                0x20002c70       0x38 D:/code/tm4c123gxl/qpc-ucos2-tm4c123gxl/myProject/release/os_core.o
                0x20002c70                OSTmrWheelTbl
 .bss.OSTmrCtr  0x20002ca8        0x2 D:/code/tm4c123gxl/qpc-ucos2-tm4c123gxl/myProject/release/os_cpu_c.o
 *fill*         0x20002caa        0x2 
 .bss.OS_CPU_ExceptStk
                0x20002cac      0x400 D:/code/tm4c123gxl/qpc-ucos2-tm4c123gxl/myProject/release/os_cpu_c.o
                0x20002cac                OS_CPU_ExceptStk
 .bss.OS_CPU_ExceptStkBase
                0x200030ac        0x4 D:/code/tm4c123gxl/qpc-ucos2-tm4c123gxl/myProject/release/os_cpu_c.o
                0x200030ac                OS_CPU_ExceptStkBase
 .bss.OS_KA_BASEPRI_Boundary
                0x200030b0        0x4 D:/code/tm4c123gxl/qpc-ucos2-tm4c123gxl/myProject/release/os_cpu_c.o
                0x200030b0                OS_KA_BASEPRI_Boundary
 *(COMMON)
                0x200030b4                . = ALIGN (0x4)
                0x200030b4                _ebss = .
                0x200030b4                __bss_end__ = .
                0x200030b4                __exidx_start = .

.ARM.exidx
 *(.ARM.exidx* .gnu.linkonce.armexidx.*)
                0x200030b4                __exidx_end = .
                [!provide]                PROVIDE (end = _ebss)
                [!provide]                PROVIDE (_end = _ebss)
                [!provide]                PROVIDE (__end__ = _ebss)

.heap           0x200030b4        0x0
                0x200030b4                __heap_start__ = .
                0x200030b4                . = (. + HEAP_SIZE)
                0x200030b4                . = ALIGN (0x4)
                0x200030b4                __heap_end__ = .

/DISCARD/
 libc.a(*)
 libm.a(*)
 libgcc.a(*)
OUTPUT(D:/code/tm4c123gxl/qpc-ucos2-tm4c123gxl/output/app.elf elf32-littlearm)
LOAD linker stubs
LOAD c:/qp/qtools/gnu_arm-none-eabi/bin/../lib/gcc/arm-none-eabi/10.3.1/../../../../arm-none-eabi/lib/thumb/v7e-m+dp/softfp\libc.a
LOAD c:/qp/qtools/gnu_arm-none-eabi/bin/../lib/gcc/arm-none-eabi/10.3.1/../../../../arm-none-eabi/lib/thumb/v7e-m+dp/softfp\libm.a
LOAD c:/qp/qtools/gnu_arm-none-eabi/bin/../lib/gcc/arm-none-eabi/10.3.1/thumb/v7e-m+dp/softfp\libgcc.a

.ARM.attributes
                0x00000000       0x2c
 .ARM.attributes
                0x00000000       0x1e c:/qp/qtools/gnu_arm-none-eabi/bin/../lib/gcc/arm-none-eabi/10.3.1/thumb/v7e-m+dp/softfp/crti.o
 .ARM.attributes
                0x0000001e       0x30 c:/qp/qtools/gnu_arm-none-eabi/bin/../lib/gcc/arm-none-eabi/10.3.1/thumb/v7e-m+dp/softfp/crtbegin.o
 .ARM.attributes
                0x0000004e       0x23 D:/code/tm4c123gxl/qpc-ucos2-tm4c123gxl/myProject/release/os_cpu_a.o
 .ARM.attributes
                0x00000071       0x30 D:/code/tm4c123gxl/qpc-ucos2-tm4c123gxl/myProject/release/bsp.o
 .ARM.attributes
                0x000000a1       0x30 D:/code/tm4c123gxl/qpc-ucos2-tm4c123gxl/myProject/release/main.o
 .ARM.attributes
                0x000000d1       0x30 D:/code/tm4c123gxl/qpc-ucos2-tm4c123gxl/myProject/release/philo.o
 .ARM.attributes
                0x00000101       0x30 D:/code/tm4c123gxl/qpc-ucos2-tm4c123gxl/myProject/release/table.o
 .ARM.attributes
                0x00000131       0x30 D:/code/tm4c123gxl/qpc-ucos2-tm4c123gxl/myProject/release/system_TM4C123GH6PM.o
 .ARM.attributes
                0x00000161       0x30 D:/code/tm4c123gxl/qpc-ucos2-tm4c123gxl/myProject/release/startup_TM4C123GH6PM.o
 .ARM.attributes
                0x00000191       0x30 D:/code/tm4c123gxl/qpc-ucos2-tm4c123gxl/myProject/release/qep_hsm.o
 .ARM.attributes
                0x000001c1       0x30 D:/code/tm4c123gxl/qpc-ucos2-tm4c123gxl/myProject/release/qf_act.o
 .ARM.attributes
                0x000001f1       0x30 D:/code/tm4c123gxl/qpc-ucos2-tm4c123gxl/myProject/release/qf_dyn.o
 .ARM.attributes
                0x00000221       0x30 D:/code/tm4c123gxl/qpc-ucos2-tm4c123gxl/myProject/release/qf_mem.o
 .ARM.attributes
                0x00000251       0x30 D:/code/tm4c123gxl/qpc-ucos2-tm4c123gxl/myProject/release/qf_ps.o
 .ARM.attributes
                0x00000281       0x30 D:/code/tm4c123gxl/qpc-ucos2-tm4c123gxl/myProject/release/qf_qact.o
 .ARM.attributes
                0x000002b1       0x30 D:/code/tm4c123gxl/qpc-ucos2-tm4c123gxl/myProject/release/qf_time.o
 .ARM.attributes
                0x000002e1       0x30 D:/code/tm4c123gxl/qpc-ucos2-tm4c123gxl/myProject/release/qf_port.o
 .ARM.attributes
                0x00000311       0x30 D:/code/tm4c123gxl/qpc-ucos2-tm4c123gxl/myProject/release/os_core.o
 .ARM.attributes
                0x00000341       0x30 D:/code/tm4c123gxl/qpc-ucos2-tm4c123gxl/myProject/release/os_flag.o
 .ARM.attributes
                0x00000371       0x30 D:/code/tm4c123gxl/qpc-ucos2-tm4c123gxl/myProject/release/os_mem.o
 .ARM.attributes
                0x000003a1       0x30 D:/code/tm4c123gxl/qpc-ucos2-tm4c123gxl/myProject/release/os_q.o
 .ARM.attributes
                0x000003d1       0x30 D:/code/tm4c123gxl/qpc-ucos2-tm4c123gxl/myProject/release/os_sem.o
 .ARM.attributes
                0x00000401       0x30 D:/code/tm4c123gxl/qpc-ucos2-tm4c123gxl/myProject/release/os_task.o
 .ARM.attributes
                0x00000431       0x30 D:/code/tm4c123gxl/qpc-ucos2-tm4c123gxl/myProject/release/os_time.o
 .ARM.attributes
                0x00000461       0x30 D:/code/tm4c123gxl/qpc-ucos2-tm4c123gxl/myProject/release/os_tmr.o
 .ARM.attributes
                0x00000491       0x30 D:/code/tm4c123gxl/qpc-ucos2-tm4c123gxl/myProject/release/os_dbg.o
 .ARM.attributes
                0x000004c1       0x30 D:/code/tm4c123gxl/qpc-ucos2-tm4c123gxl/myProject/release/os_cpu_c.o
 .ARM.attributes
                0x000004f1       0x30 c:/qp/qtools/gnu_arm-none-eabi/bin/../lib/gcc/arm-none-eabi/10.3.1/../../../../arm-none-eabi/lib/thumb/v7e-m+dp/softfp\libc_nano.a(lib_a-init.o)
 .ARM.attributes
                0x00000521       0x1e c:/qp/qtools/gnu_arm-none-eabi/bin/../lib/gcc/arm-none-eabi/10.3.1/thumb/v7e-m+dp/softfp/crtn.o

.comment        0x00000000       0x49
 .comment       0x00000000       0x49 D:/code/tm4c123gxl/qpc-ucos2-tm4c123gxl/myProject/release/bsp.o
                                 0x4a (size before relaxing)
 .comment       0x00000049       0x4a D:/code/tm4c123gxl/qpc-ucos2-tm4c123gxl/myProject/release/main.o
 .comment       0x00000049       0x4a D:/code/tm4c123gxl/qpc-ucos2-tm4c123gxl/myProject/release/philo.o
 .comment       0x00000049       0x4a D:/code/tm4c123gxl/qpc-ucos2-tm4c123gxl/myProject/release/table.o
 .comment       0x00000049       0x4a D:/code/tm4c123gxl/qpc-ucos2-tm4c123gxl/myProject/release/system_TM4C123GH6PM.o
 .comment       0x00000049       0x4a D:/code/tm4c123gxl/qpc-ucos2-tm4c123gxl/myProject/release/startup_TM4C123GH6PM.o
 .comment       0x00000049       0x4a D:/code/tm4c123gxl/qpc-ucos2-tm4c123gxl/myProject/release/qep_hsm.o
 .comment       0x00000049       0x4a D:/code/tm4c123gxl/qpc-ucos2-tm4c123gxl/myProject/release/qf_act.o
 .comment       0x00000049       0x4a D:/code/tm4c123gxl/qpc-ucos2-tm4c123gxl/myProject/release/qf_dyn.o
 .comment       0x00000049       0x4a D:/code/tm4c123gxl/qpc-ucos2-tm4c123gxl/myProject/release/qf_mem.o
 .comment       0x00000049       0x4a D:/code/tm4c123gxl/qpc-ucos2-tm4c123gxl/myProject/release/qf_ps.o
 .comment       0x00000049       0x4a D:/code/tm4c123gxl/qpc-ucos2-tm4c123gxl/myProject/release/qf_qact.o
 .comment       0x00000049       0x4a D:/code/tm4c123gxl/qpc-ucos2-tm4c123gxl/myProject/release/qf_time.o
 .comment       0x00000049       0x4a D:/code/tm4c123gxl/qpc-ucos2-tm4c123gxl/myProject/release/qf_port.o
 .comment       0x00000049       0x4a D:/code/tm4c123gxl/qpc-ucos2-tm4c123gxl/myProject/release/os_core.o
 .comment       0x00000049       0x4a D:/code/tm4c123gxl/qpc-ucos2-tm4c123gxl/myProject/release/os_flag.o
 .comment       0x00000049       0x4a D:/code/tm4c123gxl/qpc-ucos2-tm4c123gxl/myProject/release/os_mem.o
 .comment       0x00000049       0x4a D:/code/tm4c123gxl/qpc-ucos2-tm4c123gxl/myProject/release/os_q.o
 .comment       0x00000049       0x4a D:/code/tm4c123gxl/qpc-ucos2-tm4c123gxl/myProject/release/os_sem.o
 .comment       0x00000049       0x4a D:/code/tm4c123gxl/qpc-ucos2-tm4c123gxl/myProject/release/os_task.o
 .comment       0x00000049       0x4a D:/code/tm4c123gxl/qpc-ucos2-tm4c123gxl/myProject/release/os_time.o
 .comment       0x00000049       0x4a D:/code/tm4c123gxl/qpc-ucos2-tm4c123gxl/myProject/release/os_tmr.o
 .comment       0x00000049       0x4a D:/code/tm4c123gxl/qpc-ucos2-tm4c123gxl/myProject/release/os_dbg.o
 .comment       0x00000049       0x4a D:/code/tm4c123gxl/qpc-ucos2-tm4c123gxl/myProject/release/os_cpu_c.o

.debug_frame    0x00000000       0x2c
 .debug_frame   0x00000000       0x2c c:/qp/qtools/gnu_arm-none-eabi/bin/../lib/gcc/arm-none-eabi/10.3.1/../../../../arm-none-eabi/lib/thumb/v7e-m+dp/softfp\libc_nano.a(lib_a-init.o)

Cross Reference Table

Symbol                                            File
ADC1Seq0_IRQHandler                               D:/code/tm4c123gxl/qpc-ucos2-tm4c123gxl/myProject/release/startup_TM4C123GH6PM.o
ADC1Seq1_IRQHandler                               D:/code/tm4c123gxl/qpc-ucos2-tm4c123gxl/myProject/release/startup_TM4C123GH6PM.o
ADC1Seq2_IRQHandler                               D:/code/tm4c123gxl/qpc-ucos2-tm4c123gxl/myProject/release/startup_TM4C123GH6PM.o
ADC1Seq3_IRQHandler                               D:/code/tm4c123gxl/qpc-ucos2-tm4c123gxl/myProject/release/startup_TM4C123GH6PM.o
ADCSeq0_IRQHandler                                D:/code/tm4c123gxl/qpc-ucos2-tm4c123gxl/myProject/release/startup_TM4C123GH6PM.o
ADCSeq1_IRQHandler                                D:/code/tm4c123gxl/qpc-ucos2-tm4c123gxl/myProject/release/startup_TM4C123GH6PM.o
ADCSeq2_IRQHandler                                D:/code/tm4c123gxl/qpc-ucos2-tm4c123gxl/myProject/release/startup_TM4C123GH6PM.o
ADCSeq3_IRQHandler                                D:/code/tm4c123gxl/qpc-ucos2-tm4c123gxl/myProject/release/startup_TM4C123GH6PM.o
AO_Philo                                          D:/code/tm4c123gxl/qpc-ucos2-tm4c123gxl/myProject/release/philo.o
                                                  D:/code/tm4c123gxl/qpc-ucos2-tm4c123gxl/myProject/release/bsp.o
AO_Table                                          D:/code/tm4c123gxl/qpc-ucos2-tm4c123gxl/myProject/release/table.o
                                                  D:/code/tm4c123gxl/qpc-ucos2-tm4c123gxl/myProject/release/philo.o
                                                  D:/code/tm4c123gxl/qpc-ucos2-tm4c123gxl/myProject/release/bsp.o
App_TCBInitHook                                   D:/code/tm4c123gxl/qpc-ucos2-tm4c123gxl/myProject/release/bsp.o
                                                  D:/code/tm4c123gxl/qpc-ucos2-tm4c123gxl/myProject/release/os_cpu_c.o
App_TaskCreateHook                                D:/code/tm4c123gxl/qpc-ucos2-tm4c123gxl/myProject/release/bsp.o
                                                  D:/code/tm4c123gxl/qpc-ucos2-tm4c123gxl/myProject/release/os_cpu_c.o
App_TaskDelHook                                   D:/code/tm4c123gxl/qpc-ucos2-tm4c123gxl/myProject/release/bsp.o
                                                  D:/code/tm4c123gxl/qpc-ucos2-tm4c123gxl/myProject/release/os_cpu_c.o
App_TaskIdleHook                                  D:/code/tm4c123gxl/qpc-ucos2-tm4c123gxl/myProject/release/bsp.o
                                                  D:/code/tm4c123gxl/qpc-ucos2-tm4c123gxl/myProject/release/os_cpu_c.o
App_TaskReturnHook                                D:/code/tm4c123gxl/qpc-ucos2-tm4c123gxl/myProject/release/bsp.o
                                                  D:/code/tm4c123gxl/qpc-ucos2-tm4c123gxl/myProject/release/os_cpu_c.o
App_TaskStatHook                                  D:/code/tm4c123gxl/qpc-ucos2-tm4c123gxl/myProject/release/bsp.o
                                                  D:/code/tm4c123gxl/qpc-ucos2-tm4c123gxl/myProject/release/os_cpu_c.o
App_TaskSwHook                                    D:/code/tm4c123gxl/qpc-ucos2-tm4c123gxl/myProject/release/bsp.o
                                                  D:/code/tm4c123gxl/qpc-ucos2-tm4c123gxl/myProject/release/os_cpu_c.o
App_TimeTickHook                                  D:/code/tm4c123gxl/qpc-ucos2-tm4c123gxl/myProject/release/bsp.o
                                                  D:/code/tm4c123gxl/qpc-ucos2-tm4c123gxl/myProject/release/os_cpu_c.o
BSP_displayPaused                                 D:/code/tm4c123gxl/qpc-ucos2-tm4c123gxl/myProject/release/bsp.o
                                                  D:/code/tm4c123gxl/qpc-ucos2-tm4c123gxl/myProject/release/table.o
BSP_displayPhilStat                               D:/code/tm4c123gxl/qpc-ucos2-tm4c123gxl/myProject/release/bsp.o
                                                  D:/code/tm4c123gxl/qpc-ucos2-tm4c123gxl/myProject/release/table.o
BSP_init                                          D:/code/tm4c123gxl/qpc-ucos2-tm4c123gxl/myProject/release/bsp.o
                                                  D:/code/tm4c123gxl/qpc-ucos2-tm4c123gxl/myProject/release/main.o
BSP_ledOff                                        D:/code/tm4c123gxl/qpc-ucos2-tm4c123gxl/myProject/release/bsp.o
BSP_ledOn                                         D:/code/tm4c123gxl/qpc-ucos2-tm4c123gxl/myProject/release/bsp.o
BSP_random                                        D:/code/tm4c123gxl/qpc-ucos2-tm4c123gxl/myProject/release/bsp.o
                                                  D:/code/tm4c123gxl/qpc-ucos2-tm4c123gxl/myProject/release/philo.o
BSP_randomSeed                                    D:/code/tm4c123gxl/qpc-ucos2-tm4c123gxl/myProject/release/bsp.o
BSP_start                                         D:/code/tm4c123gxl/qpc-ucos2-tm4c123gxl/myProject/release/bsp.o
                                                  D:/code/tm4c123gxl/qpc-ucos2-tm4c123gxl/myProject/release/main.o
BSP_terminate                                     D:/code/tm4c123gxl/qpc-ucos2-tm4c123gxl/myProject/release/bsp.o
BusFault_Handler                                  D:/code/tm4c123gxl/qpc-ucos2-tm4c123gxl/myProject/release/startup_TM4C123GH6PM.o
CAN0_IRQHandler                                   D:/code/tm4c123gxl/qpc-ucos2-tm4c123gxl/myProject/release/startup_TM4C123GH6PM.o
CAN1_IRQHandler                                   D:/code/tm4c123gxl/qpc-ucos2-tm4c123gxl/myProject/release/startup_TM4C123GH6PM.o
CAN2_IRQHandler                                   D:/code/tm4c123gxl/qpc-ucos2-tm4c123gxl/myProject/release/startup_TM4C123GH6PM.o
Comp0_IRQHandler                                  D:/code/tm4c123gxl/qpc-ucos2-tm4c123gxl/myProject/release/startup_TM4C123GH6PM.o
Comp1_IRQHandler                                  D:/code/tm4c123gxl/qpc-ucos2-tm4c123gxl/myProject/release/startup_TM4C123GH6PM.o
Comp2_IRQHandler                                  D:/code/tm4c123gxl/qpc-ucos2-tm4c123gxl/myProject/release/startup_TM4C123GH6PM.o
DebugMon_Handler                                  D:/code/tm4c123gxl/qpc-ucos2-tm4c123gxl/myProject/release/startup_TM4C123GH6PM.o
Default_Handler                                   D:/code/tm4c123gxl/qpc-ucos2-tm4c123gxl/myProject/release/startup_TM4C123GH6PM.o
FPU_IRQHandler                                    D:/code/tm4c123gxl/qpc-ucos2-tm4c123gxl/myProject/release/startup_TM4C123GH6PM.o
FlashCtrl_IRQHandler                              D:/code/tm4c123gxl/qpc-ucos2-tm4c123gxl/myProject/release/startup_TM4C123GH6PM.o
GPIOPortA_IRQHandler                              D:/code/tm4c123gxl/qpc-ucos2-tm4c123gxl/myProject/release/startup_TM4C123GH6PM.o
GPIOPortB_IRQHandler                              D:/code/tm4c123gxl/qpc-ucos2-tm4c123gxl/myProject/release/startup_TM4C123GH6PM.o
GPIOPortC_IRQHandler                              D:/code/tm4c123gxl/qpc-ucos2-tm4c123gxl/myProject/release/startup_TM4C123GH6PM.o
GPIOPortD_IRQHandler                              D:/code/tm4c123gxl/qpc-ucos2-tm4c123gxl/myProject/release/startup_TM4C123GH6PM.o
GPIOPortE_IRQHandler                              D:/code/tm4c123gxl/qpc-ucos2-tm4c123gxl/myProject/release/startup_TM4C123GH6PM.o
GPIOPortF_IRQHandler                              D:/code/tm4c123gxl/qpc-ucos2-tm4c123gxl/myProject/release/startup_TM4C123GH6PM.o
GPIOPortG_IRQHandler                              D:/code/tm4c123gxl/qpc-ucos2-tm4c123gxl/myProject/release/startup_TM4C123GH6PM.o
GPIOPortH_IRQHandler                              D:/code/tm4c123gxl/qpc-ucos2-tm4c123gxl/myProject/release/startup_TM4C123GH6PM.o
GPIOPortJ_IRQHandler                              D:/code/tm4c123gxl/qpc-ucos2-tm4c123gxl/myProject/release/startup_TM4C123GH6PM.o
GPIOPortK_IRQHandler                              D:/code/tm4c123gxl/qpc-ucos2-tm4c123gxl/myProject/release/startup_TM4C123GH6PM.o
GPIOPortL_IRQHandler                              D:/code/tm4c123gxl/qpc-ucos2-tm4c123gxl/myProject/release/startup_TM4C123GH6PM.o
GPIOPortM_IRQHandler                              D:/code/tm4c123gxl/qpc-ucos2-tm4c123gxl/myProject/release/startup_TM4C123GH6PM.o
GPIOPortN_IRQHandler                              D:/code/tm4c123gxl/qpc-ucos2-tm4c123gxl/myProject/release/startup_TM4C123GH6PM.o
GPIOPortP0_IRQHandler                             D:/code/tm4c123gxl/qpc-ucos2-tm4c123gxl/myProject/release/startup_TM4C123GH6PM.o
GPIOPortP1_IRQHandler                             D:/code/tm4c123gxl/qpc-ucos2-tm4c123gxl/myProject/release/startup_TM4C123GH6PM.o
GPIOPortP2_IRQHandler                             D:/code/tm4c123gxl/qpc-ucos2-tm4c123gxl/myProject/release/startup_TM4C123GH6PM.o
GPIOPortP3_IRQHandler                             D:/code/tm4c123gxl/qpc-ucos2-tm4c123gxl/myProject/release/startup_TM4C123GH6PM.o
GPIOPortP4_IRQHandler                             D:/code/tm4c123gxl/qpc-ucos2-tm4c123gxl/myProject/release/startup_TM4C123GH6PM.o
GPIOPortP5_IRQHandler                             D:/code/tm4c123gxl/qpc-ucos2-tm4c123gxl/myProject/release/startup_TM4C123GH6PM.o
GPIOPortP6_IRQHandler                             D:/code/tm4c123gxl/qpc-ucos2-tm4c123gxl/myProject/release/startup_TM4C123GH6PM.o
GPIOPortP7_IRQHandler                             D:/code/tm4c123gxl/qpc-ucos2-tm4c123gxl/myProject/release/startup_TM4C123GH6PM.o
GPIOPortQ0_IRQHandler                             D:/code/tm4c123gxl/qpc-ucos2-tm4c123gxl/myProject/release/startup_TM4C123GH6PM.o
GPIOPortQ1_IRQHandler                             D:/code/tm4c123gxl/qpc-ucos2-tm4c123gxl/myProject/release/startup_TM4C123GH6PM.o
GPIOPortQ2_IRQHandler                             D:/code/tm4c123gxl/qpc-ucos2-tm4c123gxl/myProject/release/startup_TM4C123GH6PM.o
GPIOPortQ3_IRQHandler                             D:/code/tm4c123gxl/qpc-ucos2-tm4c123gxl/myProject/release/startup_TM4C123GH6PM.o
GPIOPortQ4_IRQHandler                             D:/code/tm4c123gxl/qpc-ucos2-tm4c123gxl/myProject/release/startup_TM4C123GH6PM.o
GPIOPortQ5_IRQHandler                             D:/code/tm4c123gxl/qpc-ucos2-tm4c123gxl/myProject/release/startup_TM4C123GH6PM.o
GPIOPortQ6_IRQHandler                             D:/code/tm4c123gxl/qpc-ucos2-tm4c123gxl/myProject/release/startup_TM4C123GH6PM.o
GPIOPortQ7_IRQHandler                             D:/code/tm4c123gxl/qpc-ucos2-tm4c123gxl/myProject/release/startup_TM4C123GH6PM.o
GPIOPortR_IRQHandler                              D:/code/tm4c123gxl/qpc-ucos2-tm4c123gxl/myProject/release/startup_TM4C123GH6PM.o
GPIOPortS_IRQHandler                              D:/code/tm4c123gxl/qpc-ucos2-tm4c123gxl/myProject/release/startup_TM4C123GH6PM.o
HardFault_Handler                                 D:/code/tm4c123gxl/qpc-ucos2-tm4c123gxl/myProject/release/startup_TM4C123GH6PM.o
Hibernate_IRQHandler                              D:/code/tm4c123gxl/qpc-ucos2-tm4c123gxl/myProject/release/startup_TM4C123GH6PM.o
I2C0_IRQHandler                                   D:/code/tm4c123gxl/qpc-ucos2-tm4c123gxl/myProject/release/startup_TM4C123GH6PM.o
I2C1_IRQHandler                                   D:/code/tm4c123gxl/qpc-ucos2-tm4c123gxl/myProject/release/startup_TM4C123GH6PM.o
I2C2_IRQHandler                                   D:/code/tm4c123gxl/qpc-ucos2-tm4c123gxl/myProject/release/startup_TM4C123GH6PM.o
I2C3_IRQHandler                                   D:/code/tm4c123gxl/qpc-ucos2-tm4c123gxl/myProject/release/startup_TM4C123GH6PM.o
I2C4_IRQHandler                                   D:/code/tm4c123gxl/qpc-ucos2-tm4c123gxl/myProject/release/startup_TM4C123GH6PM.o
I2C5_IRQHandler                                   D:/code/tm4c123gxl/qpc-ucos2-tm4c123gxl/myProject/release/startup_TM4C123GH6PM.o
MemManage_Handler                                 D:/code/tm4c123gxl/qpc-ucos2-tm4c123gxl/myProject/release/startup_TM4C123GH6PM.o
NMI_Handler                                       D:/code/tm4c123gxl/qpc-ucos2-tm4c123gxl/myProject/release/startup_TM4C123GH6PM.o
OSCPUUsage                                        D:/code/tm4c123gxl/qpc-ucos2-tm4c123gxl/myProject/release/os_core.o
OSCtxSw                                           D:/code/tm4c123gxl/qpc-ucos2-tm4c123gxl/myProject/release/os_cpu_a.o
                                                  D:/code/tm4c123gxl/qpc-ucos2-tm4c123gxl/myProject/release/os_core.o
OSCtxSwCtr                                        D:/code/tm4c123gxl/qpc-ucos2-tm4c123gxl/myProject/release/os_core.o
OSDataSize                                        D:/code/tm4c123gxl/qpc-ucos2-tm4c123gxl/myProject/release/os_dbg.o
OSDebugEn                                         D:/code/tm4c123gxl/qpc-ucos2-tm4c123gxl/myProject/release/os_dbg.o
OSDebugInit                                       D:/code/tm4c123gxl/qpc-ucos2-tm4c123gxl/myProject/release/os_dbg.o
                                                  D:/code/tm4c123gxl/qpc-ucos2-tm4c123gxl/myProject/release/os_core.o
OSEndiannessTest                                  D:/code/tm4c123gxl/qpc-ucos2-tm4c123gxl/myProject/release/os_dbg.o
OSEventEn                                         D:/code/tm4c123gxl/qpc-ucos2-tm4c123gxl/myProject/release/os_dbg.o
OSEventFreeList                                   D:/code/tm4c123gxl/qpc-ucos2-tm4c123gxl/myProject/release/os_core.o
                                                  D:/code/tm4c123gxl/qpc-ucos2-tm4c123gxl/myProject/release/os_sem.o
                                                  D:/code/tm4c123gxl/qpc-ucos2-tm4c123gxl/myProject/release/os_q.o
                                                  D:/code/tm4c123gxl/qpc-ucos2-tm4c123gxl/myProject/release/os_mutex.o
                                                  D:/code/tm4c123gxl/qpc-ucos2-tm4c123gxl/myProject/release/os_mbox.o
OSEventMax                                        D:/code/tm4c123gxl/qpc-ucos2-tm4c123gxl/myProject/release/os_dbg.o
OSEventMultiEn                                    D:/code/tm4c123gxl/qpc-ucos2-tm4c123gxl/myProject/release/os_dbg.o
OSEventNameEn                                     D:/code/tm4c123gxl/qpc-ucos2-tm4c123gxl/myProject/release/os_dbg.o
OSEventNameGet                                    D:/code/tm4c123gxl/qpc-ucos2-tm4c123gxl/myProject/release/os_core.o
OSEventNameSet                                    D:/code/tm4c123gxl/qpc-ucos2-tm4c123gxl/myProject/release/os_core.o
                                                  D:/code/tm4c123gxl/qpc-ucos2-tm4c123gxl/myProject/release/os_tmr.o
OSEventSize                                       D:/code/tm4c123gxl/qpc-ucos2-tm4c123gxl/myProject/release/os_dbg.o
OSEventTbl                                        D:/code/tm4c123gxl/qpc-ucos2-tm4c123gxl/myProject/release/os_core.o
OSEventTblSize                                    D:/code/tm4c123gxl/qpc-ucos2-tm4c123gxl/myProject/release/os_dbg.o
OSFlagAccept                                      D:/code/tm4c123gxl/qpc-ucos2-tm4c123gxl/myProject/release/os_flag.o
OSFlagCreate                                      D:/code/tm4c123gxl/qpc-ucos2-tm4c123gxl/myProject/release/os_flag.o
OSFlagDel                                         D:/code/tm4c123gxl/qpc-ucos2-tm4c123gxl/myProject/release/os_flag.o
OSFlagEn                                          D:/code/tm4c123gxl/qpc-ucos2-tm4c123gxl/myProject/release/os_dbg.o
OSFlagFreeList                                    D:/code/tm4c123gxl/qpc-ucos2-tm4c123gxl/myProject/release/os_core.o
                                                  D:/code/tm4c123gxl/qpc-ucos2-tm4c123gxl/myProject/release/os_flag.o
OSFlagGrpSize                                     D:/code/tm4c123gxl/qpc-ucos2-tm4c123gxl/myProject/release/os_dbg.o
OSFlagMax                                         D:/code/tm4c123gxl/qpc-ucos2-tm4c123gxl/myProject/release/os_dbg.o
OSFlagNameEn                                      D:/code/tm4c123gxl/qpc-ucos2-tm4c123gxl/myProject/release/os_dbg.o
OSFlagNameGet                                     D:/code/tm4c123gxl/qpc-ucos2-tm4c123gxl/myProject/release/os_flag.o
OSFlagNameSet                                     D:/code/tm4c123gxl/qpc-ucos2-tm4c123gxl/myProject/release/os_flag.o
OSFlagNodeSize                                    D:/code/tm4c123gxl/qpc-ucos2-tm4c123gxl/myProject/release/os_dbg.o
OSFlagPend                                        D:/code/tm4c123gxl/qpc-ucos2-tm4c123gxl/myProject/release/os_flag.o
OSFlagPendGetFlagsRdy                             D:/code/tm4c123gxl/qpc-ucos2-tm4c123gxl/myProject/release/os_flag.o
OSFlagPost                                        D:/code/tm4c123gxl/qpc-ucos2-tm4c123gxl/myProject/release/os_flag.o
OSFlagQuery                                       D:/code/tm4c123gxl/qpc-ucos2-tm4c123gxl/myProject/release/os_flag.o
OSFlagTbl                                         D:/code/tm4c123gxl/qpc-ucos2-tm4c123gxl/myProject/release/os_core.o
                                                  D:/code/tm4c123gxl/qpc-ucos2-tm4c123gxl/myProject/release/os_flag.o
OSFlagWidth                                       D:/code/tm4c123gxl/qpc-ucos2-tm4c123gxl/myProject/release/os_dbg.o
OSIdleCtr                                         D:/code/tm4c123gxl/qpc-ucos2-tm4c123gxl/myProject/release/os_core.o
OSIdleCtrMax                                      D:/code/tm4c123gxl/qpc-ucos2-tm4c123gxl/myProject/release/os_core.o
OSIdleCtrRun                                      D:/code/tm4c123gxl/qpc-ucos2-tm4c123gxl/myProject/release/os_core.o
OSInit                                            D:/code/tm4c123gxl/qpc-ucos2-tm4c123gxl/myProject/release/os_core.o
                                                  D:/code/tm4c123gxl/qpc-ucos2-tm4c123gxl/myProject/release/qf_port.o
OSInitHookBegin                                   D:/code/tm4c123gxl/qpc-ucos2-tm4c123gxl/myProject/release/os_cpu_c.o
                                                  D:/code/tm4c123gxl/qpc-ucos2-tm4c123gxl/myProject/release/os_core.o
OSInitHookEnd                                     D:/code/tm4c123gxl/qpc-ucos2-tm4c123gxl/myProject/release/os_cpu_c.o
                                                  D:/code/tm4c123gxl/qpc-ucos2-tm4c123gxl/myProject/release/os_core.o
OSIntCtxSw                                        D:/code/tm4c123gxl/qpc-ucos2-tm4c123gxl/myProject/release/os_cpu_a.o
                                                  D:/code/tm4c123gxl/qpc-ucos2-tm4c123gxl/myProject/release/os_core.o
OSIntEnter                                        D:/code/tm4c123gxl/qpc-ucos2-tm4c123gxl/myProject/release/os_core.o
                                                  D:/code/tm4c123gxl/qpc-ucos2-tm4c123gxl/myProject/release/os_cpu_c.o
OSIntExit                                         D:/code/tm4c123gxl/qpc-ucos2-tm4c123gxl/myProject/release/os_core.o
                                                  D:/code/tm4c123gxl/qpc-ucos2-tm4c123gxl/myProject/release/os_cpu_c.o
OSIntNesting                                      D:/code/tm4c123gxl/qpc-ucos2-tm4c123gxl/myProject/release/os_core.o
                                                  D:/code/tm4c123gxl/qpc-ucos2-tm4c123gxl/myProject/release/os_tmr.o
                                                  D:/code/tm4c123gxl/qpc-ucos2-tm4c123gxl/myProject/release/os_time.o
                                                  D:/code/tm4c123gxl/qpc-ucos2-tm4c123gxl/myProject/release/os_task.o
                                                  D:/code/tm4c123gxl/qpc-ucos2-tm4c123gxl/myProject/release/os_sem.o
                                                  D:/code/tm4c123gxl/qpc-ucos2-tm4c123gxl/myProject/release/os_q.o
                                                  D:/code/tm4c123gxl/qpc-ucos2-tm4c123gxl/myProject/release/os_mutex.o
                                                  D:/code/tm4c123gxl/qpc-ucos2-tm4c123gxl/myProject/release/os_mem.o
                                                  D:/code/tm4c123gxl/qpc-ucos2-tm4c123gxl/myProject/release/os_mbox.o
                                                  D:/code/tm4c123gxl/qpc-ucos2-tm4c123gxl/myProject/release/os_flag.o
                                                  D:/code/tm4c123gxl/qpc-ucos2-tm4c123gxl/myProject/release/qf_ps.o
OSLockNesting                                     D:/code/tm4c123gxl/qpc-ucos2-tm4c123gxl/myProject/release/os_core.o
                                                  D:/code/tm4c123gxl/qpc-ucos2-tm4c123gxl/myProject/release/os_time.o
                                                  D:/code/tm4c123gxl/qpc-ucos2-tm4c123gxl/myProject/release/os_task.o
                                                  D:/code/tm4c123gxl/qpc-ucos2-tm4c123gxl/myProject/release/os_sem.o
                                                  D:/code/tm4c123gxl/qpc-ucos2-tm4c123gxl/myProject/release/os_q.o
                                                  D:/code/tm4c123gxl/qpc-ucos2-tm4c123gxl/myProject/release/os_mutex.o
                                                  D:/code/tm4c123gxl/qpc-ucos2-tm4c123gxl/myProject/release/os_mbox.o
                                                  D:/code/tm4c123gxl/qpc-ucos2-tm4c123gxl/myProject/release/os_flag.o
OSLowestPrio                                      D:/code/tm4c123gxl/qpc-ucos2-tm4c123gxl/myProject/release/os_dbg.o
OSMboxAccept                                      D:/code/tm4c123gxl/qpc-ucos2-tm4c123gxl/myProject/release/os_mbox.o
OSMboxCreate                                      D:/code/tm4c123gxl/qpc-ucos2-tm4c123gxl/myProject/release/os_mbox.o
OSMboxDel                                         D:/code/tm4c123gxl/qpc-ucos2-tm4c123gxl/myProject/release/os_mbox.o
OSMboxEn                                          D:/code/tm4c123gxl/qpc-ucos2-tm4c123gxl/myProject/release/os_dbg.o
OSMboxPend                                        D:/code/tm4c123gxl/qpc-ucos2-tm4c123gxl/myProject/release/os_mbox.o
OSMboxPendAbort                                   D:/code/tm4c123gxl/qpc-ucos2-tm4c123gxl/myProject/release/os_mbox.o
OSMboxPost                                        D:/code/tm4c123gxl/qpc-ucos2-tm4c123gxl/myProject/release/os_mbox.o
OSMboxPostOpt                                     D:/code/tm4c123gxl/qpc-ucos2-tm4c123gxl/myProject/release/os_mbox.o
OSMboxQuery                                       D:/code/tm4c123gxl/qpc-ucos2-tm4c123gxl/myProject/release/os_mbox.o
OSMemCreate                                       D:/code/tm4c123gxl/qpc-ucos2-tm4c123gxl/myProject/release/os_mem.o
OSMemEn                                           D:/code/tm4c123gxl/qpc-ucos2-tm4c123gxl/myProject/release/os_dbg.o
OSMemFreeList                                     D:/code/tm4c123gxl/qpc-ucos2-tm4c123gxl/myProject/release/os_core.o
                                                  D:/code/tm4c123gxl/qpc-ucos2-tm4c123gxl/myProject/release/os_mem.o
OSMemGet                                          D:/code/tm4c123gxl/qpc-ucos2-tm4c123gxl/myProject/release/os_mem.o
OSMemMax                                          D:/code/tm4c123gxl/qpc-ucos2-tm4c123gxl/myProject/release/os_dbg.o
OSMemNameEn                                       D:/code/tm4c123gxl/qpc-ucos2-tm4c123gxl/myProject/release/os_dbg.o
OSMemNameGet                                      D:/code/tm4c123gxl/qpc-ucos2-tm4c123gxl/myProject/release/os_mem.o
OSMemNameSet                                      D:/code/tm4c123gxl/qpc-ucos2-tm4c123gxl/myProject/release/os_mem.o
OSMemPut                                          D:/code/tm4c123gxl/qpc-ucos2-tm4c123gxl/myProject/release/os_mem.o
OSMemQuery                                        D:/code/tm4c123gxl/qpc-ucos2-tm4c123gxl/myProject/release/os_mem.o
OSMemSize                                         D:/code/tm4c123gxl/qpc-ucos2-tm4c123gxl/myProject/release/os_dbg.o
OSMemTbl                                          D:/code/tm4c123gxl/qpc-ucos2-tm4c123gxl/myProject/release/os_core.o
                                                  D:/code/tm4c123gxl/qpc-ucos2-tm4c123gxl/myProject/release/os_mem.o
OSMemTblSize                                      D:/code/tm4c123gxl/qpc-ucos2-tm4c123gxl/myProject/release/os_dbg.o
OSMutexAccept                                     D:/code/tm4c123gxl/qpc-ucos2-tm4c123gxl/myProject/release/os_mutex.o
OSMutexCreate                                     D:/code/tm4c123gxl/qpc-ucos2-tm4c123gxl/myProject/release/os_mutex.o
OSMutexDel                                        D:/code/tm4c123gxl/qpc-ucos2-tm4c123gxl/myProject/release/os_mutex.o
OSMutexEn                                         D:/code/tm4c123gxl/qpc-ucos2-tm4c123gxl/myProject/release/os_dbg.o
OSMutexPend                                       D:/code/tm4c123gxl/qpc-ucos2-tm4c123gxl/myProject/release/os_mutex.o
OSMutexPost                                       D:/code/tm4c123gxl/qpc-ucos2-tm4c123gxl/myProject/release/os_mutex.o
OSMutexQuery                                      D:/code/tm4c123gxl/qpc-ucos2-tm4c123gxl/myProject/release/os_mutex.o
OSPrioCur                                         D:/code/tm4c123gxl/qpc-ucos2-tm4c123gxl/myProject/release/os_core.o
                                                  D:/code/tm4c123gxl/qpc-ucos2-tm4c123gxl/myProject/release/os_mutex.o
                                                  D:/code/tm4c123gxl/qpc-ucos2-tm4c123gxl/myProject/release/os_cpu_a.o
OSPrioHighRdy                                     D:/code/tm4c123gxl/qpc-ucos2-tm4c123gxl/myProject/release/os_core.o
                                                  D:/code/tm4c123gxl/qpc-ucos2-tm4c123gxl/myProject/release/os_cpu_a.o
OSPtrSize                                         D:/code/tm4c123gxl/qpc-ucos2-tm4c123gxl/myProject/release/os_dbg.o
OSQAccept                                         D:/code/tm4c123gxl/qpc-ucos2-tm4c123gxl/myProject/release/os_q.o
OSQCreate                                         D:/code/tm4c123gxl/qpc-ucos2-tm4c123gxl/myProject/release/os_q.o
                                                  D:/code/tm4c123gxl/qpc-ucos2-tm4c123gxl/myProject/release/qf_port.o
OSQDel                                            D:/code/tm4c123gxl/qpc-ucos2-tm4c123gxl/myProject/release/os_q.o
OSQEn                                             D:/code/tm4c123gxl/qpc-ucos2-tm4c123gxl/myProject/release/os_dbg.o
OSQFlush                                          D:/code/tm4c123gxl/qpc-ucos2-tm4c123gxl/myProject/release/os_q.o
OSQFreeList                                       D:/code/tm4c123gxl/qpc-ucos2-tm4c123gxl/myProject/release/os_core.o
                                                  D:/code/tm4c123gxl/qpc-ucos2-tm4c123gxl/myProject/release/os_q.o
OSQMax                                            D:/code/tm4c123gxl/qpc-ucos2-tm4c123gxl/myProject/release/os_dbg.o
OSQPend                                           D:/code/tm4c123gxl/qpc-ucos2-tm4c123gxl/myProject/release/os_q.o
                                                  D:/code/tm4c123gxl/qpc-ucos2-tm4c123gxl/myProject/release/qf_port.o
OSQPendAbort                                      D:/code/tm4c123gxl/qpc-ucos2-tm4c123gxl/myProject/release/os_q.o
OSQPost                                           D:/code/tm4c123gxl/qpc-ucos2-tm4c123gxl/myProject/release/os_q.o
                                                  D:/code/tm4c123gxl/qpc-ucos2-tm4c123gxl/myProject/release/qf_port.o
OSQPostFront                                      D:/code/tm4c123gxl/qpc-ucos2-tm4c123gxl/myProject/release/os_q.o
                                                  D:/code/tm4c123gxl/qpc-ucos2-tm4c123gxl/myProject/release/qf_port.o
OSQPostOpt                                        D:/code/tm4c123gxl/qpc-ucos2-tm4c123gxl/myProject/release/os_q.o
OSQQuery                                          D:/code/tm4c123gxl/qpc-ucos2-tm4c123gxl/myProject/release/os_q.o
OSQSize                                           D:/code/tm4c123gxl/qpc-ucos2-tm4c123gxl/myProject/release/os_dbg.o
OSQTbl                                            D:/code/tm4c123gxl/qpc-ucos2-tm4c123gxl/myProject/release/os_core.o
                                                  D:/code/tm4c123gxl/qpc-ucos2-tm4c123gxl/myProject/release/os_q.o
OSRdyGrp                                          D:/code/tm4c123gxl/qpc-ucos2-tm4c123gxl/myProject/release/os_core.o
                                                  D:/code/tm4c123gxl/qpc-ucos2-tm4c123gxl/myProject/release/os_time.o
                                                  D:/code/tm4c123gxl/qpc-ucos2-tm4c123gxl/myProject/release/os_task.o
                                                  D:/code/tm4c123gxl/qpc-ucos2-tm4c123gxl/myProject/release/os_mutex.o
                                                  D:/code/tm4c123gxl/qpc-ucos2-tm4c123gxl/myProject/release/os_flag.o
OSRdyTbl                                          D:/code/tm4c123gxl/qpc-ucos2-tm4c123gxl/myProject/release/os_core.o
                                                  D:/code/tm4c123gxl/qpc-ucos2-tm4c123gxl/myProject/release/os_time.o
                                                  D:/code/tm4c123gxl/qpc-ucos2-tm4c123gxl/myProject/release/os_task.o
                                                  D:/code/tm4c123gxl/qpc-ucos2-tm4c123gxl/myProject/release/os_mutex.o
                                                  D:/code/tm4c123gxl/qpc-ucos2-tm4c123gxl/myProject/release/os_flag.o
OSRdyTblSize                                      D:/code/tm4c123gxl/qpc-ucos2-tm4c123gxl/myProject/release/os_dbg.o
OSRunning                                         D:/code/tm4c123gxl/qpc-ucos2-tm4c123gxl/myProject/release/os_core.o
                                                  D:/code/tm4c123gxl/qpc-ucos2-tm4c123gxl/myProject/release/os_task.o
                                                  D:/code/tm4c123gxl/qpc-ucos2-tm4c123gxl/myProject/release/os_cpu_a.o
OSSchedLock                                       D:/code/tm4c123gxl/qpc-ucos2-tm4c123gxl/myProject/release/os_core.o
                                                  D:/code/tm4c123gxl/qpc-ucos2-tm4c123gxl/myProject/release/os_tmr.o
                                                  D:/code/tm4c123gxl/qpc-ucos2-tm4c123gxl/myProject/release/qf_ps.o
                                                  D:/code/tm4c123gxl/qpc-ucos2-tm4c123gxl/myProject/release/bsp.o
OSSchedUnlock                                     D:/code/tm4c123gxl/qpc-ucos2-tm4c123gxl/myProject/release/os_core.o
                                                  D:/code/tm4c123gxl/qpc-ucos2-tm4c123gxl/myProject/release/os_tmr.o
                                                  D:/code/tm4c123gxl/qpc-ucos2-tm4c123gxl/myProject/release/qf_ps.o
                                                  D:/code/tm4c123gxl/qpc-ucos2-tm4c123gxl/myProject/release/bsp.o
OSSemAccept                                       D:/code/tm4c123gxl/qpc-ucos2-tm4c123gxl/myProject/release/os_sem.o
OSSemCreate                                       D:/code/tm4c123gxl/qpc-ucos2-tm4c123gxl/myProject/release/os_sem.o
                                                  D:/code/tm4c123gxl/qpc-ucos2-tm4c123gxl/myProject/release/os_tmr.o
OSSemDel                                          D:/code/tm4c123gxl/qpc-ucos2-tm4c123gxl/myProject/release/os_sem.o
OSSemEn                                           D:/code/tm4c123gxl/qpc-ucos2-tm4c123gxl/myProject/release/os_dbg.o
OSSemPend                                         D:/code/tm4c123gxl/qpc-ucos2-tm4c123gxl/myProject/release/os_sem.o
                                                  D:/code/tm4c123gxl/qpc-ucos2-tm4c123gxl/myProject/release/os_tmr.o
OSSemPendAbort                                    D:/code/tm4c123gxl/qpc-ucos2-tm4c123gxl/myProject/release/os_sem.o
OSSemPost                                         D:/code/tm4c123gxl/qpc-ucos2-tm4c123gxl/myProject/release/os_sem.o
                                                  D:/code/tm4c123gxl/qpc-ucos2-tm4c123gxl/myProject/release/os_tmr.o
OSSemQuery                                        D:/code/tm4c123gxl/qpc-ucos2-tm4c123gxl/myProject/release/os_sem.o
OSSemSet                                          D:/code/tm4c123gxl/qpc-ucos2-tm4c123gxl/myProject/release/os_sem.o
OSStart                                           D:/code/tm4c123gxl/qpc-ucos2-tm4c123gxl/myProject/release/os_core.o
                                                  D:/code/tm4c123gxl/qpc-ucos2-tm4c123gxl/myProject/release/qf_port.o
OSStartHighRdy                                    D:/code/tm4c123gxl/qpc-ucos2-tm4c123gxl/myProject/release/os_cpu_a.o
                                                  D:/code/tm4c123gxl/qpc-ucos2-tm4c123gxl/myProject/release/os_core.o
OSStatInit                                        D:/code/tm4c123gxl/qpc-ucos2-tm4c123gxl/myProject/release/os_core.o
OSStatRdy                                         D:/code/tm4c123gxl/qpc-ucos2-tm4c123gxl/myProject/release/os_core.o
OSStkWidth                                        D:/code/tm4c123gxl/qpc-ucos2-tm4c123gxl/myProject/release/os_dbg.o