Archive member included to satisfy reference by file (symbol)

c:/qp/qtools/gnu_arm-none-eabi/bin/../lib/gcc/arm-none-eabi/10.3.1/../../../../arm-none-eabi/lib/thumb/v7e-m+dp/softfp\libc_nano.a(lib_a-exit.o)
                              c:/qp/qtools/gnu_arm-none-eabi/bin/../lib/gcc/arm-none-eabi/10.3.1/../../../../arm-none-eabi/lib/thumb/v7e-m+dp/softfp/crt0.o (exit)
c:/qp/qtools/gnu_arm-none-eabi/bin/../lib/gcc/arm-none-eabi/10.3.1/../../../../arm-none-eabi/lib/thumb/v7e-m+dp/softfp\libc_nano.a(lib_a-impure.o)
                              c:/qp/qtools/gnu_arm-none-eabi/bin/../lib/gcc/arm-none-eabi/10.3.1/../../../../arm-none-eabi/lib/thumb/v7e-m+dp/softfp\libc_nano.a(lib_a-exit.o) (_global_impure_ptr)
c:/qp/qtools/gnu_arm-none-eabi/bin/../lib/gcc/arm-none-eabi/10.3.1/../../../../arm-none-eabi/lib/thumb/v7e-m+dp/softfp\libc_nano.a(lib_a-init.o)
                              c:/qp/qtools/gnu_arm-none-eabi/bin/../lib/gcc/arm-none-eabi/10.3.1/../../../../arm-none-eabi/lib/thumb/v7e-m+dp/softfp/crt0.o (__libc_init_array)
c:/qp/qtools/gnu_arm-none-eabi/bin/../lib/gcc/arm-none-eabi/10.3.1/../../../../arm-none-eabi/lib/thumb/v7e-m+dp/softfp\libc_nano.a(lib_a-memset.o)
                              c:/qp/qtools/gnu_arm-none-eabi/bin/../lib/gcc/arm-none-eabi/10.3.1/../../../../arm-none-eabi/lib/thumb/v7e-m+dp/softfp/crt0.o (memset)
c:/qp/qtools/gnu_arm-none-eabi/bin/../lib/gcc/arm-none-eabi/10.3.1/../../../../arm-none-eabi/lib/thumb/v7e-m+dp/softfp\libnosys.a(_exit.o)
                              c:/qp/qtools/gnu_arm-none-eabi/bin/../lib/gcc/arm-none-eabi/10.3.1/../../../../arm-none-eabi/lib/thumb/v7e-m+dp/softfp\libc_nano.a(lib_a-exit.o) (_exit)

Discarded input sections

 .text          0x00000000        0x0 c:/qp/qtools/gnu_arm-none-eabi/bin/../lib/gcc/arm-none-eabi/10.3.1/thumb/v7e-m+dp/softfp/crti.o
 .data          0x00000000        0x0 c:/qp/qtools/gnu_arm-none-eabi/bin/../lib/gcc/arm-none-eabi/10.3.1/thumb/v7e-m+dp/softfp/crti.o
 .bss           0x00000000        0x0 c:/qp/qtools/gnu_arm-none-eabi/bin/../lib/gcc/arm-none-eabi/10.3.1/thumb/v7e-m+dp/softfp/crti.o
 .data          0x00000000        0x4 c:/qp/qtools/gnu_arm-none-eabi/bin/../lib/gcc/arm-none-eabi/10.3.1/thumb/v7e-m+dp/softfp/crtbegin.o
 .rodata        0x00000000       0x24 c:/qp/qtools/gnu_arm-none-eabi/bin/../lib/gcc/arm-none-eabi/10.3.1/thumb/v7e-m+dp/softfp/crtbegin.o
 .text          0x00000000       0x7c c:/qp/qtools/gnu_arm-none-eabi/bin/../lib/gcc/arm-none-eabi/10.3.1/../../../../arm-none-eabi/lib/thumb/v7e-m+dp/softfp/crt0.o
 .data          0x00000000        0x0 c:/qp/qtools/gnu_arm-none-eabi/bin/../lib/gcc/arm-none-eabi/10.3.1/../../../../arm-none-eabi/lib/thumb/v7e-m+dp/softfp/crt0.o
 .bss           0x00000000        0x0 c:/qp/qtools/gnu_arm-none-eabi/bin/../lib/gcc/arm-none-eabi/10.3.1/../../../../arm-none-eabi/lib/thumb/v7e-m+dp/softfp/crt0.o
 .ARM.extab     0x00000000        0x0 c:/qp/qtools/gnu_arm-none-eabi/bin/../lib/gcc/arm-none-eabi/10.3.1/../../../../arm-none-eabi/lib/thumb/v7e-m+dp/softfp/crt0.o
 .ARM.exidx     0x00000000       0x10 c:/qp/qtools/gnu_arm-none-eabi/bin/../lib/gcc/arm-none-eabi/10.3.1/../../../../arm-none-eabi/lib/thumb/v7e-m+dp/softfp/crt0.o
 .ARM.attributes
                0x00000000       0x1c c:/qp/qtools/gnu_arm-none-eabi/bin/../lib/gcc/arm-none-eabi/10.3.1/../../../../arm-none-eabi/lib/thumb/v7e-m+dp/softfp/crt0.o
 .data          0x00000000        0x0 C:/Users/hjroyal/Desktop/tm4c123gxl/myProject/debug/os_cpu_a.o
 .bss           0x00000000        0x0 C:/Users/hjroyal/Desktop/tm4c123gxl/myProject/debug/os_cpu_a.o
 .text          0x00000000        0x0 C:/Users/hjroyal/Desktop/tm4c123gxl/myProject/debug/bsp.o
 .data          0x00000000        0x0 C:/Users/hjroyal/Desktop/tm4c123gxl/myProject/debug/bsp.o
 .bss           0x00000000        0x0 C:/Users/hjroyal/Desktop/tm4c123gxl/myProject/debug/bsp.o
 .text.BSP_randomSeed
                0x00000000        0xc C:/Users/hjroyal/Desktop/tm4c123gxl/myProject/debug/bsp.o
 .text.BSP_ledOn
                0x00000000        0xc C:/Users/hjroyal/Desktop/tm4c123gxl/myProject/debug/bsp.o
 .text.BSP_ledOff
                0x00000000        0xc C:/Users/hjroyal/Desktop/tm4c123gxl/myProject/debug/bsp.o
 .text.BSP_terminate
                0x00000000        0x2 C:/Users/hjroyal/Desktop/tm4c123gxl/myProject/debug/bsp.o
 .text.QF_onCleanup
                0x00000000        0x2 C:/Users/hjroyal/Desktop/tm4c123gxl/myProject/debug/bsp.o
 .text          0x00000000        0x0 C:/Users/hjroyal/Desktop/tm4c123gxl/myProject/debug/main.o
 .data          0x00000000        0x0 C:/Users/hjroyal/Desktop/tm4c123gxl/myProject/debug/main.o
 .bss           0x00000000        0x0 C:/Users/hjroyal/Desktop/tm4c123gxl/myProject/debug/main.o
 .text          0x00000000        0x0 C:/Users/hjroyal/Desktop/tm4c123gxl/myProject/debug/philo.o
 .data          0x00000000        0x0 C:/Users/hjroyal/Desktop/tm4c123gxl/myProject/debug/philo.o
[...]
Memory Configuration

Name             Origin             Length             Attributes
ROM              0x00000000         0x00040000         xr
RAM              0x20000000         0x00008000         xrw
*default*        0x00000000         0xffffffff

Linker script and memory map

LOAD c:/qp/qtools/gnu_arm-none-eabi/bin/../lib/gcc/arm-none-eabi/10.3.1/thumb/v7e-m+dp/softfp/crti.o
LOAD c:/qp/qtools/gnu_arm-none-eabi/bin/../lib/gcc/arm-none-eabi/10.3.1/thumb/v7e-m+dp/softfp/crtbegin.o
LOAD c:/qp/qtools/gnu_arm-none-eabi/bin/../lib/gcc/arm-none-eabi/10.3.1/../../../../arm-none-eabi/lib/thumb/v7e-m+dp/softfp/crt0.o
LOAD C:/Users/hjroyal/Desktop/tm4c123gxl/myProject/debug/os_cpu_a.o
LOAD C:/Users/hjroyal/Desktop/tm4c123gxl/myProject/debug/bsp.o
LOAD C:/Users/hjroyal/Desktop/tm4c123gxl/myProject/debug/main.o
LOAD C:/Users/hjroyal/Desktop/tm4c123gxl/myProject/debug/philo.o
LOAD C:/Users/hjroyal/Desktop/tm4c123gxl/myProject/debug/table.o
LOAD C:/Users/hjroyal/Desktop/tm4c123gxl/myProject/debug/system_TM4C123GH6PM.o
LOAD C:/Users/hjroyal/Desktop/tm4c123gxl/myProject/debug/startup_TM4C123GH6PM.o
LOAD C:/Users/hjroyal/Desktop/tm4c123gxl/myProject/debug/qep_hsm.o
LOAD C:/Users/hjroyal/Desktop/tm4c123gxl/myProject/debug/qep_msm.o
LOAD C:/Users/hjroyal/Desktop/tm4c123gxl/myProject/debug/qf_act.o
LOAD C:/Users/hjroyal/Desktop/tm4c123gxl/myProject/debug/qf_defer.o
LOAD C:/Users/hjroyal/Desktop/tm4c123gxl/myProject/debug/qf_dyn.o
LOAD C:/Users/hjroyal/Desktop/tm4c123gxl/myProject/debug/qf_mem.o
LOAD C:/Users/hjroyal/Desktop/tm4c123gxl/myProject/debug/qf_ps.o
LOAD C:/Users/hjroyal/Desktop/tm4c123gxl/myProject/debug/qf_qact.o
LOAD C:/Users/hjroyal/Desktop/tm4c123gxl/myProject/debug/qf_qeq.o
LOAD C:/Users/hjroyal/Desktop/tm4c123gxl/myProject/debug/qf_qmact.o
LOAD C:/Users/hjroyal/Desktop/tm4c123gxl/myProject/debug/qf_time.o
LOAD C:/Users/hjroyal/Desktop/tm4c123gxl/myProject/debug/qf_port.o
LOAD C:/Users/hjroyal/Desktop/tm4c123gxl/myProject/debug/os_core.o
LOAD C:/Users/hjroyal/Desktop/tm4c123gxl/myProject/debug/os_flag.o
LOAD C:/Users/hjroyal/Desktop/tm4c123gxl/myProject/debug/os_mbox.o
LOAD C:/Users/hjroyal/Desktop/tm4c123gxl/myProject/debug/os_mem.o
LOAD C:/Users/hjroyal/Desktop/tm4c123gxl/myProject/debug/os_mutex.o
LOAD C:/Users/hjroyal/Desktop/tm4c123gxl/myProject/debug/os_q.o
LOAD C:/Users/hjroyal/Desktop/tm4c123gxl/myProject/debug/os_sem.o
LOAD C:/Users/hjroyal/Desktop/tm4c123gxl/myProject/debug/os_task.o
LOAD C:/Users/hjroyal/Desktop/tm4c123gxl/myProject/debug/os_time.o
LOAD C:/Users/hjroyal/Desktop/tm4c123gxl/myProject/debug/os_tmr.o
LOAD C:/Users/hjroyal/Desktop/tm4c123gxl/myProject/debug/os_dbg.o
LOAD C:/Users/hjroyal/Desktop/tm4c123gxl/myProject/debug/os_cpu_c.o
LOAD C:/Users/hjroyal/Desktop/tm4c123gxl/myProject/debug/qstamp.o
START GROUP
LOAD c:/qp/qtools/gnu_arm-none-eabi/bin/../lib/gcc/arm-none-eabi/10.3.1/thumb/v7e-m+dp/softfp\libgcc.a
LOAD c:/qp/qtools/gnu_arm-none-eabi/bin/../lib/gcc/arm-none-eabi/10.3.1/../../../../arm-none-eabi/lib/thumb/v7e-m+dp/softfp\libc_nano.a
END GROUP
START GROUP
LOAD c:/qp/qtools/gnu_arm-none-eabi/bin/../lib/gcc/arm-none-eabi/10.3.1/thumb/v7e-m+dp/softfp\libgcc.a
LOAD c:/qp/qtools/gnu_arm-none-eabi/bin/../lib/gcc/arm-none-eabi/10.3.1/../../../../arm-none-eabi/lib/thumb/v7e-m+dp/softfp\libc_nano.a
LOAD c:/qp/qtools/gnu_arm-none-eabi/bin/../lib/gcc/arm-none-eabi/10.3.1/../../../../arm-none-eabi/lib/thumb/v7e-m+dp/softfp\libnosys.a
END GROUP
START GROUP
LOAD c:/qp/qtools/gnu_arm-none-eabi/bin/../lib/gcc/arm-none-eabi/10.3.1/thumb/v7e-m+dp/softfp\libgcc.a
LOAD c:/qp/qtools/gnu_arm-none-eabi/bin/../lib/gcc/arm-none-eabi/10.3.1/../../../../arm-none-eabi/lib/thumb/v7e-m+dp/softfp\libc_nano.a
LOAD c:/qp/qtools/gnu_arm-none-eabi/bin/../lib/gcc/arm-none-eabi/10.3.1/../../../../arm-none-eabi/lib/thumb/v7e-m+dp/softfp\libnosys.a
END GROUP
LOAD c:/qp/qtools/gnu_arm-none-eabi/bin/../lib/gcc/arm-none-eabi/10.3.1/thumb/v7e-m+dp/softfp/crtend.o
LOAD c:/qp/qtools/gnu_arm-none-eabi/bin/../lib/gcc/arm-none-eabi/10.3.1/thumb/v7e-m+dp/softfp/crtn.o
                0x00000800                STACK_SIZE = 0x800
                0x00000000                HEAP_SIZE = 0x0

.isr_vector     0x00000000      0x36c
 *(.isr_vector)
 .isr_vector    0x00000000      0x36c C:/Users/hjroyal/Desktop/tm4c123gxl/myProject/debug/startup_TM4C123GH6PM.o
                0x00000000                g_pfnVectors
                0x0000036c                . = ALIGN (0x4)

.eh_frame       0x0000036c        0x0
 .eh_frame      0x0000036c        0x0 c:/qp/qtools/gnu_arm-none-eabi/bin/../lib/gcc/arm-none-eabi/10.3.1/thumb/v7e-m+dp/softfp/crtbegin.o

.text           0x0000036c     0x3594
                0x0000036c                . = ALIGN (0x4)
 *(.text)
 .text          0x0000036c       0x40 c:/qp/qtools/gnu_arm-none-eabi/bin/../lib/gcc/arm-none-eabi/10.3.1/thumb/v7e-m+dp/softfp/crtbegin.o
 .text          0x000003ac      0x154 C:/Users/hjroyal/Desktop/tm4c123gxl/myProject/debug/os_cpu_a.o
                0x000003ac                OS_CPU_FP_Reg_Push
                0x000003be                OS_CPU_FP_Reg_Pop
                0x000003ca                OS_CPU_SR_Save
                0x000003e6                OS_CPU_SR_Restore
                0x000003f8                OSStartHighRdy
                0x00000478                OSIntCtxSw
                0x00000478                OSCtxSw
                0x00000482                PendSV_Handler
 *(.text*)
 .text.Q_onError
                0x00000500        0xc C:/Users/hjroyal/Desktop/tm4c123gxl/myProject/debug/bsp.o
                0x00000500                Q_onError
 .text.assert_failed
                0x0000050c        0xc C:/Users/hjroyal/Desktop/tm4c123gxl/myProject/debug/bsp.o
                0x0000050c                assert_failed
 .text.App_TimeTickHook
                0x00000518       0x54 C:/Users/hjroyal/Desktop/tm4c123gxl/myProject/debug/bsp.o
                0x00000518                App_TimeTickHook
 .text.App_TaskCreateHook
                0x0000056c        0x2 C:/Users/hjroyal/Desktop/tm4c123gxl/myProject/debug/bsp.o
                0x0000056c                App_TaskCreateHook
 .text.App_TaskDelHook
                0x0000056e        0x2 C:/Users/hjroyal/Desktop/tm4c123gxl/myProject/debug/bsp.o
                0x0000056e                App_TaskDelHook
 .text.App_TaskIdleHook
                0x00000570       0x3c C:/Users/hjroyal/Desktop/tm4c123gxl/myProject/debug/bsp.o
                0x00000570                App_TaskIdleHook
 .text.App_TaskReturnHook
                0x000005ac        0x2 C:/Users/hjroyal/Desktop/tm4c123gxl/myProject/debug/bsp.o
                0x000005ac                App_TaskReturnHook
 .text.App_TaskStatHook
                0x000005ae        0x2 C:/Users/hjroyal/Desktop/tm4c123gxl/myProject/debug/bsp.o
                0x000005ae                App_TaskStatHook
 .text.App_TaskSwHook
                0x000005b0        0x2 C:/Users/hjroyal/Desktop/tm4c123gxl/myProject/debug/bsp.o
                0x000005b0                App_TaskSwHook
 .text.App_TCBInitHook
                0x000005b2        0x2 C:/Users/hjroyal/Desktop/tm4c123gxl/myProject/debug/bsp.o
                0x000005b2                App_TCBInitHook
 .text.BSP_init
                0x000005b4       0xbc C:/Users/hjroyal/Desktop/tm4c123gxl/myProject/debug/bsp.o
                0x000005b4                BSP_init
 .text.BSP_start
                0x00000670       0xa8 C:/Users/hjroyal/Desktop/tm4c123gxl/myProject/debug/bsp.o
                0x00000670                BSP_start
 .text.BSP_displayPhilStat
                0x00000718       0x14 C:/Users/hjroyal/Desktop/tm4c123gxl/myProject/debug/bsp.o
                0x00000718                BSP_displayPhilStat
 .text.BSP_displayPaused
                0x0000072c       0x14 C:/Users/hjroyal/Desktop/tm4c123gxl/myProject/debug/bsp.o
                0x0000072c                BSP_displayPaused
 .text.BSP_random
                0x00000740       0x44 C:/Users/hjroyal/Desktop/tm4c123gxl/myProject/debug/bsp.o
                0x00000740                BSP_random
 .text.QF_onStartup
                0x00000784       0x6c C:/Users/hjroyal/Desktop/tm4c123gxl/myProject/debug/bsp.o
                0x00000784                QF_onStartup
 .text.main     0x000007f0       0x14 C:/Users/hjroyal/Desktop/tm4c123gxl/myProject/debug/main.o
                0x000007f0                main
 .text.Philo_initial
                0x00000804       0x20 C:/Users/hjroyal/Desktop/tm4c123gxl/myProject/debug/philo.o
 .text.Philo_hungry
                0x00000824       0x88 C:/Users/hjroyal/Desktop/tm4c123gxl/myProject/debug/philo.o
 .text.Philo_eating
                0x000008ac       0xa4 C:/Users/hjroyal/Desktop/tm4c123gxl/myProject/debug/philo.o
 .text.Philo_thinking
                0x00000950       0x90 C:/Users/hjroyal/Desktop/tm4c123gxl/myProject/debug/philo.o
 .text.Philo_ctor
                0x000009e0       0x34 C:/Users/hjroyal/Desktop/tm4c123gxl/myProject/debug/philo.o
                0x000009e0                Philo_ctor
 .text.Table_initial
                0x00000a14       0x58 C:/Users/hjroyal/Desktop/tm4c123gxl/myProject/debug/table.o
 .text.Table_active
                0x00000a6c       0x30 C:/Users/hjroyal/Desktop/tm4c123gxl/myProject/debug/table.o
 .text.Table_serving
                0x00000a9c      0x280 C:/Users/hjroyal/Desktop/tm4c123gxl/myProject/debug/table.o
 .text.Table_paused
                0x00000d1c       0xfc C:/Users/hjroyal/Desktop/tm4c123gxl/myProject/debug/table.o
 .text.Table_ctor
                0x00000e18       0x38 C:/Users/hjroyal/Desktop/tm4c123gxl/myProject/debug/table.o
                0x00000e18                Table_ctor
 .text.getOscClk
                0x00000e50       0xe4 C:/Users/hjroyal/Desktop/tm4c123gxl/myProject/debug/system_TM4C123GH6PM.o
 .text.SystemCoreClockUpdate
                0x00000f34       0xac C:/Users/hjroyal/Desktop/tm4c123gxl/myProject/debug/system_TM4C123GH6PM.o
                0x00000f34                SystemCoreClockUpdate
 .text.SystemInit
                0x00000fe0       0xc8 C:/Users/hjroyal/Desktop/tm4c123gxl/myProject/debug/system_TM4C123GH6PM.o
                0x00000fe0                SystemInit
 .text.Reset_Handler
                0x000010a8       0x98 C:/Users/hjroyal/Desktop/tm4c123gxl/myProject/debug/startup_TM4C123GH6PM.o
                0x000010a8                Reset_Handler
 .text.NMI_Handler
                0x00001140       0x18 C:/Users/hjroyal/Desktop/tm4c123gxl/myProject/debug/startup_TM4C123GH6PM.o
                0x00001140                NMI_Handler
 .text.HardFault_Handler
                0x00001158       0x18 C:/Users/hjroyal/Desktop/tm4c123gxl/myProject/debug/startup_TM4C123GH6PM.o
                0x00001158                HardFault_Handler
 .text.MemManage_Handler
                0x00001170       0x18 C:/Users/hjroyal/Desktop/tm4c123gxl/myProject/debug/startup_TM4C123GH6PM.o
                0x00001170                MemManage_Handler
 .text.BusFault_Handler
                0x00001188       0x18 C:/Users/hjroyal/Desktop/tm4c123gxl/myProject/debug/startup_TM4C123GH6PM.o
                0x00001188                BusFault_Handler
 .text.UsageFault_Handler
                0x000011a0       0x18 C:/Users/hjroyal/Desktop/tm4c123gxl/myProject/debug/startup_TM4C123GH6PM.o
                0x000011a0                UsageFault_Handler
 .text.Default_Handler
                0x000011b8       0x18 C:/Users/hjroyal/Desktop/tm4c123gxl/myProject/debug/startup_TM4C123GH6PM.o
                0x000011b8                uDMAST_IRQHandler
                0x000011b8                GPIOPortP4_IRQHandler
                0x000011b8                PWM1Gen3_IRQHandler
                0x000011b8                WideTimer5B_IRQHandler
                0x000011b8                DebugMon_Handler
                0x000011b8                QEI2_IRQHandler
                0x000011b8                FlashCtrl_IRQHandler
                0x000011b8                GPIOPortP7_IRQHandler
                0x000011b8                Timer0B_IRQHandler
                0x000011b8                I2C0_IRQHandler
                0x000011b8                WideTimer4B_IRQHandler
                0x000011b8                I2C1_IRQHandler
                0x000011b8                GPIOPortP5_IRQHandler
                0x000011b8                PWMGen0_IRQHandler
                0x000011b8                UART1_IRQHandler
                0x000011b8                CAN1_IRQHandler
                0x000011b8                Timer1B_IRQHandler
                0x000011b8                Watchdog_IRQHandler
                0x000011b8                GPIOPortS_IRQHandler
                0x000011b8                GPIOPortQ7_IRQHandler
                0x000011b8                PWM1Gen2_IRQHandler
                0x000011b8                UART0_IRQHandler
                0x000011b8                GPIOPortL_IRQHandler
                0x000011b8                SSI0_IRQHandler
                0x000011b8                GPIOPortM_IRQHandler
                0x000011b8                FPU_IRQHandler
                0x000011b8                ADCSeq1_IRQHandler
                0x000011b8                GPIOPortP0_IRQHandler
                0x000011b8                WideTimer0B_IRQHandler
                0x000011b8                PWMFault_IRQHandler
                0x000011b8                WideTimer1A_IRQHandler
                0x000011b8                I2C4_IRQHandler
                0x000011b8                I2C5_IRQHandler
                0x000011b8                GPIOPortQ5_IRQHandler
                0x000011b8                PWMGen1_IRQHandler
                0x000011b8                SSI1_IRQHandler
                0x000011b8                I2C2_IRQHandler
                0x000011b8                GPIOPortC_IRQHandler
                0x000011b8                UART5_IRQHandler
                0x000011b8                GPIOPortK_IRQHandler
                0x000011b8                ADCSeq2_IRQHandler
                0x000011b8                PWMGen2_IRQHandler
                0x000011b8                UART2_IRQHandler
                0x000011b8                GPIOPortP3_IRQHandler
                0x000011b8                ADC1Seq0_IRQHandler
                0x000011b8                UART4_IRQHandler
                0x000011b8                GPIOPortJ_IRQHandler
                0x000011b8                Default_Handler
                0x000011b8                WideTimer0A_IRQHandler
                0x000011b8                Timer5A_IRQHandler
                0x000011b8                WideTimer3B_IRQHandler
                0x000011b8                WideTimer2B_IRQHandler
                0x000011b8                WideTimer5A_IRQHandler
                0x000011b8                Timer4A_IRQHandler
                0x000011b8                QEI1_IRQHandler
                0x000011b8                PWM1Fault_IRQHandler
                0x000011b8                GPIOPortP6_IRQHandler
                0x000011b8                QEI0_IRQHandler
                0x000011b8                ADC1Seq2_IRQHandler
                0x000011b8                ADC1Seq1_IRQHandler
                0x000011b8                PWMGen3_IRQHandler
                0x000011b8                GPIOPortD_IRQHandler
                0x000011b8                USB0_IRQHandler
                0x000011b8                I2C3_IRQHandler
                0x000011b8                SVC_Handler
                0x000011b8                GPIOPortP2_IRQHandler
                0x000011b8                GPIOPortQ4_IRQHandler
                0x000011b8                Timer3B_IRQHandler
                0x000011b8                Timer3A_IRQHandler
                0x000011b8                GPIOPortA_IRQHandler
                0x000011b8                ADC1Seq3_IRQHandler
                0x000011b8                Timer0A_IRQHandler
                0x000011b8                GPIOPortP1_IRQHandler
                0x000011b8                ADCSeq0_IRQHandler
                0x000011b8                Timer1A_IRQHandler
                0x000011b8                GPIOPortG_IRQHandler
                0x000011b8                GPIOPortQ1_IRQHandler
                0x000011b8                GPIOPortQ3_IRQHandler
                0x000011b8                Timer5B_IRQHandler
                0x000011b8                ADCSeq3_IRQHandler
                0x000011b8                WideTimer4A_IRQHandler
                0x000011b8                GPIOPortE_IRQHandler
                0x000011b8                CAN0_IRQHandler
                0x000011b8                GPIOPortQ0_IRQHandler
                0x000011b8                Comp0_IRQHandler
                0x000011b8                Comp1_IRQHandler
                0x000011b8                Comp2_IRQHandler
                0x000011b8                GPIOPortQ6_IRQHandler
                0x000011b8                SSI2_IRQHandler
                0x000011b8                PWM1Gen0_IRQHandler
                0x000011b8                GPIOPortF_IRQHandler
                0x000011b8                UART7_IRQHandler
                0x000011b8                UART6_IRQHandler
                0x000011b8                WideTimer2A_IRQHandler
                0x000011b8                GPIOPortB_IRQHandler
                0x000011b8                WideTimer3A_IRQHandler
                0x000011b8                CAN2_IRQHandler
                0x000011b8                WideTimer1B_IRQHandler
                0x000011b8                GPIOPortH_IRQHandler
                0x000011b8                GPIOPortQ2_IRQHandler
                0x000011b8                GPIOPortR_IRQHandler
                0x000011b8                Timer4B_IRQHandler
                0x000011b8                Timer2A_IRQHandler
                0x000011b8                SSI3_IRQHandler
                0x000011b8                Timer2B_IRQHandler
                0x000011b8                uDMAError_IRQHandler
                0x000011b8                GPIOPortN_IRQHandler
                0x000011b8                UART3_IRQHandler
                0x000011b8                SysCtrl_IRQHandler
                0x000011b8                Hibernate_IRQHandler
                0x000011b8                PWM1Gen1_IRQHandler
 .text.QHsm_top
                0x000011d0        0x4 C:/Users/hjroyal/Desktop/tm4c123gxl/myProject/debug/qep_hsm.o
                0x000011d0                QHsm_top
 .text.QHsm_init_
                0x000011d4      0x10c C:/Users/hjroyal/Desktop/tm4c123gxl/myProject/debug/qep_hsm.o
                0x000011d4                QHsm_init_
 .text.QHsm_isIn_
                0x000012e0       0x80 C:/Users/hjroyal/Desktop/tm4c123gxl/myProject/debug/qep_hsm.o
                0x000012e0                QHsm_isIn_
 .text.QHsm_ctor
                0x00001360       0x14 C:/Users/hjroyal/Desktop/tm4c123gxl/myProject/debug/qep_hsm.o
                0x00001360                QHsm_ctor
 .text.QHsm_tran_
                0x00001374      0x174 C:/Users/hjroyal/Desktop/tm4c123gxl/myProject/debug/qep_hsm.o
                0x00001374                QHsm_tran_
 .text.QHsm_dispatch_
                0x000014e8      0x1c0 C:/Users/hjroyal/Desktop/tm4c123gxl/myProject/debug/qep_hsm.o
                0x000014e8                QHsm_dispatch_
 .text.QF_bzero_
                0x000016a8       0x12 C:/Users/hjroyal/Desktop/tm4c123gxl/myProject/debug/qf_act.o
                0x000016a8                QF_bzero_
 *fill*         0x000016ba        0x2 
 .text.QF_LOG2  0x000016bc       0x24 C:/Users/hjroyal/Desktop/tm4c123gxl/myProject/debug/qf_act.o
                0x000016bc                QF_LOG2
 .text.QF_poolInit
                0x000016e0       0x68 C:/Users/hjroyal/Desktop/tm4c123gxl/myProject/debug/qf_dyn.o
                0x000016e0                QF_poolInit
 .text.QF_newX_
                0x00001748       0xa0 C:/Users/hjroyal/Desktop/tm4c123gxl/myProject/debug/qf_dyn.o
                0x00001748                QF_newX_
 .text.QF_gc    0x000017e8       0x7c C:/Users/hjroyal/Desktop/tm4c123gxl/myProject/debug/qf_dyn.o
                0x000017e8                QF_gc
 .text.QMPool_init
                0x00001864       0xb8 C:/Users/hjroyal/Desktop/tm4c123gxl/myProject/debug/qf_mem.o
                0x00001864                QMPool_init
 .text.QMPool_get
                0x0000191c       0x90 C:/Users/hjroyal/Desktop/tm4c123gxl/myProject/debug/qf_mem.o
                0x0000191c                QMPool_get
 .text.QMPool_put
                0x000019ac       0x48 C:/Users/hjroyal/Desktop/tm4c123gxl/myProject/debug/qf_mem.o
                0x000019ac                QMPool_put
 .text.QActive_psInit
                0x000019f4       0x2c C:/Users/hjroyal/Desktop/tm4c123gxl/myProject/debug/qf_ps.o
                0x000019f4                QActive_psInit
 .text.QActive_publish_
                0x00001a20      0x124 C:/Users/hjroyal/Desktop/tm4c123gxl/myProject/debug/qf_ps.o
                0x00001a20                QActive_publish_
 .text.QActive_subscribe
                0x00001b44       0x88 C:/Users/hjroyal/Desktop/tm4c123gxl/myProject/debug/qf_ps.o
                0x00001b44                QActive_subscribe
 .text.QActive_ctor
                0x00001bcc       0x20 C:/Users/hjroyal/Desktop/tm4c123gxl/myProject/debug/qf_qact.o
                0x00001bcc                QActive_ctor
 .text.QActive_register_
                0x00001bec       0xbc C:/Users/hjroyal/Desktop/tm4c123gxl/myProject/debug/qf_qact.o
                0x00001bec                QActive_register_
 .text.QTimeEvt_ctorX
                0x00001ca8       0x3c C:/Users/hjroyal/Desktop/tm4c123gxl/myProject/debug/qf_time.o
                0x00001ca8                QTimeEvt_ctorX
 .text.QTimeEvt_armX
                0x00001ce4       0x64 C:/Users/hjroyal/Desktop/tm4c123gxl/myProject/debug/qf_time.o
                0x00001ce4                QTimeEvt_armX
 .text.QTimeEvt_disarm
                0x00001d48       0x30 C:/Users/hjroyal/Desktop/tm4c123gxl/myProject/debug/qf_time.o
                0x00001d48                QTimeEvt_disarm
 .text.QTimeEvt_tick_
                0x00001d78       0xd0 C:/Users/hjroyal/Desktop/tm4c123gxl/myProject/debug/qf_time.o
                0x00001d78                QTimeEvt_tick_
 .text.QF_init  0x00001e48        0x8 C:/Users/hjroyal/Desktop/tm4c123gxl/myProject/debug/qf_port.o
                0x00001e48                QF_init
 .text.QF_run   0x00001e50        0xe C:/Users/hjroyal/Desktop/tm4c123gxl/myProject/debug/qf_port.o
                0x00001e50                QF_run
 *fill*         0x00001e5e        0x2 
 .text.QActive_start_
                0x00001e60       0x9c C:/Users/hjroyal/Desktop/tm4c123gxl/myProject/debug/qf_port.o
                0x00001e60                QActive_start_
 .text.QActive_post_
                0x00001efc       0x78 C:/Users/hjroyal/Desktop/tm4c123gxl/myProject/debug/qf_port.o
                0x00001efc                QActive_post_
 .text.QActive_get_
                0x00001f74       0x38 C:/Users/hjroyal/Desktop/tm4c123gxl/myProject/debug/qf_port.o
                0x00001f74                QActive_get_
 .text.task_function
                0x00001fac       0x20 C:/Users/hjroyal/Desktop/tm4c123gxl/myProject/debug/qf_port.o
 .text.OS_SchedNew
                0x00001fcc       0x28 C:/Users/hjroyal/Desktop/tm4c123gxl/myProject/debug/os_core.o
 .text.OS_TaskIdle
                0x00001ff4       0x20 C:/Users/hjroyal/Desktop/tm4c123gxl/myProject/debug/os_core.o
                0x00001ff4                OS_TaskIdle
 .text.OSEventNameSet
                0x00002014       0x48 C:/Users/hjroyal/Desktop/tm4c123gxl/myProject/debug/os_core.o
                0x00002014                OSEventNameSet
 .text.OSIntEnter
                0x0000205c       0x24 C:/Users/hjroyal/Desktop/tm4c123gxl/myProject/debug/os_core.o
                0x0000205c                OSIntEnter
 .text.OSIntExit
                0x00002080       0x84 C:/Users/hjroyal/Desktop/tm4c123gxl/myProject/debug/os_core.o
                0x00002080                OSIntExit
 .text.OSSchedLock
                0x00002104       0x38 C:/Users/hjroyal/Desktop/tm4c123gxl/myProject/debug/os_core.o
                0x00002104                OSSchedLock
 .text.OSStart  0x0000213c       0x44 C:/Users/hjroyal/Desktop/tm4c123gxl/myProject/debug/os_core.o
                0x0000213c                OSStart
 .text.OSTimeTick
                0x00002180       0xcc C:/Users/hjroyal/Desktop/tm4c123gxl/myProject/debug/os_core.o
                0x00002180                OSTimeTick
 .text.OS_Dummy
                0x0000224c        0x2 C:/Users/hjroyal/Desktop/tm4c123gxl/myProject/debug/os_core.o
                0x0000224c                OS_Dummy
 *fill*         0x0000224e        0x2 
 .text.OS_EventTaskWait
                0x00002250       0x54 C:/Users/hjroyal/Desktop/tm4c123gxl/myProject/debug/os_core.o
                0x00002250                OS_EventTaskWait
 .text.OS_EventTaskRemove
                0x000022a4       0x26 C:/Users/hjroyal/Desktop/tm4c123gxl/myProject/debug/os_core.o
                0x000022a4                OS_EventTaskRemove
 *fill*         0x000022ca        0x2 
 .text.OS_EventTaskRdy
                0x000022cc       0x74 C:/Users/hjroyal/Desktop/tm4c123gxl/myProject/debug/os_core.o
                0x000022cc                OS_EventTaskRdy
 .text.OS_EventWaitListInit
                0x00002340       0x16 C:/Users/hjroyal/Desktop/tm4c123gxl/myProject/debug/os_core.o
                0x00002340                OS_EventWaitListInit
 .text.OS_MemClr
                0x00002356       0x12 C:/Users/hjroyal/Desktop/tm4c123gxl/myProject/debug/os_core.o
                0x00002356                OS_MemClr
 .text.OSInit   0x00002368      0x1cc C:/Users/hjroyal/Desktop/tm4c123gxl/myProject/debug/os_core.o
                0x00002368                OSInit
 .text.OS_Sched
                0x00002534       0x68 C:/Users/hjroyal/Desktop/tm4c123gxl/myProject/debug/os_core.o
                0x00002534                OS_Sched
 .text.OSSchedUnlock
                0x0000259c       0x50 C:/Users/hjroyal/Desktop/tm4c123gxl/myProject/debug/os_core.o
                0x0000259c                OSSchedUnlock
 .text.OS_TaskStatStkChk
                0x000025ec       0x40 C:/Users/hjroyal/Desktop/tm4c123gxl/myProject/debug/os_core.o
                0x000025ec                OS_TaskStatStkChk
 .text.OS_TaskStat
                0x0000262c       0xd0 C:/Users/hjroyal/Desktop/tm4c123gxl/myProject/debug/os_core.o
                0x0000262c                OS_TaskStat
 .text.OS_TCBInit
                0x000026fc      0x104 C:/Users/hjroyal/Desktop/tm4c123gxl/myProject/debug/os_core.o
                0x000026fc                OS_TCBInit
 .text.OS_FlagInit
                0x00002800       0x4c C:/Users/hjroyal/Desktop/tm4c123gxl/myProject/debug/os_flag.o
                0x00002800                OS_FlagInit
 .text.OS_FlagUnlink
                0x0000284c       0x22 C:/Users/hjroyal/Desktop/tm4c123gxl/myProject/debug/os_flag.o
                0x0000284c                OS_FlagUnlink
 *fill*         0x0000286e        0x2 
 .text.OS_MemInit
                0x00002870       0x48 C:/Users/hjroyal/Desktop/tm4c123gxl/myProject/debug/os_mem.o
                0x00002870                OS_MemInit
 .text.OSQCreate
                0x000028b8       0x88 C:/Users/hjroyal/Desktop/tm4c123gxl/myProject/debug/os_q.o
                0x000028b8                OSQCreate
 .text.OSQPend  0x00002940       0xf4 C:/Users/hjroyal/Desktop/tm4c123gxl/myProject/debug/os_q.o
                0x00002940                OSQPend
 .text.OSQPost  0x00002a34       0x72 C:/Users/hjroyal/Desktop/tm4c123gxl/myProject/debug/os_q.o
                0x00002a34                OSQPost
 *fill*         0x00002aa6        0x2 
 .text.OS_QInit
                0x00002aa8       0x38 C:/Users/hjroyal/Desktop/tm4c123gxl/myProject/debug/os_q.o
                0x00002aa8                OS_QInit
 .text.OSSemCreate
                0x00002ae0       0x4c C:/Users/hjroyal/Desktop/tm4c123gxl/myProject/debug/os_sem.o
                0x00002ae0                OSSemCreate
 .text.OSSemPend
                0x00002b2c       0xd0 C:/Users/hjroyal/Desktop/tm4c123gxl/myProject/debug/os_sem.o
                0x00002b2c                OSSemPend
 .text.OSSemPost
                0x00002bfc       0x58 C:/Users/hjroyal/Desktop/tm4c123gxl/myProject/debug/os_sem.o
                0x00002bfc                OSSemPost
 .text.OSTaskDel
                0x00002c54      0x158 C:/Users/hjroyal/Desktop/tm4c123gxl/myProject/debug/os_task.o
                0x00002c54                OSTaskDel
 .text.OSTaskNameSet
                0x00002dac       0x78 C:/Users/hjroyal/Desktop/tm4c123gxl/myProject/debug/os_task.o
                0x00002dac                OSTaskNameSet
 .text.OSTaskStkChk
                0x00002e24       0xa0 C:/Users/hjroyal/Desktop/tm4c123gxl/myProject/debug/os_task.o
                0x00002e24                OSTaskStkChk
 .text.OSTaskSuspend
                0x00002ec4       0xb0 C:/Users/hjroyal/Desktop/tm4c123gxl/myProject/debug/os_task.o
                0x00002ec4                OSTaskSuspend
 .text.OS_TaskReturn
                0x00002f74       0x18 C:/Users/hjroyal/Desktop/tm4c123gxl/myProject/debug/os_task.o
                0x00002f74                OS_TaskReturn
 .text.OS_TaskStkClr
                0x00002f8c       0x1a C:/Users/hjroyal/Desktop/tm4c123gxl/myProject/debug/os_task.o
                0x00002f8c                OS_TaskStkClr
 *fill*         0x00002fa6        0x2 
 .text.OSTaskCreateExt
                0x00002fa8       0xb4 C:/Users/hjroyal/Desktop/tm4c123gxl/myProject/debug/os_task.o
                0x00002fa8                OSTaskCreateExt
 .text.OSTimeDly
                0x0000305c       0x60 C:/Users/hjroyal/Desktop/tm4c123gxl/myProject/debug/os_time.o
                0x0000305c                OSTimeDly
 .text.OSTmr_Link
                0x000030bc       0x84 C:/Users/hjroyal/Desktop/tm4c123gxl/myProject/debug/os_tmr.o
 .text.OSTmr_Unlink
                0x00003140       0x60 C:/Users/hjroyal/Desktop/tm4c123gxl/myProject/debug/os_tmr.o
 .text.OSTmr_Task
                0x000031a0       0x9c C:/Users/hjroyal/Desktop/tm4c123gxl/myProject/debug/os_tmr.o
 .text.OSTmrSignal
                0x0000323c       0x10 C:/Users/hjroyal/Desktop/tm4c123gxl/myProject/debug/os_tmr.o
                0x0000323c                OSTmrSignal
 .text.OSTmr_Init
                0x0000324c       0xfc C:/Users/hjroyal/Desktop/tm4c123gxl/myProject/debug/os_tmr.o
                0x0000324c                OSTmr_Init
 .text.OSDebugInit
                0x00003348        0x2 C:/Users/hjroyal/Desktop/tm4c123gxl/myProject/debug/os_dbg.o
                0x00003348                OSDebugInit
 *fill*         0x0000334a        0x2 
 .text.OSInitHookBegin
                0x0000334c       0x50 C:/Users/hjroyal/Desktop/tm4c123gxl/myProject/debug/os_cpu_c.o
                0x0000334c                OSInitHookBegin
 .text.OSInitHookEnd
                0x0000339c        0x2 C:/Users/hjroyal/Desktop/tm4c123gxl/myProject/debug/os_cpu_c.o
                0x0000339c                OSInitHookEnd
 .text.OSTaskCreateHook
                0x0000339e        0x8 C:/Users/hjroyal/Desktop/tm4c123gxl/myProject/debug/os_cpu_c.o
                0x0000339e                OSTaskCreateHook
 .text.OSTaskDelHook
                0x000033a6        0x8 C:/Users/hjroyal/Desktop/tm4c123gxl/myProject/debug/os_cpu_c.o
                0x000033a6                OSTaskDelHook
 .text.OSTaskIdleHook
                0x000033ae        0x8 C:/Users/hjroyal/Desktop/tm4c123gxl/myProject/debug/os_cpu_c.o
                0x000033ae                OSTaskIdleHook
 .text.OSTaskReturnHook
                0x000033b6        0x8 C:/Users/hjroyal/Desktop/tm4c123gxl/myProject/debug/os_cpu_c.o
                0x000033b6                OSTaskReturnHook
 .text.OSTaskStatHook
                0x000033be        0x8 C:/Users/hjroyal/Desktop/tm4c123gxl/myProject/debug/os_cpu_c.o
                0x000033be                OSTaskStatHook
 *fill*         0x000033c6        0x2 
 .text.OSTaskStkInit
                0x000033c8      0x198 C:/Users/hjroyal/Desktop/tm4c123gxl/myProject/debug/os_cpu_c.o
                0x000033c8                OSTaskStkInit
 .text.OSTaskSwHook
                0x00003560       0x24 C:/Users/hjroyal/Desktop/tm4c123gxl/myProject/debug/os_cpu_c.o
                0x00003560                OSTaskSwHook
 .text.OSTCBInitHook
                0x00003584        0x8 C:/Users/hjroyal/Desktop/tm4c123gxl/myProject/debug/os_cpu_c.o
                0x00003584                OSTCBInitHook
 .text.OSTimeTickHook
                0x0000358c       0x28 C:/Users/hjroyal/Desktop/tm4c123gxl/myProject/debug/os_cpu_c.o
                0x0000358c                OSTimeTickHook
 .text.SysTick_Handler
                0x000035b4       0x1e C:/Users/hjroyal/Desktop/tm4c123gxl/myProject/debug/os_cpu_c.o
                0x000035b4                SysTick_Handler
 *fill*         0x000035d2        0x2 
 .text.__libc_init_array
                0x000035d4       0x48 c:/qp/qtools/gnu_arm-none-eabi/bin/../lib/gcc/arm-none-eabi/10.3.1/../../../../arm-none-eabi/lib/thumb/v7e-m+dp/softfp\libc_nano.a(lib_a-init.o)
                0x000035d4                __libc_init_array
 *(.rodata)
 *(.rodata*)
 .rodata.pauseEvt.7
                0x0000361c        0x4 C:/Users/hjroyal/Desktop/tm4c123gxl/myProject/debug/bsp.o
 .rodata.serveEvt.6
                0x00003620        0x4 C:/Users/hjroyal/Desktop/tm4c123gxl/myProject/debug/bsp.o
 .rodata.AO_Philo
                0x00003624       0x14 C:/Users/hjroyal/Desktop/tm4c123gxl/myProject/debug/philo.o
                0x00003624                AO_Philo
 .rodata.Q_this_module_
                0x00003638       0x38 C:/Users/hjroyal/Desktop/tm4c123gxl/myProject/debug/philo.o
 .rodata.Table_initial.str1.4
                0x00003670        0x9 C:/Users/hjroyal/Desktop/tm4c123gxl/myProject/debug/table.o
 *fill*         0x00003679        0x3 
 .rodata.Table_serving.str1.4
                0x0000367c       0x15 C:/Users/hjroyal/Desktop/tm4c123gxl/myProject/debug/table.o
 *fill*         0x00003691        0x3 
 .rodata.AO_Table
                0x00003694        0x4 C:/Users/hjroyal/Desktop/tm4c123gxl/myProject/debug/table.o
                0x00003694                AO_Table
 .rodata.Q_this_module_
                0x00003698       0x38 C:/Users/hjroyal/Desktop/tm4c123gxl/myProject/debug/table.o
 .rodata.Reset_Handler.str1.4
                0x000036d0        0xe C:/Users/hjroyal/Desktop/tm4c123gxl/myProject/debug/startup_TM4C123GH6PM.o
 *fill*         0x000036de        0x2 
 .rodata.NMI_Handler.str1.4
                0x000036e0        0x4 C:/Users/hjroyal/Desktop/tm4c123gxl/myProject/debug/startup_TM4C123GH6PM.o
 .rodata.HardFault_Handler.str1.4
                0x000036e4        0xa C:/Users/hjroyal/Desktop/tm4c123gxl/myProject/debug/startup_TM4C123GH6PM.o
 *fill*         0x000036ee        0x2 
 .rodata.MemManage_Handler.str1.4
                0x000036f0        0xa C:/Users/hjroyal/Desktop/tm4c123gxl/myProject/debug/startup_TM4C123GH6PM.o
 *fill*         0x000036fa        0x2 
 .rodata.BusFault_Handler.str1.4
                0x000036fc        0x9 C:/Users/hjroyal/Desktop/tm4c123gxl/myProject/debug/startup_TM4C123GH6PM.o
 *fill*         0x00003705        0x3 
 .rodata.UsageFault_Handler.str1.4
                0x00003708        0xb C:/Users/hjroyal/Desktop/tm4c123gxl/myProject/debug/startup_TM4C123GH6PM.o
 *fill*         0x00003713        0x1 
 .rodata.Default_Handler.str1.4
                0x00003714        0x8 C:/Users/hjroyal/Desktop/tm4c123gxl/myProject/debug/startup_TM4C123GH6PM.o
 .rodata.QEvt_reserved_
                0x0000371c       0x10 C:/Users/hjroyal/Desktop/tm4c123gxl/myProject/debug/qep_hsm.o
                0x0000371c                QEvt_reserved_
 .rodata.Q_this_module_
                0x0000372c        0x8 C:/Users/hjroyal/Desktop/tm4c123gxl/myProject/debug/qep_hsm.o
 .rodata.vtable.0
                0x00003734        0xc C:/Users/hjroyal/Desktop/tm4c123gxl/myProject/debug/qep_hsm.o
 .rodata.log2LUT.0
                0x00003740       0x10 C:/Users/hjroyal/Desktop/tm4c123gxl/myProject/debug/qf_act.o
 .rodata.Q_this_module_
                0x00003750        0x7 C:/Users/hjroyal/Desktop/tm4c123gxl/myProject/debug/qf_dyn.o
 *fill*         0x00003757        0x1 
 .rodata.Q_this_module_
                0x00003758        0x7 C:/Users/hjroyal/Desktop/tm4c123gxl/myProject/debug/qf_mem.o
 *fill*         0x0000375f        0x1 
 .rodata.Q_this_module_
                0x00003760        0x6 C:/Users/hjroyal/Desktop/tm4c123gxl/myProject/debug/qf_ps.o
 *fill*         0x00003766        0x2 
 .rodata.Q_this_module_
                0x00003768        0x8 C:/Users/hjroyal/Desktop/tm4c123gxl/myProject/debug/qf_qact.o
 .rodata.vtable.0
                0x00003770        0xc C:/Users/hjroyal/Desktop/tm4c123gxl/myProject/debug/qf_qact.o
 .rodata.Q_this_module_
                0x0000377c        0x8 C:/Users/hjroyal/Desktop/tm4c123gxl/myProject/debug/qf_time.o
 .rodata.Q_this_module_
                0x00003784        0x8 C:/Users/hjroyal/Desktop/tm4c123gxl/myProject/debug/qf_port.o
 .rodata.OSInit.str1.4
                0x0000378c       0x22 C:/Users/hjroyal/Desktop/tm4c123gxl/myProject/debug/os_core.o
 *fill*         0x000037ae        0x2 
 .rodata.OSUnMapTbl
                0x000037b0      0x100 C:/Users/hjroyal/Desktop/tm4c123gxl/myProject/debug/os_core.o
                0x000037b0                OSUnMapTbl
 .rodata.OSFlagCreate.str1.4
                0x000038b0        0x2 C:/Users/hjroyal/Desktop/tm4c123gxl/myProject/debug/os_flag.o
 .rodata.OS_MemInit.str1.4
                0x000038b0        0x2 C:/Users/hjroyal/Desktop/tm4c123gxl/myProject/debug/os_mem.o
 .rodata.OSQCreate.str1.4
                0x000038b0        0x2 C:/Users/hjroyal/Desktop/tm4c123gxl/myProject/debug/os_q.o
 .rodata.OSSemCreate.str1.4
                0x000038b0        0x2 C:/Users/hjroyal/Desktop/tm4c123gxl/myProject/debug/os_sem.o
 .rodata.OSTaskDel.str1.4
                0x000038b0        0x2 C:/Users/hjroyal/Desktop/tm4c123gxl/myProject/debug/os_task.o
 .rodata.OSTmr_Free.str1.4
                0x000038b0        0x2 C:/Users/hjroyal/Desktop/tm4c123gxl/myProject/debug/os_tmr.o
 .rodata.OSTmr_Init.str1.4
                0x000038b0       0x35 C:/Users/hjroyal/Desktop/tm4c123gxl/myProject/debug/os_tmr.o
 *(.init)
 *fill*         0x000038e5        0x3 
 .init          0x000038e8        0x4 c:/qp/qtools/gnu_arm-none-eabi/bin/../lib/gcc/arm-none-eabi/10.3.1/thumb/v7e-m+dp/softfp/crti.o
                0x000038e8                _init
 .init          0x000038ec        0x8 c:/qp/qtools/gnu_arm-none-eabi/bin/../lib/gcc/arm-none-eabi/10.3.1/thumb/v7e-m+dp/softfp/crtn.o
 *(.fini)
 .fini          0x000038f4        0x4 c:/qp/qtools/gnu_arm-none-eabi/bin/../lib/gcc/arm-none-eabi/10.3.1/thumb/v7e-m+dp/softfp/crti.o
                0x000038f4                _fini
 .fini          0x000038f8        0x8 c:/qp/qtools/gnu_arm-none-eabi/bin/../lib/gcc/arm-none-eabi/10.3.1/thumb/v7e-m+dp/softfp/crtn.o
                0x00003900                . = ALIGN (0x4)

.glue_7         0x00003900        0x0
 .glue_7        0x00003900        0x0 linker stubs

.glue_7t        0x00003900        0x0
 .glue_7t       0x00003900        0x0 linker stubs

.vfp11_veneer   0x00003900        0x0
 .vfp11_veneer  0x00003900        0x0 linker stubs

.v4_bx          0x00003900        0x0
 .v4_bx         0x00003900        0x0 linker stubs

.iplt           0x00003900        0x0
 .iplt          0x00003900        0x0 c:/qp/qtools/gnu_arm-none-eabi/bin/../lib/gcc/arm-none-eabi/10.3.1/thumb/v7e-m+dp/softfp/crtbegin.o

.rel.dyn        0x00003900        0x0
 .rel.iplt      0x00003900        0x0 c:/qp/qtools/gnu_arm-none-eabi/bin/../lib/gcc/arm-none-eabi/10.3.1/thumb/v7e-m+dp/softfp/crtbegin.o

.preinit_array  0x00003900        0x0
                0x00003900                PROVIDE (__preinit_array_start = .)
 *(.preinit_array*)
                0x00003900                PROVIDE (__preinit_array_end = .)

.init_array     0x00003900        0x4
                0x00003900                PROVIDE (__init_array_start = .)
 *(SORT_BY_NAME(.init_array.*))
 *(.init_array*)
 .init_array    0x00003900        0x4 c:/qp/qtools/gnu_arm-none-eabi/bin/../lib/gcc/arm-none-eabi/10.3.1/thumb/v7e-m+dp/softfp/crtbegin.o
                0x00003904                PROVIDE (__init_array_end = .)

.fini_array     0x00003904        0x4
                [!provide]                PROVIDE (__fini_array_start = .)
 *(.fini_array*)
 .fini_array    0x00003904        0x4 c:/qp/qtools/gnu_arm-none-eabi/bin/../lib/gcc/arm-none-eabi/10.3.1/thumb/v7e-m+dp/softfp/crtbegin.o
 *(SORT_BY_NAME(.fini_array.*))
                [!provide]                PROVIDE (__fini_array_end = .)
                0x00003908                _etext = .

.stack          0x20000000      0x800
                0x20000000                __stack_start__ = .
                0x20000800                . = (. + STACK_SIZE)
 *fill*         0x20000000      0x800 
                0x20000800                . = ALIGN (0x4)
                0x20000800                __stack_end__ = .

.data           0x20000800        0x4 load address 0x00003908
                0x00003908                __data_load = LOADADDR (.data)
                0x20000800                __data_start = .
 *(.data)
 *(.data*)
 .data.SystemCoreClock
                0x20000800        0x4 C:/Users/hjroyal/Desktop/tm4c123gxl/myProject/debug/system_TM4C123GH6PM.o
                0x20000800                SystemCoreClock
                0x20000804                . = ALIGN (0x4)
                0x20000804                __data_end__ = .
                0x20000804                _edata = __data_end__

.igot.plt       0x20000804        0x0 load address 0x0000390c
 .igot.plt      0x20000804        0x0 c:/qp/qtools/gnu_arm-none-eabi/bin/../lib/gcc/arm-none-eabi/10.3.1/thumb/v7e-m+dp/softfp/crtbegin.o

.bss            0x20000804     0x28b0 load address 0x0000390c
                0x20000804                __bss_start__ = .
 *(.bss)
 .bss           0x20000804       0x1c c:/qp/qtools/gnu_arm-none-eabi/bin/../lib/gcc/arm-none-eabi/10.3.1/thumb/v7e-m+dp/softfp/crtbegin.o
 *(.bss*)
 .bss.buttons.8
                0x20000820        0x8 C:/Users/hjroyal/Desktop/tm4c123gxl/myProject/debug/bsp.o
 .bss.l_rndSeed
                0x20000828        0x4 C:/Users/hjroyal/Desktop/tm4c123gxl/myProject/debug/bsp.o
 .bss.philoQueueSto.3
                0x2000082c       0xc8 C:/Users/hjroyal/Desktop/tm4c123gxl/myProject/debug/bsp.o
 .bss.philoStack.2
                0x200008f4      0xa00 C:/Users/hjroyal/Desktop/tm4c123gxl/myProject/debug/bsp.o
 .bss.smlPoolSto.5
                0x200012f4       0x50 C:/Users/hjroyal/Desktop/tm4c123gxl/myProject/debug/bsp.o
 .bss.subscrSto.4
                0x20001344       0x48 C:/Users/hjroyal/Desktop/tm4c123gxl/myProject/debug/bsp.o
 .bss.tableQueueSto.1
                0x2000138c       0x14 C:/Users/hjroyal/Desktop/tm4c123gxl/myProject/debug/bsp.o
 .bss.tableStack.0
                0x200013a0      0x200 C:/Users/hjroyal/Desktop/tm4c123gxl/myProject/debug/bsp.o
 .bss.Philo_inst
                0x200015a0      0x104 C:/Users/hjroyal/Desktop/tm4c123gxl/myProject/debug/philo.o
                0x200015a0                Philo_inst
 .bss.Table_inst
                0x200016a4       0x28 C:/Users/hjroyal/Desktop/tm4c123gxl/myProject/debug/table.o
                0x200016a4                Table_inst
 .bss.QActive_registry_
                0x200016cc       0x84 C:/Users/hjroyal/Desktop/tm4c123gxl/myProject/debug/qf_act.o
                0x200016cc                QActive_registry_
 .bss.QF_priv_  0x20001750       0x40 C:/Users/hjroyal/Desktop/tm4c123gxl/myProject/debug/qf_act.o
                0x20001750                QF_priv_
 .bss.QActive_maxPubSignal_
                0x20001790        0x4 C:/Users/hjroyal/Desktop/tm4c123gxl/myProject/debug/qf_ps.o
                0x20001790                QActive_maxPubSignal_
 .bss.QActive_subscrList_
                0x20001794        0x4 C:/Users/hjroyal/Desktop/tm4c123gxl/myProject/debug/qf_ps.o
                0x20001794                QActive_subscrList_
 .bss.QTimeEvt_timeEvtHead_
                0x20001798       0x14 C:/Users/hjroyal/Desktop/tm4c123gxl/myProject/debug/qf_time.o
                0x20001798                QTimeEvt_timeEvtHead_
 .bss.OSCPUUsage
                0x200017ac        0x1 C:/Users/hjroyal/Desktop/tm4c123gxl/myProject/debug/os_core.o
                0x200017ac                OSCPUUsage
 *fill*         0x200017ad        0x3 
 .bss.OSCtxSwCtr
                0x200017b0        0x4 C:/Users/hjroyal/Desktop/tm4c123gxl/myProject/debug/os_core.o
                0x200017b0                OSCtxSwCtr
 .bss.OSEventFreeList
                0x200017b4        0x4 C:/Users/hjroyal/Desktop/tm4c123gxl/myProject/debug/os_core.o
                0x200017b4                OSEventFreeList
 .bss.OSEventTbl
                0x200017b8       0xf0 C:/Users/hjroyal/Desktop/tm4c123gxl/myProject/debug/os_core.o
                0x200017b8                OSEventTbl
 .bss.OSFlagFreeList
                0x200018a8        0x4 C:/Users/hjroyal/Desktop/tm4c123gxl/myProject/debug/os_core.o
                0x200018a8                OSFlagFreeList
 .bss.OSFlagTbl
                0x200018ac       0x50 C:/Users/hjroyal/Desktop/tm4c123gxl/myProject/debug/os_core.o
                0x200018ac                OSFlagTbl
 .bss.OSIdleCtr
                0x200018fc        0x4 C:/Users/hjroyal/Desktop/tm4c123gxl/myProject/debug/os_core.o
                0x200018fc                OSIdleCtr
 .bss.OSIdleCtrMax
                0x20001900        0x4 C:/Users/hjroyal/Desktop/tm4c123gxl/myProject/debug/os_core.o
                0x20001900                OSIdleCtrMax
 .bss.OSIdleCtrRun
                0x20001904        0x4 C:/Users/hjroyal/Desktop/tm4c123gxl/myProject/debug/os_core.o
                0x20001904                OSIdleCtrRun
 .bss.OSIntNesting
                0x20001908        0x1 C:/Users/hjroyal/Desktop/tm4c123gxl/myProject/debug/os_core.o
                0x20001908                OSIntNesting
 .bss.OSLockNesting
                0x20001909        0x1 C:/Users/hjroyal/Desktop/tm4c123gxl/myProject/debug/os_core.o
                0x20001909                OSLockNesting
 *fill*         0x2000190a        0x2 
 .bss.OSMemFreeList
                0x2000190c        0x4 C:/Users/hjroyal/Desktop/tm4c123gxl/myProject/debug/os_core.o
                0x2000190c                OSMemFreeList
 .bss.OSMemTbl  0x20001910       0x78 C:/Users/hjroyal/Desktop/tm4c123gxl/myProject/debug/os_core.o
                0x20001910                OSMemTbl
 .bss.OSPrioCur
                0x20001988        0x1 C:/Users/hjroyal/Desktop/tm4c123gxl/myProject/debug/os_core.o
                0x20001988                OSPrioCur
 .bss.OSPrioHighRdy
                0x20001989        0x1 C:/Users/hjroyal/Desktop/tm4c123gxl/myProject/debug/os_core.o
                0x20001989                OSPrioHighRdy
 *fill*         0x2000198a        0x2 
 .bss.OSQFreeList
                0x2000198c        0x4 C:/Users/hjroyal/Desktop/tm4c123gxl/myProject/debug/os_core.o
                0x2000198c                OSQFreeList
 .bss.OSQTbl    0x20001990      0x1e0 C:/Users/hjroyal/Desktop/tm4c123gxl/myProject/debug/os_core.o
                0x20001990                OSQTbl
 .bss.OSRdyGrp  0x20001b70        0x1 C:/Users/hjroyal/Desktop/tm4c123gxl/myProject/debug/os_core.o
                0x20001b70                OSRdyGrp
 *fill*         0x20001b71        0x3 
 .bss.OSRdyTbl  0x20001b74        0x8 C:/Users/hjroyal/Desktop/tm4c123gxl/myProject/debug/os_core.o
                0x20001b74                OSRdyTbl
 .bss.OSRunning
                0x20001b7c        0x1 C:/Users/hjroyal/Desktop/tm4c123gxl/myProject/debug/os_core.o
                0x20001b7c                OSRunning
 .bss.OSStatRdy
                0x20001b7d        0x1 C:/Users/hjroyal/Desktop/tm4c123gxl/myProject/debug/os_core.o
                0x20001b7d                OSStatRdy
 *fill*         0x20001b7e        0x2 
 .bss.OSTCBCur  0x20001b80        0x4 C:/Users/hjroyal/Desktop/tm4c123gxl/myProject/debug/os_core.o
                0x20001b80                OSTCBCur
 .bss.OSTCBFreeList
                0x20001b84        0x4 C:/Users/hjroyal/Desktop/tm4c123gxl/myProject/debug/os_core.o
                0x20001b84                OSTCBFreeList
 .bss.OSTCBHighRdy
                0x20001b88        0x4 C:/Users/hjroyal/Desktop/tm4c123gxl/myProject/debug/os_core.o
                0x20001b88                OSTCBHighRdy
 .bss.OSTCBList
                0x20001b8c        0x4 C:/Users/hjroyal/Desktop/tm4c123gxl/myProject/debug/os_core.o
                0x20001b8c                OSTCBList
 .bss.OSTCBPrioTbl
                0x20001b90      0x100 C:/Users/hjroyal/Desktop/tm4c123gxl/myProject/debug/os_core.o
                0x20001b90                OSTCBPrioTbl
 .bss.OSTCBTbl  0x20001c90      0x738 C:/Users/hjroyal/Desktop/tm4c123gxl/myProject/debug/os_core.o
                0x20001c90                OSTCBTbl
 .bss.OSTaskCtr
                0x200023c8        0x1 C:/Users/hjroyal/Desktop/tm4c123gxl/myProject/debug/os_core.o
                0x200023c8                OSTaskCtr
 *fill*         0x200023c9        0x3 
 .bss.OSTaskIdleStk
                0x200023cc      0x200 C:/Users/hjroyal/Desktop/tm4c123gxl/myProject/debug/os_core.o
                0x200023cc                OSTaskIdleStk
 .bss.OSTaskRegNextAvailID
                0x200025cc        0x1 C:/Users/hjroyal/Desktop/tm4c123gxl/myProject/debug/os_core.o
                0x200025cc                OSTaskRegNextAvailID
 *fill*         0x200025cd        0x3 
 .bss.OSTaskStatStk
                0x200025d0      0x200 C:/Users/hjroyal/Desktop/tm4c123gxl/myProject/debug/os_core.o
                0x200025d0                OSTaskStatStk
 .bss.OSTickStepState
                0x200027d0        0x1 C:/Users/hjroyal/Desktop/tm4c123gxl/myProject/debug/os_core.o
                0x200027d0                OSTickStepState
 *fill*         0x200027d1        0x3 
 .bss.OSTime    0x200027d4        0x4 C:/Users/hjroyal/Desktop/tm4c123gxl/myProject/debug/os_core.o
                0x200027d4                OSTime
 .bss.OSTmrFree
                0x200027d8        0x2 C:/Users/hjroyal/Desktop/tm4c123gxl/myProject/debug/os_core.o
                0x200027d8                OSTmrFree
 *fill*         0x200027da        0x2 
 .bss.OSTmrFreeList
                0x200027dc        0x4 C:/Users/hjroyal/Desktop/tm4c123gxl/myProject/debug/os_core.o
                0x200027dc                OSTmrFreeList
 .bss.OSTmrSem  0x200027e0        0x4 C:/Users/hjroyal/Desktop/tm4c123gxl/myProject/debug/os_core.o
                0x200027e0                OSTmrSem
 .bss.OSTmrSemSignal
                0x200027e4        0x4 C:/Users/hjroyal/Desktop/tm4c123gxl/myProject/debug/os_core.o
                0x200027e4                OSTmrSemSignal
 .bss.OSTmrTaskStk
                0x200027e8      0x200 C:/Users/hjroyal/Desktop/tm4c123gxl/myProject/debug/os_core.o
                0x200027e8                OSTmrTaskStk
 .bss.OSTmrTbl  0x200029e8      0x280 C:/Users/hjroyal/Desktop/tm4c123gxl/myProject/debug/os_core.o
                0x200029e8                OSTmrTbl
 .bss.OSTmrTime
                0x20002c68        0x4 C:/Users/hjroyal/Desktop/tm4c123gxl/myProject/debug/os_core.o
                0x20002c68                OSTmrTime
 .bss.OSTmrUsed
                0x20002c6c        0x2 C:/Users/hjroyal/Desktop/tm4c123gxl/myProject/debug/os_core.o
                0x20002c6c                OSTmrUsed
 *fill*         0x20002c6e        0x2 
 .bss.OSTmrWheelTbl
                0x20002c70       0x38 C:/Users/hjroyal/Desktop/tm4c123gxl/myProject/debug/os_core.o
                0x20002c70                OSTmrWheelTbl
 .bss.OSTmrCtr  0x20002ca8        0x2 C:/Users/hjroyal/Desktop/tm4c123gxl/myProject/debug/os_cpu_c.o
 *fill*         0x20002caa        0x2 
 .bss.OS_CPU_ExceptStk
                0x20002cac      0x400 C:/Users/hjroyal/Desktop/tm4c123gxl/myProject/debug/os_cpu_c.o
                0x20002cac                OS_CPU_ExceptStk
 .bss.OS_CPU_ExceptStkBase
                0x200030ac        0x4 C:/Users/hjroyal/Desktop/tm4c123gxl/myProject/debug/os_cpu_c.o
                0x200030ac                OS_CPU_ExceptStkBase
 .bss.OS_KA_BASEPRI_Boundary
                0x200030b0        0x4 C:/Users/hjroyal/Desktop/tm4c123gxl/myProject/debug/os_cpu_c.o
                0x200030b0                OS_KA_BASEPRI_Boundary
 *(COMMON)
                0x200030b4                . = ALIGN (0x4)
                0x200030b4                _ebss = .
                0x200030b4                __bss_end__ = .
                0x200030b4                __exidx_start = .

.ARM.exidx
 *(.ARM.exidx* .gnu.linkonce.armexidx.*)
                0x200030b4                __exidx_end = .
                [!provide]                PROVIDE (end = _ebss)
                [!provide]                PROVIDE (_end = _ebss)
                [!provide]                PROVIDE (__end__ = _ebss)

.heap           0x200030b4        0x0
                0x200030b4                __heap_start__ = .
                0x200030b4                . = (. + HEAP_SIZE)
                0x200030b4                . = ALIGN (0x4)
                0x200030b4                __heap_end__ = .

/DISCARD/
 libc.a(*)
 libm.a(*)
 libgcc.a(*)
OUTPUT(C:/Users/hjroyal/Desktop/tm4c123gxl/output/app.elf elf32-littlearm)
LOAD linker stubs
LOAD c:/qp/qtools/gnu_arm-none-eabi/bin/../lib/gcc/arm-none-eabi/10.3.1/../../../../arm-none-eabi/lib/thumb/v7e-m+dp/softfp\libc.a
LOAD c:/qp/qtools/gnu_arm-none-eabi/bin/../lib/gcc/arm-none-eabi/10.3.1/../../../../arm-none-eabi/lib/thumb/v7e-m+dp/softfp\libm.a
LOAD c:/qp/qtools/gnu_arm-none-eabi/bin/../lib/gcc/arm-none-eabi/10.3.1/thumb/v7e-m+dp/softfp\libgcc.a

.ARM.attributes
                0x00000000       0x2c
 .ARM.attributes
                0x00000000       0x1e c:/qp/qtools/gnu_arm-none-eabi/bin/../lib/gcc/arm-none-eabi/10.3.1/thumb/v7e-m+dp/softfp/crti.o
 .ARM.attributes
                0x0000001e       0x30 c:/qp/qtools/gnu_arm-none-eabi/bin/../lib/gcc/arm-none-eabi/10.3.1/thumb/v7e-m+dp/softfp/crtbegin.o
 .ARM.attributes
                0x0000004e       0x23 C:/Users/hjroyal/Desktop/tm4c123gxl/myProject/debug/os_cpu_a.o
 .ARM.attributes
                0x00000071       0x30 C:/Users/hjroyal/Desktop/tm4c123gxl/myProject/debug/bsp.o
 .ARM.attributes
                0x000000a1       0x30 C:/Users/hjroyal/Desktop/tm4c123gxl/myProject/debug/main.o
 .ARM.attributes
                0x000000d1       0x30 C:/Users/hjroyal/Desktop/tm4c123gxl/myProject/debug/philo.o
 .ARM.attributes
                0x00000101       0x30 C:/Users/hjroyal/Desktop/tm4c123gxl/myProject/debug/table.o
 .ARM.attributes
                0x00000131       0x30 C:/Users/hjroyal/Desktop/tm4c123gxl/myProject/debug/system_TM4C123GH6PM.o
 .ARM.attributes
                0x00000161       0x30 C:/Users/hjroyal/Desktop/tm4c123gxl/myProject/debug/startup_TM4C123GH6PM.o
 .ARM.attributes
                0x00000191       0x30 C:/Users/hjroyal/Desktop/tm4c123gxl/myProject/debug/qep_hsm.o
 .ARM.attributes
                0x000001c1       0x30 C:/Users/hjroyal/Desktop/tm4c123gxl/myProject/debug/qf_act.o
 .ARM.attributes
                0x000001f1       0x30 C:/Users/hjroyal/Desktop/tm4c123gxl/myProject/debug/qf_dyn.o
 .ARM.attributes
                0x00000221       0x30 C:/Users/hjroyal/Desktop/tm4c123gxl/myProject/debug/qf_mem.o
 .ARM.attributes
                0x00000251       0x30 C:/Users/hjroyal/Desktop/tm4c123gxl/myProject/debug/qf_ps.o
 .ARM.attributes
                0x00000281       0x30 C:/Users/hjroyal/Desktop/tm4c123gxl/myProject/debug/qf_qact.o
 .ARM.attributes
                0x000002b1       0x30 C:/Users/hjroyal/Desktop/tm4c123gxl/myProject/debug/qf_time.o
 .ARM.attributes
                0x000002e1       0x30 C:/Users/hjroyal/Desktop/tm4c123gxl/myProject/debug/qf_port.o
 .ARM.attributes
                0x00000311       0x30 C:/Users/hjroyal/Desktop/tm4c123gxl/myProject/debug/os_core.o
 .ARM.attributes
                0x00000341       0x30 C:/Users/hjroyal/Desktop/tm4c123gxl/myProject/debug/os_flag.o
 .ARM.attributes
                0x00000371       0x30 C:/Users/hjroyal/Desktop/tm4c123gxl/myProject/debug/os_mem.o
 .ARM.attributes
                0x000003a1       0x30 C:/Users/hjroyal/Desktop/tm4c123gxl/myProject/debug/os_q.o
 .ARM.attributes
                0x000003d1       0x30 C:/Users/hjroyal/Desktop/tm4c123gxl/myProject/debug/os_sem.o
 .ARM.attributes
                0x00000401       0x30 C:/Users/hjroyal/Desktop/tm4c123gxl/myProject/debug/os_task.o
 .ARM.attributes
                0x00000431       0x30 C:/Users/hjroyal/Desktop/tm4c123gxl/myProject/debug/os_time.o
 .ARM.attributes
                0x00000461       0x30 C:/Users/hjroyal/Desktop/tm4c123gxl/myProject/debug/os_tmr.o
 .ARM.attributes
                0x00000491       0x30 C:/Users/hjroyal/Desktop/tm4c123gxl/myProject/debug/os_dbg.o
 .ARM.attributes
                0x000004c1       0x30 C:/Users/hjroyal/Desktop/tm4c123gxl/myProject/debug/os_cpu_c.o
 .ARM.attributes
                0x000004f1       0x30 c:/qp/qtools/gnu_arm-none-eabi/bin/../lib/gcc/arm-none-eabi/10.3.1/../../../../arm-none-eabi/lib/thumb/v7e-m+dp/softfp\libc_nano.a(lib_a-init.o)
 .ARM.attributes
                0x00000521       0x1e c:/qp/qtools/gnu_arm-none-eabi/bin/../lib/gcc/arm-none-eabi/10.3.1/thumb/v7e-m+dp/softfp/crtn.o

.comment        0x00000000       0x49
 .comment       0x00000000       0x49 C:/Users/hjroyal/Desktop/tm4c123gxl/myProject/debug/bsp.o
                                 0x4a (size before relaxing)
 .comment       0x00000049       0x4a C:/Users/hjroyal/Desktop/tm4c123gxl/myProject/debug/main.o
 .comment       0x00000049       0x4a C:/Users/hjroyal/Desktop/tm4c123gxl/myProject/debug/philo.o
 .comment       0x00000049       0x4a C:/Users/hjroyal/Desktop/tm4c123gxl/myProject/debug/table.o
 .comment       0x00000049       0x4a C:/Users/hjroyal/Desktop/tm4c123gxl/myProject/debug/system_TM4C123GH6PM.o
 .comment       0x00000049       0x4a C:/Users/hjroyal/Desktop/tm4c123gxl/myProject/debug/startup_TM4C123GH6PM.o
 .comment       0x00000049       0x4a C:/Users/hjroyal/Desktop/tm4c123gxl/myProject/debug/qep_hsm.o
 .comment       0x00000049       0x4a C:/Users/hjroyal/Desktop/tm4c123gxl/myProject/debug/qf_act.o
 .comment       0x00000049       0x4a C:/Users/hjroyal/Desktop/tm4c123gxl/myProject/debug/qf_dyn.o
 .comment       0x00000049       0x4a C:/Users/hjroyal/Desktop/tm4c123gxl/myProject/debug/qf_mem.o
 .comment       0x00000049       0x4a C:/Users/hjroyal/Desktop/tm4c123gxl/myProject/debug/qf_ps.o
 .comment       0x00000049       0x4a C:/Users/hjroyal/Desktop/tm4c123gxl/myProject/debug/qf_qact.o
 .comment       0x00000049       0x4a C:/Users/hjroyal/Desktop/tm4c123gxl/myProject/debug/qf_time.o
 .comment       0x00000049       0x4a C:/Users/hjroyal/Desktop/tm4c123gxl/myProject/debug/qf_port.o
 .comment       0x00000049       0x4a C:/Users/hjroyal/Desktop/tm4c123gxl/myProject/debug/os_core.o
 .comment       0x00000049       0x4a C:/Users/hjroyal/Desktop/tm4c123gxl/myProject/debug/os_flag.o
 .comment       0x00000049       0x4a C:/Users/hjroyal/Desktop/tm4c123gxl/myProject/debug/os_mem.o
 .comment       0x00000049       0x4a C:/Users/hjroyal/Desktop/tm4c123gxl/myProject/debug/os_q.o
 .comment       0x00000049       0x4a C:/Users/hjroyal/Desktop/tm4c123gxl/myProject/debug/os_sem.o
 .comment       0x00000049       0x4a C:/Users/hjroyal/Desktop/tm4c123gxl/myProject/debug/os_task.o
 .comment       0x00000049       0x4a C:/Users/hjroyal/Desktop/tm4c123gxl/myProject/debug/os_time.o
 .comment       0x00000049       0x4a C:/Users/hjroyal/Desktop/tm4c123gxl/myProject/debug/os_tmr.o
 .comment       0x00000049       0x4a C:/Users/hjroyal/Desktop/tm4c123gxl/myProject/debug/os_dbg.o
 .comment       0x00000049       0x4a C:/Users/hjroyal/Desktop/tm4c123gxl/myProject/debug/os_cpu_c.o

.debug_line     0x00000000     0x9bf9
 .debug_line    0x00000000       0xf2 C:/Users/hjroyal/Desktop/tm4c123gxl/myProject/debug/os_cpu_a.o
 .debug_line    0x000000f2      0x7f3 C:/Users/hjroyal/Desktop/tm4c123gxl/myProject/debug/bsp.o
 .debug_line    0x000008e5       0xbd C:/Users/hjroyal/Desktop/tm4c123gxl/myProject/debug/main.o
 .debug_line    0x000009a2      0x4c9 C:/Users/hjroyal/Desktop/tm4c123gxl/myProject/debug/philo.o
 .debug_line    0x00000e6b      0x916 C:/Users/hjroyal/Desktop/tm4c123gxl/myProject/debug/table.o
 .debug_line    0x00001781      0x4e3 C:/Users/hjroyal/Desktop/tm4c123gxl/myProject/debug/system_TM4C123GH6PM.o
 .debug_line    0x00001c64      0x1a2 C:/Users/hjroyal/Desktop/tm4c123gxl/myProject/debug/startup_TM4C123GH6PM.o
 .debug_line    0x00001e06      0x9aa C:/Users/hjroyal/Desktop/tm4c123gxl/myProject/debug/qep_hsm.o
 .debug_line    0x000027b0      0x2d3 C:/Users/hjroyal/Desktop/tm4c123gxl/myProject/debug/qf_act.o
 .debug_line    0x00002a83      0x51a C:/Users/hjroyal/Desktop/tm4c123gxl/myProject/debug/qf_dyn.o
 .debug_line    0x00002f9d      0x426 C:/Users/hjroyal/Desktop/tm4c123gxl/myProject/debug/qf_mem.o
 .debug_line    0x000033c3      0x73c C:/Users/hjroyal/Desktop/tm4c123gxl/myProject/debug/qf_ps.o
 .debug_line    0x00003aff      0x3ba C:/Users/hjroyal/Desktop/tm4c123gxl/myProject/debug/qf_qact.o
 .debug_line    0x00003eb9      0x68c C:/Users/hjroyal/Desktop/tm4c123gxl/myProject/debug/qf_time.o
 .debug_line    0x00004545      0x567 C:/Users/hjroyal/Desktop/tm4c123gxl/myProject/debug/qf_port.o
 .debug_line    0x00004aac      0xdeb C:/Users/hjroyal/Desktop/tm4c123gxl/myProject/debug/os_core.o
 .debug_line    0x00005897      0xcf2 C:/Users/hjroyal/Desktop/tm4c123gxl/myProject/debug/os_flag.o
 .debug_line    0x00006589      0x589 C:/Users/hjroyal/Desktop/tm4c123gxl/myProject/debug/os_mem.o
 .debug_line    0x00006b12      0xae0 C:/Users/hjroyal/Desktop/tm4c123gxl/myProject/debug/os_q.o
 .debug_line    0x000075f2      0x6f5 C:/Users/hjroyal/Desktop/tm4c123gxl/myProject/debug/os_sem.o
 .debug_line    0x00007ce7      0xba1 C:/Users/hjroyal/Desktop/tm4c123gxl/myProject/debug/os_task.o
 .debug_line    0x00008888      0x309 C:/Users/hjroyal/Desktop/tm4c123gxl/myProject/debug/os_time.o
 .debug_line    0x00008b91      0xacf C:/Users/hjroyal/Desktop/tm4c123gxl/myProject/debug/os_tmr.o
 .debug_line    0x00009660      0x105 C:/Users/hjroyal/Desktop/tm4c123gxl/myProject/debug/os_dbg.o
 .debug_line    0x00009765      0x494 C:/Users/hjroyal/Desktop/tm4c123gxl/myProject/debug/os_cpu_c.o

.debug_info     0x00000000    0x1343e
 .debug_info    0x00000000       0x26 C:/Users/hjroyal/Desktop/tm4c123gxl/myProject/debug/os_cpu_a.o
 .debug_info    0x00000026     0x2731 C:/Users/hjroyal/Desktop/tm4c123gxl/myProject/debug/bsp.o
 .debug_info    0x00002757      0x100 C:/Users/hjroyal/Desktop/tm4c123gxl/myProject/debug/main.o
 .debug_info    0x00002857      0xca5 C:/Users/hjroyal/Desktop/tm4c123gxl/myProject/debug/philo.o
 .debug_info    0x000034fc     0x1095 C:/Users/hjroyal/Desktop/tm4c123gxl/myProject/debug/table.o
 .debug_info    0x00004591      0xf9d C:/Users/hjroyal/Desktop/tm4c123gxl/myProject/debug/system_TM4C123GH6PM.o
 .debug_info    0x0000552e      0x2c2 C:/Users/hjroyal/Desktop/tm4c123gxl/myProject/debug/startup_TM4C123GH6PM.o
 .debug_info    0x000057f0     0x10d5 C:/Users/hjroyal/Desktop/tm4c123gxl/myProject/debug/qep_hsm.o
 .debug_info    0x000068c5      0x815 C:/Users/hjroyal/Desktop/tm4c123gxl/myProject/debug/qf_act.o
 .debug_info    0x000070da      0x9f9 C:/Users/hjroyal/Desktop/tm4c123gxl/myProject/debug/qf_dyn.o
 .debug_info    0x00007ad3      0x529 C:/Users/hjroyal/Desktop/tm4c123gxl/myProject/debug/qf_mem.o
 .debug_info    0x00007ffc     0x10fe C:/Users/hjroyal/Desktop/tm4c123gxl/myProject/debug/qf_ps.o
 .debug_info    0x000090fa      0x825 C:/Users/hjroyal/Desktop/tm4c123gxl/myProject/debug/qf_qact.o
 .debug_info    0x0000991f      0xd05 C:/Users/hjroyal/Desktop/tm4c123gxl/myProject/debug/qf_time.o
 .debug_info    0x0000a624      0xe9d C:/Users/hjroyal/Desktop/tm4c123gxl/myProject/debug/qf_port.o
 .debug_info    0x0000b4c1     0x1939 C:/Users/hjroyal/Desktop/tm4c123gxl/myProject/debug/os_core.o
 .debug_info    0x0000cdfa     0x1057 C:/Users/hjroyal/Desktop/tm4c123gxl/myProject/debug/os_flag.o
 .debug_info    0x0000de51      0x635 C:/Users/hjroyal/Desktop/tm4c123gxl/myProject/debug/os_mem.o
 .debug_info    0x0000e486      0xed2 C:/Users/hjroyal/Desktop/tm4c123gxl/myProject/debug/os_q.o
 .debug_info    0x0000f358      0xa95 C:/Users/hjroyal/Desktop/tm4c123gxl/myProject/debug/os_sem.o
 .debug_info    0x0000fded     0x120d C:/Users/hjroyal/Desktop/tm4c123gxl/myProject/debug/os_task.o
 .debug_info    0x00010ffa      0x69b C:/Users/hjroyal/Desktop/tm4c123gxl/myProject/debug/os_time.o
 .debug_info    0x00011695      0xef4 C:/Users/hjroyal/Desktop/tm4c123gxl/myProject/debug/os_tmr.o
 .debug_info    0x00012589      0x61e C:/Users/hjroyal/Desktop/tm4c123gxl/myProject/debug/os_dbg.o
 .debug_info    0x00012ba7      0x897 C:/Users/hjroyal/Desktop/tm4c123gxl/myProject/debug/os_cpu_c.o

.debug_abbrev   0x00000000     0x3996
 .debug_abbrev  0x00000000       0x14 C:/Users/hjroyal/Desktop/tm4c123gxl/myProject/debug/os_cpu_a.o
 .debug_abbrev  0x00000014      0x51f C:/Users/hjroyal/Desktop/tm4c123gxl/myProject/debug/bsp.o
 .debug_abbrev  0x00000533       0x77 C:/Users/hjroyal/Desktop/tm4c123gxl/myProject/debug/main.o
 .debug_abbrev  0x000005aa      0x2c1 C:/Users/hjroyal/Desktop/tm4c123gxl/myProject/debug/philo.o
 .debug_abbrev  0x0000086b      0x380 C:/Users/hjroyal/Desktop/tm4c123gxl/myProject/debug/table.o
 .debug_abbrev  0x00000beb      0x195 C:/Users/hjroyal/Desktop/tm4c123gxl/myProject/debug/system_TM4C123GH6PM.o
 .debug_abbrev  0x00000d80      0x132 C:/Users/hjroyal/Desktop/tm4c123gxl/myProject/debug/startup_TM4C123GH6PM.o
 .debug_abbrev  0x00000eb2      0x37e C:/Users/hjroyal/Desktop/tm4c123gxl/myProject/debug/qep_hsm.o
 .debug_abbrev  0x00001230      0x223 C:/Users/hjroyal/Desktop/tm4c123gxl/myProject/debug/qf_act.o
 .debug_abbrev  0x00001453      0x29d C:/Users/hjroyal/Desktop/tm4c123gxl/myProject/debug/qf_dyn.o
 .debug_abbrev  0x000016f0      0x19c C:/Users/hjroyal/Desktop/tm4c123gxl/myProject/debug/qf_mem.o
 .debug_abbrev  0x0000188c      0x3b2 C:/Users/hjroyal/Desktop/tm4c123gxl/myProject/debug/qf_ps.o
 .debug_abbrev  0x00001c3e      0x237 C:/Users/hjroyal/Desktop/tm4c123gxl/myProject/debug/qf_qact.o
 .debug_abbrev  0x00001e75      0x34e C:/Users/hjroyal/Desktop/tm4c123gxl/myProject/debug/qf_time.o
 .debug_abbrev  0x000021c3      0x357 C:/Users/hjroyal/Desktop/tm4c123gxl/myProject/debug/qf_port.o
 .debug_abbrev  0x0000251a      0x32b C:/Users/hjroyal/Desktop/tm4c123gxl/myProject/debug/os_core.o
 .debug_abbrev  0x00002845      0x22b C:/Users/hjroyal/Desktop/tm4c123gxl/myProject/debug/os_flag.o
 .debug_abbrev  0x00002a70      0x1d3 C:/Users/hjroyal/Desktop/tm4c123gxl/myProject/debug/os_mem.o
 .debug_abbrev  0x00002c43      0x20a C:/Users/hjroyal/Desktop/tm4c123gxl/myProject/debug/os_q.o
 .debug_abbrev  0x00002e4d      0x1ec C:/Users/hjroyal/Desktop/tm4c123gxl/myProject/debug/os_sem.o
 .debug_abbrev  0x00003039      0x1e8 C:/Users/hjroyal/Desktop/tm4c123gxl/myProject/debug/os_task.o
 .debug_abbrev  0x00003221      0x1be C:/Users/hjroyal/Desktop/tm4c123gxl/myProject/debug/os_time.o
 .debug_abbrev  0x000033df      0x2a7 C:/Users/hjroyal/Desktop/tm4c123gxl/myProject/debug/os_tmr.o
 .debug_abbrev  0x00003686       0xf2 C:/Users/hjroyal/Desktop/tm4c123gxl/myProject/debug/os_dbg.o
 .debug_abbrev  0x00003778      0x21e C:/Users/hjroyal/Desktop/tm4c123gxl/myProject/debug/os_cpu_c.o

.debug_aranges  0x00000000      0x890
 .debug_aranges
                0x00000000       0x20 C:/Users/hjroyal/Desktop/tm4c123gxl/myProject/debug/os_cpu_a.o
 .debug_aranges
                0x00000020       0xc0 C:/Users/hjroyal/Desktop/tm4c123gxl/myProject/debug/bsp.o
 .debug_aranges
                0x000000e0       0x20 C:/Users/hjroyal/Desktop/tm4c123gxl/myProject/debug/main.o
 .debug_aranges
                0x00000100       0x40 C:/Users/hjroyal/Desktop/tm4c123gxl/myProject/debug/philo.o
 .debug_aranges
                0x00000140       0x40 C:/Users/hjroyal/Desktop/tm4c123gxl/myProject/debug/table.o
 .debug_aranges
                0x00000180       0x30 C:/Users/hjroyal/Desktop/tm4c123gxl/myProject/debug/system_TM4C123GH6PM.o
 .debug_aranges
                0x000001b0       0x50 C:/Users/hjroyal/Desktop/tm4c123gxl/myProject/debug/startup_TM4C123GH6PM.o
 .debug_aranges
                0x00000200       0x50 C:/Users/hjroyal/Desktop/tm4c123gxl/myProject/debug/qep_hsm.o
 .debug_aranges
                0x00000250       0x28 C:/Users/hjroyal/Desktop/tm4c123gxl/myProject/debug/qf_act.o
 .debug_aranges
                0x00000278       0x50 C:/Users/hjroyal/Desktop/tm4c123gxl/myProject/debug/qf_dyn.o
 .debug_aranges
                0x000002c8       0x30 C:/Users/hjroyal/Desktop/tm4c123gxl/myProject/debug/qf_mem.o
 .debug_aranges
                0x000002f8       0x40 C:/Users/hjroyal/Desktop/tm4c123gxl/myProject/debug/qf_ps.o
 .debug_aranges
                0x00000338       0x30 C:/Users/hjroyal/Desktop/tm4c123gxl/myProject/debug/qf_qact.o
 .debug_aranges
                0x00000368       0x58 C:/Users/hjroyal/Desktop/tm4c123gxl/myProject/debug/qf_time.o
 .debug_aranges
                0x000003c0       0x60 C:/Users/hjroyal/Desktop/tm4c123gxl/myProject/debug/qf_port.o
 .debug_aranges
                0x00000420       0xe0 C:/Users/hjroyal/Desktop/tm4c123gxl/myProject/debug/os_core.o
 .debug_aranges
                0x00000500       0x80 C:/Users/hjroyal/Desktop/tm4c123gxl/myProject/debug/os_flag.o
 .debug_aranges
                0x00000580       0x50 C:/Users/hjroyal/Desktop/tm4c123gxl/myProject/debug/os_mem.o
 .debug_aranges
                0x000005d0       0x70 C:/Users/hjroyal/Desktop/tm4c123gxl/myProject/debug/os_q.o
 .debug_aranges
                0x00000640       0x58 C:/Users/hjroyal/Desktop/tm4c123gxl/myProject/debug/os_sem.o
 .debug_aranges
                0x00000698       0x90 C:/Users/hjroyal/Desktop/tm4c123gxl/myProject/debug/os_task.o
 .debug_aranges
                0x00000728       0x40 C:/Users/hjroyal/Desktop/tm4c123gxl/myProject/debug/os_time.o
 .debug_aranges
                0x00000768       0x80 C:/Users/hjroyal/Desktop/tm4c123gxl/myProject/debug/os_tmr.o
 .debug_aranges
                0x000007e8       0x20 C:/Users/hjroyal/Desktop/tm4c123gxl/myProject/debug/os_dbg.o
 .debug_aranges
                0x00000808       0x88 C:/Users/hjroyal/Desktop/tm4c123gxl/myProject/debug/os_cpu_c.o

.debug_str      0x00000000     0x31e4
 .debug_str     0x00000000       0x74 C:/Users/hjroyal/Desktop/tm4c123gxl/myProject/debug/os_cpu_a.o
 .debug_str     0x00000074     0x1463 C:/Users/hjroyal/Desktop/tm4c123gxl/myProject/debug/bsp.o
                               0x15d6 (size before relaxing)
 .debug_str     0x000014d7       0x46 C:/Users/hjroyal/Desktop/tm4c123gxl/myProject/debug/main.o
                                0x1c1 (size before relaxing)
 .debug_str     0x0000151d      0x18b C:/Users/hjroyal/Desktop/tm4c123gxl/myProject/debug/philo.o
                                0x697 (size before relaxing)
 .debug_str     0x000016a8       0x92 C:/Users/hjroyal/Desktop/tm4c123gxl/myProject/debug/table.o
                                0x647 (size before relaxing)
 .debug_str     0x0000173a       0x81 C:/Users/hjroyal/Desktop/tm4c123gxl/myProject/debug/system_TM4C123GH6PM.o
                                0x83c (size before relaxing)
 .debug_str     0x000017bb      0x147 C:/Users/hjroyal/Desktop/tm4c123gxl/myProject/debug/startup_TM4C123GH6PM.o
                                0x22d (size before relaxing)
 .debug_str     0x00001902      0x10e C:/Users/hjroyal/Desktop/tm4c123gxl/myProject/debug/qep_hsm.o
                                0x519 (size before relaxing)
 .debug_str     0x00001a10       0xd7 C:/Users/hjroyal/Desktop/tm4c123gxl/myProject/debug/qf_act.o
                                0x527 (size before relaxing)
 .debug_str     0x00001ae7      0x121 C:/Users/hjroyal/Desktop/tm4c123gxl/myProject/debug/qf_dyn.o
                                0x3ec (size before relaxing)
 .debug_str     0x00001c08       0x58 C:/Users/hjroyal/Desktop/tm4c123gxl/myProject/debug/qf_mem.o
                                0x2fc (size before relaxing)
 .debug_str     0x00001c60      0x13b C:/Users/hjroyal/Desktop/tm4c123gxl/myProject/debug/qf_ps.o
                                0x6d4 (size before relaxing)
 .debug_str     0x00001d9b       0x7d C:/Users/hjroyal/Desktop/tm4c123gxl/myProject/debug/qf_qact.o
                                0x528 (size before relaxing)
 .debug_str     0x00001e18       0xc2 C:/Users/hjroyal/Desktop/tm4c123gxl/myProject/debug/qf_time.o
                                0x619 (size before relaxing)
 .debug_str     0x00001eda      0x16e C:/Users/hjroyal/Desktop/tm4c123gxl/myProject/debug/qf_port.o
                                0x692 (size before relaxing)
 .debug_str     0x00002048      0x6c2 C:/Users/hjroyal/Desktop/tm4c123gxl/myProject/debug/os_core.o
                                0xb09 (size before relaxing)
 .debug_str     0x0000270a      0x165 C:/Users/hjroyal/Desktop/tm4c123gxl/myProject/debug/os_flag.o
                                0x63d (size before relaxing)
 .debug_str     0x0000286f      0x104 C:/Users/hjroyal/Desktop/tm4c123gxl/myProject/debug/os_mem.o
                                0x33a (size before relaxing)
 .debug_str     0x00002973       0x9b C:/Users/hjroyal/Desktop/tm4c123gxl/myProject/debug/os_q.o
                                0x5ff (size before relaxing)
 .debug_str     0x00002a0e       0xc2 C:/Users/hjroyal/Desktop/tm4c123gxl/myProject/debug/os_sem.o
                                0x576 (size before relaxing)
 .debug_str     0x00002ad0      0x12b C:/Users/hjroyal/Desktop/tm4c123gxl/myProject/debug/os_task.o
                                0x693 (size before relaxing)
 .debug_str     0x00002bfb       0x8a C:/Users/hjroyal/Desktop/tm4c123gxl/myProject/debug/os_time.o
                                0x4d8 (size before relaxing)
 .debug_str     0x00002c85      0x136 C:/Users/hjroyal/Desktop/tm4c123gxl/myProject/debug/os_tmr.o
                                0x6e3 (size before relaxing)
 .debug_str     0x00002dbb      0x30c C:/Users/hjroyal/Desktop/tm4c123gxl/myProject/debug/os_dbg.o
                                0x573 (size before relaxing)
 .debug_str     0x000030c7      0x11d C:/Users/hjroyal/Desktop/tm4c123gxl/myProject/debug/os_cpu_c.o
                                0x67e (size before relaxing)

.debug_loc      0x00000000     0xa901
 .debug_loc     0x00000000      0x23c C:/Users/hjroyal/Desktop/tm4c123gxl/myProject/debug/bsp.o
 .debug_loc     0x0000023c      0x540 C:/Users/hjroyal/Desktop/tm4c123gxl/myProject/debug/philo.o
 .debug_loc     0x0000077c      0x929 C:/Users/hjroyal/Desktop/tm4c123gxl/myProject/debug/table.o
 .debug_loc     0x000010a5      0x66b C:/Users/hjroyal/Desktop/tm4c123gxl/myProject/debug/system_TM4C123GH6PM.o
 .debug_loc     0x00001710       0x8b C:/Users/hjroyal/Desktop/tm4c123gxl/myProject/debug/startup_TM4C123GH6PM.o
 .debug_loc     0x0000179b      0xb8c C:/Users/hjroyal/Desktop/tm4c123gxl/myProject/debug/qep_hsm.o
 .debug_loc     0x00002327      0x1e3 C:/Users/hjroyal/Desktop/tm4c123gxl/myProject/debug/qf_act.o
 .debug_loc     0x0000250a      0x51b C:/Users/hjroyal/Desktop/tm4c123gxl/myProject/debug/qf_dyn.o
 .debug_loc     0x00002a25      0x34a C:/Users/hjroyal/Desktop/tm4c123gxl/myProject/debug/qf_mem.o
 .debug_loc     0x00002d6f      0x7d9 C:/Users/hjroyal/Desktop/tm4c123gxl/myProject/debug/qf_ps.o
 .debug_loc     0x00003548      0x209 C:/Users/hjroyal/Desktop/tm4c123gxl/myProject/debug/qf_qact.o
 .debug_loc     0x00003751      0x585 C:/Users/hjroyal/Desktop/tm4c123gxl/myProject/debug/qf_time.o
 .debug_loc     0x00003cd6      0x5d0 C:/Users/hjroyal/Desktop/tm4c123gxl/myProject/debug/qf_port.o
 .debug_loc     0x000042a6      0xd1a C:/Users/hjroyal/Desktop/tm4c123gxl/myProject/debug/os_core.o
 .debug_loc     0x00004fc0     0x1269 C:/Users/hjroyal/Desktop/tm4c123gxl/myProject/debug/os_flag.o
 .debug_loc     0x00006229      0x703 C:/Users/hjroyal/Desktop/tm4c123gxl/myProject/debug/os_mem.o
 .debug_loc     0x0000692c      0xfac C:/Users/hjroyal/Desktop/tm4c123gxl/myProject/debug/os_q.o
 .debug_loc     0x000078d8      0x99b C:/Users/hjroyal/Desktop/tm4c123gxl/myProject/debug/os_sem.o
 .debug_loc     0x00008273     0x1423 C:/Users/hjroyal/Desktop/tm4c123gxl/myProject/debug/os_task.o
 .debug_loc     0x00009696      0x42d C:/Users/hjroyal/Desktop/tm4c123gxl/myProject/debug/os_time.o
 .debug_loc     0x00009ac3      0x8a2 C:/Users/hjroyal/Desktop/tm4c123gxl/myProject/debug/os_tmr.o
 .debug_loc     0x0000a365      0x59c C:/Users/hjroyal/Desktop/tm4c123gxl/myProject/debug/os_cpu_c.o

.debug_ranges   0x00000000      0xa70
 .debug_ranges  0x00000000       0xe0 C:/Users/hjroyal/Desktop/tm4c123gxl/myProject/debug/bsp.o
 .debug_ranges  0x000000e0       0x10 C:/Users/hjroyal/Desktop/tm4c123gxl/myProject/debug/main.o
 .debug_ranges  0x000000f0       0x78 C:/Users/hjroyal/Desktop/tm4c123gxl/myProject/debug/philo.o
 .debug_ranges  0x00000168      0x190 C:/Users/hjroyal/Desktop/tm4c123gxl/myProject/debug/table.o
 .debug_ranges  0x000002f8       0x20 C:/Users/hjroyal/Desktop/tm4c123gxl/myProject/debug/system_TM4C123GH6PM.o
 .debug_ranges  0x00000318       0x40 C:/Users/hjroyal/Desktop/tm4c123gxl/myProject/debug/startup_TM4C123GH6PM.o
 .debug_ranges  0x00000358       0xd0 C:/Users/hjroyal/Desktop/tm4c123gxl/myProject/debug/qep_hsm.o
 .debug_ranges  0x00000428       0x18 C:/Users/hjroyal/Desktop/tm4c123gxl/myProject/debug/qf_act.o
 .debug_ranges  0x00000440       0x40 C:/Users/hjroyal/Desktop/tm4c123gxl/myProject/debug/qf_dyn.o
 .debug_ranges  0x00000480       0x38 C:/Users/hjroyal/Desktop/tm4c123gxl/myProject/debug/qf_mem.o
 .debug_ranges  0x000004b8       0xb8 C:/Users/hjroyal/Desktop/tm4c123gxl/myProject/debug/qf_ps.o
 .debug_ranges  0x00000570       0x20 C:/Users/hjroyal/Desktop/tm4c123gxl/myProject/debug/qf_qact.o
 .debug_ranges  0x00000590       0xa8 C:/Users/hjroyal/Desktop/tm4c123gxl/myProject/debug/qf_time.o
 .debug_ranges  0x00000638       0x68 C:/Users/hjroyal/Desktop/tm4c123gxl/myProject/debug/qf_port.o
 .debug_ranges  0x000006a0       0xd0 C:/Users/hjroyal/Desktop/tm4c123gxl/myProject/debug/os_core.o
 .debug_ranges  0x00000770       0x70 C:/Users/hjroyal/Desktop/tm4c123gxl/myProject/debug/os_flag.o
 .debug_ranges  0x000007e0       0x40 C:/Users/hjroyal/Desktop/tm4c123gxl/myProject/debug/os_mem.o
 .debug_ranges  0x00000820       0x60 C:/Users/hjroyal/Desktop/tm4c123gxl/myProject/debug/os_q.o
 .debug_ranges  0x00000880       0x48 C:/Users/hjroyal/Desktop/tm4c123gxl/myProject/debug/os_sem.o
 .debug_ranges  0x000008c8       0x80 C:/Users/hjroyal/Desktop/tm4c123gxl/myProject/debug/os_task.o
 .debug_ranges  0x00000948       0x30 C:/Users/hjroyal/Desktop/tm4c123gxl/myProject/debug/os_time.o
 .debug_ranges  0x00000978       0x70 C:/Users/hjroyal/Desktop/tm4c123gxl/myProject/debug/os_tmr.o
 .debug_ranges  0x000009e8       0x10 C:/Users/hjroyal/Desktop/tm4c123gxl/myProject/debug/os_dbg.o
 .debug_ranges  0x000009f8       0x78 C:/Users/hjroyal/Desktop/tm4c123gxl/myProject/debug/os_cpu_c.o

.debug_frame    0x00000000     0x1630
 .debug_frame   0x00000000      0x1ac C:/Users/hjroyal/Desktop/tm4c123gxl/myProject/debug/bsp.o
 .debug_frame   0x000001ac       0x28 C:/Users/hjroyal/Desktop/tm4c123gxl/myProject/debug/main.o
 .debug_frame   0x000001d4       0x9c C:/Users/hjroyal/Desktop/tm4c123gxl/myProject/debug/philo.o
 .debug_frame   0x00000270       0xa0 C:/Users/hjroyal/Desktop/tm4c123gxl/myProject/debug/table.o
 .debug_frame   0x00000310       0x54 C:/Users/hjroyal/Desktop/tm4c123gxl/myProject/debug/system_TM4C123GH6PM.o
 .debug_frame   0x00000364       0x80 C:/Users/hjroyal/Desktop/tm4c123gxl/myProject/debug/startup_TM4C123GH6PM.o
 .debug_frame   0x000003e4       0xf8 C:/Users/hjroyal/Desktop/tm4c123gxl/myProject/debug/qep_hsm.o
 .debug_frame   0x000004dc       0x30 C:/Users/hjroyal/Desktop/tm4c123gxl/myProject/debug/qf_act.o
 .debug_frame   0x0000050c       0xd0 C:/Users/hjroyal/Desktop/tm4c123gxl/myProject/debug/qf_dyn.o
 .debug_frame   0x000005dc       0x68 C:/Users/hjroyal/Desktop/tm4c123gxl/myProject/debug/qf_mem.o
 .debug_frame   0x00000644       0xa4 C:/Users/hjroyal/Desktop/tm4c123gxl/myProject/debug/qf_ps.o
 .debug_frame   0x000006e8       0x64 C:/Users/hjroyal/Desktop/tm4c123gxl/myProject/debug/qf_qact.o
 .debug_frame   0x0000074c       0xf4 C:/Users/hjroyal/Desktop/tm4c123gxl/myProject/debug/qf_time.o
 .debug_frame   0x00000840      0x110 C:/Users/hjroyal/Desktop/tm4c123gxl/myProject/debug/qf_port.o
 .debug_frame   0x00000950      0x258 C:/Users/hjroyal/Desktop/tm4c123gxl/myProject/debug/os_core.o
 .debug_frame   0x00000ba8      0x190 C:/Users/hjroyal/Desktop/tm4c123gxl/myProject/debug/os_flag.o
 .debug_frame   0x00000d38      0x104 C:/Users/hjroyal/Desktop/tm4c123gxl/myProject/debug/os_mem.o
 .debug_frame   0x00000e3c      0x17c C:/Users/hjroyal/Desktop/tm4c123gxl/myProject/debug/os_q.o
 .debug_frame   0x00000fb8      0x118 C:/Users/hjroyal/Desktop/tm4c123gxl/myProject/debug/os_sem.o
 .debug_frame   0x000010d0      0x1c0 C:/Users/hjroyal/Desktop/tm4c123gxl/myProject/debug/os_task.o
 .debug_frame   0x00001290       0x90 C:/Users/hjroyal/Desktop/tm4c123gxl/myProject/debug/os_time.o
 .debug_frame   0x00001320      0x184 C:/Users/hjroyal/Desktop/tm4c123gxl/myProject/debug/os_tmr.o
 .debug_frame   0x000014a4       0x20 C:/Users/hjroyal/Desktop/tm4c123gxl/myProject/debug/os_dbg.o
 .debug_frame   0x000014c4      0x140 C:/Users/hjroyal/Desktop/tm4c123gxl/myProject/debug/os_cpu_c.o
 .debug_frame   0x00001604       0x2c c:/qp/qtools/gnu_arm-none-eabi/bin/../lib/gcc/arm-none-eabi/10.3.1/../../../../arm-none-eabi/lib/thumb/v7e-m+dp/softfp\libc_nano.a(lib_a-init.o)

Cross Reference Table

Symbol                                            File
ADC1Seq0_IRQHandler                               C:/Users/hjroyal/Desktop/tm4c123gxl/myProject/debug/startup_TM4C123GH6PM.o
ADC1Seq1_IRQHandler                               C:/Users/hjroyal/Desktop/tm4c123gxl/myProject/debug/startup_TM4C123GH6PM.o
ADC1Seq2_IRQHandler                               C:/Users/hjroyal/Desktop/tm4c123gxl/myProject/debug/startup_TM4C123GH6PM.o
ADC1Seq3_IRQHandler                               C:/Users/hjroyal/Desktop/tm4c123gxl/myProject/debug/startup_TM4C123GH6PM.o
ADCSeq0_IRQHandler                                C:/Users/hjroyal/Desktop/tm4c123gxl/myProject/debug/startup_TM4C123GH6PM.o
ADCSeq1_IRQHandler                                C:/Users/hjroyal/Desktop/tm4c123gxl/myProject/debug/startup_TM4C123GH6PM.o
ADCSeq2_IRQHandler                                C:/Users/hjroyal/Desktop/tm4c123gxl/myProject/debug/startup_TM4C123GH6PM.o
ADCSeq3_IRQHandler                                C:/Users/hjroyal/Desktop/tm4c123gxl/myProject/debug/startup_TM4C123GH6PM.o
AO_Philo                                          C:/Users/hjroyal/Desktop/tm4c123gxl/myProject/debug/philo.o
                                                  C:/Users/hjroyal/Desktop/tm4c123gxl/myProject/debug/bsp.o
AO_Table                                          C:/Users/hjroyal/Desktop/tm4c123gxl/myProject/debug/table.o
                                                  C:/Users/hjroyal/Desktop/tm4c123gxl/myProject/debug/philo.o
                                                  C:/Users/hjroyal/Desktop/tm4c123gxl/myProject/debug/bsp.o
App_TCBInitHook                                   C:/Users/hjroyal/Desktop/tm4c123gxl/myProject/debug/bsp.o
                                                  C:/Users/hjroyal/Desktop/tm4c123gxl/myProject/debug/os_cpu_c.o
App_TaskCreateHook                                C:/Users/hjroyal/Desktop/tm4c123gxl/myProject/debug/bsp.o
                                                  C:/Users/hjroyal/Desktop/tm4c123gxl/myProject/debug/os_cpu_c.o
App_TaskDelHook                                   C:/Users/hjroyal/Desktop/tm4c123gxl/myProject/debug/bsp.o
                                                  C:/Users/hjroyal/Desktop/tm4c123gxl/myProject/debug/os_cpu_c.o
App_TaskIdleHook                                  C:/Users/hjroyal/Desktop/tm4c123gxl/myProject/debug/bsp.o
                                                  C:/Users/hjroyal/Desktop/tm4c123gxl/myProject/debug/os_cpu_c.o
App_TaskReturnHook                                C:/Users/hjroyal/Desktop/tm4c123gxl/myProject/debug/bsp.o
                                                  C:/Users/hjroyal/Desktop/tm4c123gxl/myProject/debug/os_cpu_c.o
App_TaskStatHook                                  C:/Users/hjroyal/Desktop/tm4c123gxl/myProject/debug/bsp.o
                                                  C:/Users/hjroyal/Desktop/tm4c123gxl/myProject/debug/os_cpu_c.o
App_TaskSwHook                                    C:/Users/hjroyal/Desktop/tm4c123gxl/myProject/debug/bsp.o
                                                  C:/Users/hjroyal/Desktop/tm4c123gxl/myProject/debug/os_cpu_c.o
App_TimeTickHook                                  C:/Users/hjroyal/Desktop/tm4c123gxl/myProject/debug/bsp.o
                                                  C:/Users/hjroyal/Desktop/tm4c123gxl/myProject/debug/os_cpu_c.o
BSP_displayPaused                                 C:/Users/hjroyal/Desktop/tm4c123gxl/myProject/debug/bsp.o
                                                  C:/Users/hjroyal/Desktop/tm4c123gxl/myProject/debug/table.o
BSP_displayPhilStat                               C:/Users/hjroyal/Desktop/tm4c123gxl/myProject/debug/bsp.o
                                                  C:/Users/hjroyal/Desktop/tm4c123gxl/myProject/debug/table.o
BSP_init                                          C:/Users/hjroyal/Desktop/tm4c123gxl/myProject/debug/bsp.o
                                                  C:/Users/hjroyal/Desktop/tm4c123gxl/myProject/debug/main.o
BSP_ledOff                                        C:/Users/hjroyal/Desktop/tm4c123gxl/myProject/debug/bsp.o
BSP_ledOn                                         C:/Users/hjroyal/Desktop/tm4c123gxl/myProject/debug/bsp.o
BSP_random                                        C:/Users/hjroyal/Desktop/tm4c123gxl/myProject/debug/bsp.o
                                                  C:/Users/hjroyal/Desktop/tm4c123gxl/myProject/debug/philo.o
BSP_randomSeed                                    C:/Users/hjroyal/Desktop/tm4c123gxl/myProject/debug/bsp.o
BSP_start                                         C:/Users/hjroyal/Desktop/tm4c123gxl/myProject/debug/bsp.o
                                                  C:/Users/hjroyal/Desktop/tm4c123gxl/myProject/debug/main.o
BSP_terminate                                     C:/Users/hjroyal/Desktop/tm4c123gxl/myProject/debug/bsp.o
BusFault_Handler                                  C:/Users/hjroyal/Desktop/tm4c123gxl/myProject/debug/startup_TM4C123GH6PM.o
CAN0_IRQHandler                                   C:/Users/hjroyal/Desktop/tm4c123gxl/myProject/debug/startup_TM4C123GH6PM.o
CAN1_IRQHandler                                   C:/Users/hjroyal/Desktop/tm4c123gxl/myProject/debug/startup_TM4C123GH6PM.o
CAN2_IRQHandler                                   C:/Users/hjroyal/Desktop/tm4c123gxl/myProject/debug/startup_TM4C123GH6PM.o
Comp0_IRQHandler                                  C:/Users/hjroyal/Desktop/tm4c123gxl/myProject/debug/startup_TM4C123GH6PM.o
Comp1_IRQHandler                                  C:/Users/hjroyal/Desktop/tm4c123gxl/myProject/debug/startup_TM4C123GH6PM.o
Comp2_IRQHandler                                  C:/Users/hjroyal/Desktop/tm4c123gxl/myProject/debug/startup_TM4C123GH6PM.o
DebugMon_Handler                                  C:/Users/hjroyal/Desktop/tm4c123gxl/myProject/debug/startup_TM4C123GH6PM.o
Default_Handler                                   C:/Users/hjroyal/Desktop/tm4c123gxl/myProject/debug/startup_TM4C123GH6PM.o
FPU_IRQHandler                                    C:/Users/hjroyal/Desktop/tm4c123gxl/myProject/debug/startup_TM4C123GH6PM.o
FlashCtrl_IRQHandler                              C:/Users/hjroyal/Desktop/tm4c123gxl/myProject/debug/startup_TM4C123GH6PM.o
GPIOPortA_IRQHandler                              C:/Users/hjroyal/Desktop/tm4c123gxl/myProject/debug/startup_TM4C123GH6PM.o
GPIOPortB_IRQHandler                              C:/Users/hjroyal/Desktop/tm4c123gxl/myProject/debug/startup_TM4C123GH6PM.o
GPIOPortC_IRQHandler                              C:/Users/hjroyal/Desktop/tm4c123gxl/myProject/debug/startup_TM4C123GH6PM.o
GPIOPortD_IRQHandler                              C:/Users/hjroyal/Desktop/tm4c123gxl/myProject/debug/startup_TM4C123GH6PM.o
GPIOPortE_IRQHandler                              C:/Users/hjroyal/Desktop/tm4c123gxl/myProject/debug/startup_TM4C123GH6PM.o
GPIOPortF_IRQHandler                              C:/Users/hjroyal/Desktop/tm4c123gxl/myProject/debug/startup_TM4C123GH6PM.o
GPIOPortG_IRQHandler                              C:/Users/hjroyal/Desktop/tm4c123gxl/myProject/debug/startup_TM4C123GH6PM.o
GPIOPortH_IRQHandler                              C:/Users/hjroyal/Desktop/tm4c123gxl/myProject/debug/startup_TM4C123GH6PM.o
GPIOPortJ_IRQHandler                              C:/Users/hjroyal/Desktop/tm4c123gxl/myProject/debug/startup_TM4C123GH6PM.o
GPIOPortK_IRQHandler                              C:/Users/hjroyal/Desktop/tm4c123gxl/myProject/debug/startup_TM4C123GH6PM.o
GPIOPortL_IRQHandler                              C:/Users/hjroyal/Desktop/tm4c123gxl/myProject/debug/startup_TM4C123GH6PM.o
GPIOPortM_IRQHandler                              C:/Users/hjroyal/Desktop/tm4c123gxl/myProject/debug/startup_TM4C123GH6PM.o
GPIOPortN_IRQHandler                              C:/Users/hjroyal/Desktop/tm4c123gxl/myProject/debug/startup_TM4C123GH6PM.o
GPIOPortP0_IRQHandler                             C:/Users/hjroyal/Desktop/tm4c123gxl/myProject/debug/startup_TM4C123GH6PM.o
GPIOPortP1_IRQHandler                             C:/Users/hjroyal/Desktop/tm4c123gxl/myProject/debug/startup_TM4C123GH6PM.o
GPIOPortP2_IRQHandler                             C:/Users/hjroyal/Desktop/tm4c123gxl/myProject/debug/startup_TM4C123GH6PM.o
GPIOPortP3_IRQHandler                             C:/Users/hjroyal/Desktop/tm4c123gxl/myProject/debug/startup_TM4C123GH6PM.o
GPIOPortP4_IRQHandler                             C:/Users/hjroyal/Desktop/tm4c123gxl/myProject/debug/startup_TM4C123GH6PM.o
GPIOPortP5_IRQHandler                             C:/Users/hjroyal/Desktop/tm4c123gxl/myProject/debug/startup_TM4C123GH6PM.o
GPIOPortP6_IRQHandler                             C:/Users/hjroyal/Desktop/tm4c123gxl/myProject/debug/startup_TM4C123GH6PM.o
GPIOPortP7_IRQHandler                             C:/Users/hjroyal/Desktop/tm4c123gxl/myProject/debug/startup_TM4C123GH6PM.o
GPIOPortQ0_IRQHandler                             C:/Users/hjroyal/Desktop/tm4c123gxl/myProject/debug/startup_TM4C123GH6PM.o
GPIOPortQ1_IRQHandler                             C:/Users/hjroyal/Desktop/tm4c123gxl/myProject/debug/startup_TM4C123GH6PM.o
GPIOPortQ2_IRQHandler                             C:/Users/hjroyal/Desktop/tm4c123gxl/myProject/debug/startup_TM4C123GH6PM.o
GPIOPortQ3_IRQHandler                             C:/Users/hjroyal/Desktop/tm4c123gxl/myProject/debug/startup_TM4C123GH6PM.o
GPIOPortQ4_IRQHandler                             C:/Users/hjroyal/Desktop/tm4c123gxl/myProject/debug/startup_TM4C123GH6PM.o
GPIOPortQ5_IRQHandler                             C:/Users/hjroyal/Desktop/tm4c123gxl/myProject/debug/startup_TM4C123GH6PM.o
GPIOPortQ6_IRQHandler                             C:/Users/hjroyal/Desktop/tm4c123gxl/myProject/debug/startup_TM4C123GH6PM.o
GPIOPortQ7_IRQHandler                             C:/Users/hjroyal/Desktop/tm4c123gxl/myProject/debug/startup_TM4C123GH6PM.o
GPIOPortR_IRQHandler                              C:/Users/hjroyal/Desktop/tm4c123gxl/myProject/debug/startup_TM4C123GH6PM.o
GPIOPortS_IRQHandler                              C:/Users/hjroyal/Desktop/tm4c123gxl/myProject/debug/startup_TM4C123GH6PM.o
HardFault_Handler                                 C:/Users/hjroyal/Desktop/tm4c123gxl/myProject/debug/startup_TM4C123GH6PM.o
Hibernate_IRQHandler                              C:/Users/hjroyal/Desktop/tm4c123gxl/myProject/debug/startup_TM4C123GH6PM.o
I2C0_IRQHandler                                   C:/Users/hjroyal/Desktop/tm4c123gxl/myProject/debug/startup_TM4C123GH6PM.o
I2C1_IRQHandler                                   C:/Users/hjroyal/Desktop/tm4c123gxl/myProject/debug/startup_TM4C123GH6PM.o
I2C2_IRQHandler                                   C:/Users/hjroyal/Desktop/tm4c123gxl/myProject/debug/startup_TM4C123GH6PM.o
I2C3_IRQHandler                                   C:/Users/hjroyal/Desktop/tm4c123gxl/myProject/debug/startup_TM4C123GH6PM.o
I2C4_IRQHandler                                   C:/Users/hjroyal/Desktop/tm4c123gxl/myProject/debug/startup_TM4C123GH6PM.o
I2C5_IRQHandler                                   C:/Users/hjroyal/Desktop/tm4c123gxl/myProject/debug/startup_TM4C123GH6PM.o
MemManage_Handler                                 C:/Users/hjroyal/Desktop/tm4c123gxl/myProject/debug/startup_TM4C123GH6PM.o
NMI_Handler                                       C:/Users/hjroyal/Desktop/tm4c123gxl/myProject/debug/startup_TM4C123GH6PM.o
OSCPUUsage                                        C:/Users/hjroyal/Desktop/tm4c123gxl/myProject/debug/os_core.o
OSCtxSw                                           C:/Users/hjroyal/Desktop/tm4c123gxl/myProject/debug/os_cpu_a.o
                                                  C:/Users/hjroyal/Desktop/tm4c123gxl/myProject/debug/os_core.o
OSCtxSwCtr                                        C:/Users/hjroyal/Desktop/tm4c123gxl/myProject/debug/os_core.o
OSDataSize                                        C:/Users/hjroyal/Desktop/tm4c123gxl/myProject/debug/os_dbg.o
OSDebugEn                                         C:/Users/hjroyal/Desktop/tm4c123gxl/myProject/debug/os_dbg.o
OSDebugInit                                       C:/Users/hjroyal/Desktop/tm4c123gxl/myProject/debug/os_dbg.o
                                                  C:/Users/hjroyal/Desktop/tm4c123gxl/myProject/debug/os_core.o
OSEndiannessTest                                  C:/Users/hjroyal/Desktop/tm4c123gxl/myProject/debug/os_dbg.o
OSEventEn                                         C:/Users/hjroyal/Desktop/tm4c123gxl/myProject/debug/os_dbg.o
OSEventFreeList                                   C:/Users/hjroyal/Desktop/tm4c123gxl/myProject/debug/os_core.o
                                                  C:/Users/hjroyal/Desktop/tm4c123gxl/myProject/debug/os_sem.o
                                                  C:/Users/hjroyal/Desktop/tm4c123gxl/myProject/debug/os_q.o